dhcp.c:197:1:dhcp_handle_nak	24	static
dhcp.c:225:1:dhcp_check	24	static
dhcp.c:252:1:dhcp_handle_offer	24	static
dhcp.c:283:1:dhcp_select	32	static
dhcp.c:337:1:dhcp_coarse_tmr	16	static
dhcp.c:369:1:dhcp_fine_tmr	16	static
dhcp.c:402:1:dhcp_timeout	24	static
dhcp.c:465:1:dhcp_t1_timeout	24	static
dhcp.c:487:1:dhcp_t2_timeout	24	static
dhcp.c:508:1:dhcp_handle_ack	24	static
dhcp.c:587:1:dhcp_set_struct	16	static
dhcp.c:606:6:dhcp_cleanup	16	static
dhcp.c:629:1:dhcp_start	24	static
dhcp.c:712:1:dhcp_inform	96	static
dhcp.c:766:1:dhcp_network_changed	24	static
dhcp.c:803:6:dhcp_arp_reply	16	static
dhcp.c:832:1:dhcp_decline	32	static
dhcp.c:872:1:dhcp_discover	32	static
dhcp.c:927:1:dhcp_bind	40	static
dhcp.c:1022:1:dhcp_renew	32	static
dhcp.c:1076:1:dhcp_rebind	32	static
dhcp.c:1126:1:dhcp_reboot	32	static
dhcp.c:1168:1:dhcp_release	32	static
dhcp.c:1220:1:dhcp_stop	24	static
dhcp.c:1253:1:dhcp_set_state	16	static
dhcp.c:1268:1:dhcp_option	16	static
dhcp.c:1279:1:dhcp_option_byte	16	static
dhcp.c:1286:1:dhcp_option_short	24	static
dhcp.c:1294:1:dhcp_option_long	24	static
dhcp.c:1305:1:dhcp_option_hostname	32	static
dhcp.c:1337:1:dhcp_parse_reply	64	static
dhcp.c:1537:1:dhcp_recv	48	static
dhcp.c:1641:1:dhcp_create_msg	40	static
dhcp.c:1735:1:dhcp_delete_msg	16	static
dhcp.c:1756:1:dhcp_option_trailer	16	static
