tcp.c:130:1:tcp_init	4	static
tcp.c:141:1:tcp_tmr	8	static
tcp.c:170:1:tcp_close_shutdown	40	static
tcp.c:285:1:tcp_close	16	static
tcp.c:313:1:tcp_shutdown	24	static
tcp.c:357:1:tcp_abandon	40	static
tcp.c:413:1:tcp_abort	16	static
tcp.c:433:1:tcp_bind	40	static
tcp.c:494:1:tcp_accept_null	24	static
tcp.c:519:1:tcp_listen_with_backlog	24	static
tcp.c:579:7:tcp_update_rcv_ann_wnd	24	static
tcp.c:611:1:tcp_recved	24	static
tcp.c:647:1:tcp_new_port	16	static
tcp.c:684:1:tcp_connect	40	static
tcp.c:788:1:tcp_slowtmr	56	static
tcp.c:1046:1:tcp_fasttmr	16	static
tcp.c:1085:1:tcp_process_refused_data	32	static
tcp.c:1128:1:tcp_segs_free	24	static
tcp.c:1143:1:tcp_seg_free	16	static
tcp.c:1163:1:tcp_setprio	16	static
tcp.c:1177:1:tcp_seg_copy	24	static
tcp.c:1197:1:tcp_recv_null	24	static
tcp.c:1217:1:tcp_kill_prio	32	static
tcp.c:1250:1:tcp_kill_timewait	24	static
tcp.c:1278:1:tcp_alloc	24	static
tcp.c:1363:1:tcp_new	8	static
tcp.c:1376:1:tcp_arg	16	static
tcp.c:1392:1:tcp_recv	16	static
tcp.c:1406:1:tcp_sent	16	static
tcp.c:1421:1:tcp_err	16	static
tcp.c:1436:1:tcp_accept	16	static
tcp.c:1452:1:tcp_poll	24	static
tcp.c:1470:1:tcp_pcb_purge	16	static
tcp.c:1538:1:tcp_pcb_remove	16	static
tcp.c:1571:1:tcp_next_iss	4	static
tcp.c:1586:1:tcp_eff_send_mss	24	static
tcp.c:1605:1:tcp_debug_state_str	16	static
