core_cm3.h:1335:22:NVIC_DisableIRQ	16	static
enet_17xx_40xx.h:516:20:Chip_ENET_SetADDR	16	static
enet_17xx_40xx.h:580:20:Chip_ENET_TXEnable	16	static
enet_17xx_40xx.h:601:20:Chip_ENET_RXEnable	16	static
enet_17xx_40xx.h:613:20:Chip_ENET_RXDisable	16	static
enet_17xx_40xx.h:634:20:Chip_ENET_ResetRXLogic	16	static
enet_17xx_40xx.h:645:20:Chip_ENET_EnableRXFilter	16	static
enet_17xx_40xx.h:681:20:Chip_ENET_Set100Mbps	16	static
enet_17xx_40xx.h:691:20:Chip_ENET_Set10Mbps	16	static
enet_17xx_40xx.h:725:24:Chip_ENET_GetTXProduceIndex	16	static
enet_17xx_40xx.h:735:24:Chip_ENET_GetTXConsumeIndex	16	static
enet_17xx_40xx.h:755:24:Chip_ENET_GetRXConsumeIndex	16	static
enet_17xx_40xx.h:790:24:Chip_ENET_GetFreeDescNum	32	static
enet_17xx_40xx.h:815:20:Chip_ENET_IsRxEmpty	24	static
enet_17xx_40xx.h:841:20:Chip_ENET_EnableInt	16	static
enet_17xx_40xx.h:862:24:Chip_ENET_GetIntStatus	16	static
enet_17xx_40xx.h:873:20:Chip_ENET_ClearIntStatus	16	static
lpc17xx_40xx_emac.c:142:13:lpc_rxqueue_pbuf	24	static
lpc17xx_40xx_emac.c:174:14:lpc_rx_setup	16	static
lpc17xx_40xx_emac.c:189:21:lpc_low_level_input	32	static
lpc17xx_40xx_emac.c:324:14:lpc_packet_addr_notsafe	16	static
lpc17xx_40xx_emac.c:347:14:lpc_tx_setup	24	static
lpc17xx_40xx_emac.c:366:13:lpc_tx_reclaim_st	16	static
lpc17xx_40xx_emac.c:400:14:lpc_low_level_output	48	static
lpc17xx_40xx_emac.c:596:14:low_level_init	24	static
lpc17xx_40xx_emac.c:650:14:lpc_etharp_output	24	static
lpc17xx_40xx_emac.c:665:7:lpc_rx_queue	32	static
lpc17xx_40xx_emac.c:700:6:lpc_enetif_input	24	static
lpc17xx_40xx_emac.c:738:6:lpc_tx_reclaim	24	static
lpc17xx_40xx_emac.c:745:7:lpc_tx_ready	24	static
lpc17xx_40xx_emac.c:761:6:ETH_IRQHandler	8	static
lpc17xx_40xx_emac.c:799:6:lpc_emac_set_duplex	16	static
lpc17xx_40xx_emac.c:810:6:lpc_emac_set_speed	16	static
lpc17xx_40xx_emac.c:821:7:lpc_enetif_init	24	static
