Archive member included to satisfy reference by file (symbol)

/home/takis/Identities/takiszourntos/teaching/lambton/2019/fall/ese3025/RTOS/lpc_board_nxp_lpcxpresso_1769/Debug/liblpc_board_nxp_lpcxpresso_1769.a(board.o)
                              ./example/src/uart_rb.o (Board_UART_Init)
/home/takis/Identities/takiszourntos/teaching/lambton/2019/fall/ese3025/RTOS/lpc_board_nxp_lpcxpresso_1769/Debug/liblpc_board_nxp_lpcxpresso_1769.a(board_sysinit.o)
                              ./example/src/sysinit.o (Board_SystemInit)
/home/takis/Identities/takiszourntos/teaching/lambton/2019/fall/ese3025/RTOS/lpc_chip_175x_6x/Debug/liblpc_chip_175x_6x.a(chip_17xx_40xx.o)
                              ./example/src/uart_rb.o (SystemCoreClockUpdate)
/home/takis/Identities/takiszourntos/teaching/lambton/2019/fall/ese3025/RTOS/lpc_chip_175x_6x/Debug/liblpc_chip_175x_6x.a(clock_17xx_40xx.o)
                              /home/takis/Identities/takiszourntos/teaching/lambton/2019/fall/ese3025/RTOS/lpc_chip_175x_6x/Debug/liblpc_chip_175x_6x.a(chip_17xx_40xx.o) (Chip_Clock_EnablePLL)
/home/takis/Identities/takiszourntos/teaching/lambton/2019/fall/ese3025/RTOS/lpc_chip_175x_6x/Debug/liblpc_chip_175x_6x.a(i2s_17xx_40xx.o)
                              /home/takis/Identities/takiszourntos/teaching/lambton/2019/fall/ese3025/RTOS/lpc_board_nxp_lpcxpresso_1769/Debug/liblpc_board_nxp_lpcxpresso_1769.a(board.o) (Chip_I2S_Init)
/home/takis/Identities/takiszourntos/teaching/lambton/2019/fall/ese3025/RTOS/lpc_chip_175x_6x/Debug/liblpc_chip_175x_6x.a(iocon_17xx_40xx.o)
                              /home/takis/Identities/takiszourntos/teaching/lambton/2019/fall/ese3025/RTOS/lpc_board_nxp_lpcxpresso_1769/Debug/liblpc_board_nxp_lpcxpresso_1769.a(board.o) (Chip_IOCON_PinMux)
/home/takis/Identities/takiszourntos/teaching/lambton/2019/fall/ese3025/RTOS/lpc_chip_175x_6x/Debug/liblpc_chip_175x_6x.a(ring_buffer.o)
                              ./example/src/uart_rb.o (RingBuffer_Init)
/home/takis/Identities/takiszourntos/teaching/lambton/2019/fall/ese3025/RTOS/lpc_chip_175x_6x/Debug/liblpc_chip_175x_6x.a(sysinit_17xx_40xx.o)
                              /home/takis/Identities/takiszourntos/teaching/lambton/2019/fall/ese3025/RTOS/lpc_board_nxp_lpcxpresso_1769/Debug/liblpc_board_nxp_lpcxpresso_1769.a(board_sysinit.o) (Chip_SetupXtalClocking)
/home/takis/Identities/takiszourntos/teaching/lambton/2019/fall/ese3025/RTOS/lpc_chip_175x_6x/Debug/liblpc_chip_175x_6x.a(uart_17xx_40xx.o)
                              ./example/src/uart_rb.o (Chip_UART_Init)
/usr/local/mcuxpressoide-11.0.1_2563/ide/plugins/com.nxp.mcuxpresso.tools.linux_11.0.1.201907311258/tools/bin/../lib/gcc/arm-none-eabi/8.2.1/../../../../arm-none-eabi/lib/thumb/v7-m/nofp/libcr_nohost.a(_cr__main.o)
                              ./example/src/cr_startup_lpc175x_6x.o (__main)
/usr/local/mcuxpressoide-11.0.1_2563/ide/plugins/com.nxp.mcuxpresso.tools.linux_11.0.1.201907311258/tools/bin/../lib/gcc/arm-none-eabi/8.2.1/../../../../arm-none-eabi/lib/thumb/v7-m/nofp/libcr_c.a(memcpy.o)
                              /home/takis/Identities/takiszourntos/teaching/lambton/2019/fall/ese3025/RTOS/lpc_board_nxp_lpcxpresso_1769/Debug/liblpc_board_nxp_lpcxpresso_1769.a(board.o) (memcpy)
/usr/local/mcuxpressoide-11.0.1_2563/ide/plugins/com.nxp.mcuxpresso.tools.linux_11.0.1.201907311258/tools/bin/../lib/gcc/arm-none-eabi/8.2.1/../../../../arm-none-eabi/lib/thumb/v7-m/nofp/libcr_c.a(initio.o)
                              /usr/local/mcuxpressoide-11.0.1_2563/ide/plugins/com.nxp.mcuxpresso.tools.linux_11.0.1.201907311258/tools/bin/../lib/gcc/arm-none-eabi/8.2.1/../../../../arm-none-eabi/lib/thumb/v7-m/nofp/libcr_nohost.a(_cr__main.o) (_initio)
/usr/local/mcuxpressoide-11.0.1_2563/ide/plugins/com.nxp.mcuxpresso.tools.linux_11.0.1.201907311258/tools/bin/../lib/gcc/arm-none-eabi/8.2.1/../../../../arm-none-eabi/lib/thumb/v7-m/nofp/libcr_c.a(setvbuf.o)
                              /usr/local/mcuxpressoide-11.0.1_2563/ide/plugins/com.nxp.mcuxpresso.tools.linux_11.0.1.201907311258/tools/bin/../lib/gcc/arm-none-eabi/8.2.1/../../../../arm-none-eabi/lib/thumb/v7-m/nofp/libcr_c.a(initio.o) (setvbuf)
/usr/local/mcuxpressoide-11.0.1_2563/ide/plugins/com.nxp.mcuxpresso.tools.linux_11.0.1.201907311258/tools/bin/../lib/gcc/arm-none-eabi/8.2.1/../../../../arm-none-eabi/lib/thumb/v7-m/nofp/libcr_c.a(_fdopen.o)
                              /usr/local/mcuxpressoide-11.0.1_2563/ide/plugins/com.nxp.mcuxpresso.tools.linux_11.0.1.201907311258/tools/bin/../lib/gcc/arm-none-eabi/8.2.1/../../../../arm-none-eabi/lib/thumb/v7-m/nofp/libcr_c.a(initio.o) (_fdopen)
/usr/local/mcuxpressoide-11.0.1_2563/ide/plugins/com.nxp.mcuxpresso.tools.linux_11.0.1.201907311258/tools/bin/../lib/gcc/arm-none-eabi/8.2.1/../../../../arm-none-eabi/lib/thumb/v7-m/nofp/libcr_c.a(fclose.o)
[...]
Memory Configuration

Name             Origin             Length             Attributes
MFlash512        0x0000000000000000 0x0000000000080000 xr
RamLoc32         0x0000000010000000 0x0000000000008000 xrw
RamAHB32         0x000000002007c000 0x0000000000008000 xrw
*default*        0x0000000000000000 0xffffffffffffffff

Linker script and memory map

LOAD ./example/src/cr_startup_lpc175x_6x.o
LOAD ./example/src/sysinit.o
LOAD ./example/src/uart_rb.o
LOAD /home/takis/Identities/takiszourntos/teaching/lambton/2019/fall/ese3025/RTOS/lpc_board_nxp_lpcxpresso_1769/Debug/liblpc_board_nxp_lpcxpresso_1769.a
LOAD /home/takis/Identities/takiszourntos/teaching/lambton/2019/fall/ese3025/RTOS/lpc_chip_175x_6x/Debug/liblpc_chip_175x_6x.a
START GROUP
LOAD /usr/local/mcuxpressoide-11.0.1_2563/ide/plugins/com.nxp.mcuxpresso.tools.linux_11.0.1.201907311258/tools/bin/../lib/gcc/arm-none-eabi/8.2.1/../../../../arm-none-eabi/lib/thumb/v7-m/nofp/libcr_nohost.a
LOAD /usr/local/mcuxpressoide-11.0.1_2563/ide/plugins/com.nxp.mcuxpresso.tools.linux_11.0.1.201907311258/tools/bin/../lib/gcc/arm-none-eabi/8.2.1/../../../../arm-none-eabi/lib/thumb/v7-m/nofp/libcr_c.a
LOAD /usr/local/mcuxpressoide-11.0.1_2563/ide/plugins/com.nxp.mcuxpresso.tools.linux_11.0.1.201907311258/tools/bin/../lib/gcc/arm-none-eabi/8.2.1/thumb/v7-m/nofp/libcr_eabihelpers.a
LOAD /usr/local/mcuxpressoide-11.0.1_2563/ide/plugins/com.nxp.mcuxpresso.tools.linux_11.0.1.201907311258/tools/bin/../lib/gcc/arm-none-eabi/8.2.1/thumb/v7-m/nofp/libgcc.a
END GROUP
                0x0000000000000000                __base_MFlash512 = 0x0
                0x0000000000000000                __base_Flash = 0x0
                0x0000000000080000                __top_MFlash512 = 0x80000
                0x0000000000080000                __top_Flash = 0x80000
                0x0000000010000000                __base_RamLoc32 = 0x10000000
                0x0000000010000000                __base_RAM = 0x10000000
                0x0000000010008000                __top_RamLoc32 = 0x10008000
                0x0000000010008000                __top_RAM = 0x10008000
                0x000000002007c000                __base_RamAHB32 = 0x2007c000
                0x000000002007c000                __base_RAM2 = 0x2007c000
                0x0000000020084000                __top_RamAHB32 = 0x20084000
                0x0000000020084000                __top_RAM2 = 0x20084000

.text           0x0000000000000000     0x1efc
 FILL mask 0xff
                0x0000000000000000                __vectors_start__ = ABSOLUTE (.)
 *(.isr_vector)
 .isr_vector    0x0000000000000000       0xcc ./example/src/cr_startup_lpc175x_6x.o
                0x0000000000000000                g_pfnVectors
                0x00000000000000cc                . = ALIGN (0x4)
                0x00000000000000cc                __section_table_start = .
                0x00000000000000cc                __data_section_table = .
                0x00000000000000cc        0x4 LONG 0x1efc LOADADDR (.data)
                0x00000000000000d0        0x4 LONG 0x10000000 ADDR (.data)
                0x00000000000000d4        0x4 LONG 0x0 SIZEOF (.data)
                0x00000000000000d8        0x4 LONG 0x1efc LOADADDR (.data_RAM2)
                0x00000000000000dc        0x4 LONG 0x2007c000 ADDR (.data_RAM2)
                0x00000000000000e0        0x4 LONG 0x0 SIZEOF (.data_RAM2)
                0x00000000000000e4                __data_section_table_end = .
                0x00000000000000e4                __bss_section_table = .
                0x00000000000000e4        0x4 LONG 0x10000000 ADDR (.bss)
                0x00000000000000e8        0x4 LONG 0x2b4 SIZEOF (.bss)
                0x00000000000000ec        0x4 LONG 0x2007c000 ADDR (.bss_RAM2)
                0x00000000000000f0        0x4 LONG 0x0 SIZEOF (.bss_RAM2)
                0x00000000000000f4                __bss_section_table_end = .
                0x00000000000000f4                __section_table_end = .
 *(.after_vectors*)
 .after_vectors
                0x00000000000000f4      0x12c ./example/src/cr_startup_lpc175x_6x.o
                0x00000000000000f4                data_init
                0x0000000000000136                bss_init
                0x000000000000016c                ResetISR
                0x00000000000001e4                NMI_Handler
                0x00000000000001ea                HardFault_Handler
                0x00000000000001f0                MemManage_Handler
                0x00000000000001f6                BusFault_Handler
                0x00000000000001fc                UsageFault_Handler
                0x0000000000000202                SVC_Handler
                0x0000000000000208                DebugMon_Handler
                0x000000000000020e                PendSV_Handler
                0x0000000000000214                SysTick_Handler
                0x000000000000021a                TIMER2_IRQHandler
                0x000000000000021a                RIT_IRQHandler
                0x000000000000021a                I2C0_IRQHandler
                0x000000000000021a                USBActivity_IRQHandler
                0x000000000000021a                PWM1_IRQHandler
                0x000000000000021a                I2C1_IRQHandler
                0x000000000000021a                EINT2_IRQHandler
                0x000000000000021a                UART1_IRQHandler
                0x000000000000021a                EINT3_IRQHandler
                0x000000000000021a                CANActivity_IRQHandler
                0x000000000000021a                TIMER3_IRQHandler
                0x000000000000021a                UART0_IRQHandler
                0x000000000000021a                IntDefaultHandler
                0x000000000000021a                PLL0_IRQHandler
                0x000000000000021a                CAN_IRQHandler
                0x000000000000021a                PLL1_IRQHandler
                0x000000000000021a                SSP0_IRQHandler
                0x000000000000021a                I2S_IRQHandler
                0x000000000000021a                I2C2_IRQHandler
                0x000000000000021a                RTC_IRQHandler
                0x000000000000021a                TIMER0_IRQHandler
                0x000000000000021a                SPI_IRQHandler
                0x000000000000021a                EINT1_IRQHandler
                0x000000000000021a                TIMER1_IRQHandler
                0x000000000000021a                UART2_IRQHandler
                0x000000000000021a                ADC_IRQHandler
                0x000000000000021a                SSP1_IRQHandler
                0x000000000000021a                USB_IRQHandler
                0x000000000000021a                BOD_IRQHandler
                0x000000000000021a                WDT_IRQHandler
                0x000000000000021a                QEI_IRQHandler
                0x000000000000021a                EINT0_IRQHandler
                0x000000000000021a                ETH_IRQHandler
                0x000000000000021a                DMA_IRQHandler
                0x000000000000021a                MCPWM_IRQHandler
 *(.text*)
 .text.SystemInit
                0x0000000000000220       0x24 ./example/src/sysinit.o
                0x0000000000000220                SystemInit
 .text.NVIC_EnableIRQ
                0x0000000000000244       0x30 ./example/src/uart_rb.o
 .text.NVIC_DisableIRQ
                0x0000000000000274       0x34 ./example/src/uart_rb.o
 .text.NVIC_SetPriority
                0x00000000000002a8       0x54 ./example/src/uart_rb.o
 .text.Chip_UART_IntEnable
                0x00000000000002fc       0x20 ./example/src/uart_rb.o
 .text.Chip_UART_SetupFIFOS
                0x000000000000031c       0x1a ./example/src/uart_rb.o
 .text.Chip_UART_ConfigData
                0x0000000000000336       0x1a ./example/src/uart_rb.o
 .text.UART3_IRQHandler
                0x0000000000000350       0x20 ./example/src/uart_rb.o
                0x0000000000000350                UART3_IRQHandler
 .text.main     0x0000000000000370       0xfc ./example/src/uart_rb.o
                0x0000000000000370                main
 .text.Chip_IOCON_Init
                0x000000000000046c       0x16 /home/takis/Identities/takiszourntos/teaching/lambton/2019/fall/ese3025/RTOS/lpc_board_nxp_lpcxpresso_1769/Debug/liblpc_board_nxp_lpcxpresso_1769.a(board.o)
 .text.Chip_GPIO_Init
                0x0000000000000482       0x16 /home/takis/Identities/takiszourntos/teaching/lambton/2019/fall/ese3025/RTOS/lpc_board_nxp_lpcxpresso_1769/Debug/liblpc_board_nxp_lpcxpresso_1769.a(board.o)
 .text.Chip_GPIO_SetPinState
                0x0000000000000498       0x64 /home/takis/Identities/takiszourntos/teaching/lambton/2019/fall/ese3025/RTOS/lpc_board_nxp_lpcxpresso_1769/Debug/liblpc_board_nxp_lpcxpresso_1769.a(board.o)
 .text.Chip_GPIO_WritePortBit
                0x00000000000004fc       0x2c /home/takis/Identities/takiszourntos/teaching/lambton/2019/fall/ese3025/RTOS/lpc_board_nxp_lpcxpresso_1769/Debug/liblpc_board_nxp_lpcxpresso_1769.a(board.o)
 .text.Chip_GPIO_GetPinState
                0x0000000000000528       0x38 /home/takis/Identities/takiszourntos/teaching/lambton/2019/fall/ese3025/RTOS/lpc_board_nxp_lpcxpresso_1769/Debug/liblpc_board_nxp_lpcxpresso_1769.a(board.o)
 .text.Chip_GPIO_ReadPortBit
                0x0000000000000560       0x26 /home/takis/Identities/takiszourntos/teaching/lambton/2019/fall/ese3025/RTOS/lpc_board_nxp_lpcxpresso_1769/Debug/liblpc_board_nxp_lpcxpresso_1769.a(board.o)
 .text.Chip_GPIO_SetPinDIROutput
                0x0000000000000586       0x36 /home/takis/Identities/takiszourntos/teaching/lambton/2019/fall/ese3025/RTOS/lpc_board_nxp_lpcxpresso_1769/Debug/liblpc_board_nxp_lpcxpresso_1769.a(board.o)
 .text.Chip_GPIO_SetPinDIRInput
                0x00000000000005bc       0x3a /home/takis/Identities/takiszourntos/teaching/lambton/2019/fall/ese3025/RTOS/lpc_board_nxp_lpcxpresso_1769/Debug/liblpc_board_nxp_lpcxpresso_1769.a(board.o)
 .text.Chip_GPIO_SetPinDIR
                0x00000000000005f6       0x42 /home/takis/Identities/takiszourntos/teaching/lambton/2019/fall/ese3025/RTOS/lpc_board_nxp_lpcxpresso_1769/Debug/liblpc_board_nxp_lpcxpresso_1769.a(board.o)
 .text.Chip_GPIO_WriteDirBit
                0x0000000000000638       0x2e /home/takis/Identities/takiszourntos/teaching/lambton/2019/fall/ese3025/RTOS/lpc_board_nxp_lpcxpresso_1769/Debug/liblpc_board_nxp_lpcxpresso_1769.a(board.o)
 .text.Chip_UART_SendByte
                0x0000000000000666       0x1c /home/takis/Identities/takiszourntos/teaching/lambton/2019/fall/ese3025/RTOS/lpc_board_nxp_lpcxpresso_1769/Debug/liblpc_board_nxp_lpcxpresso_1769.a(board.o)
 .text.Chip_UART_ConfigData
                0x0000000000000682       0x1a /home/takis/Identities/takiszourntos/teaching/lambton/2019/fall/ese3025/RTOS/lpc_board_nxp_lpcxpresso_1769/Debug/liblpc_board_nxp_lpcxpresso_1769.a(board.o)
 .text.Chip_UART_ReadLineStatus
                0x000000000000069c       0x16 /home/takis/Identities/takiszourntos/teaching/lambton/2019/fall/ese3025/RTOS/lpc_board_nxp_lpcxpresso_1769/Debug/liblpc_board_nxp_lpcxpresso_1769.a(board.o)
 .text.__sys_write
                0x00000000000006b2       0x38 /home/takis/Identities/takiszourntos/teaching/lambton/2019/fall/ese3025/RTOS/lpc_board_nxp_lpcxpresso_1769/Debug/liblpc_board_nxp_lpcxpresso_1769.a(board.o)
                0x00000000000006b2                __sys_write
 *fill*         0x00000000000006ea        0x2 ff
 .text.Board_LED_Init
                0x00000000000006ec       0x30 /home/takis/Identities/takiszourntos/teaching/lambton/2019/fall/ese3025/RTOS/lpc_board_nxp_lpcxpresso_1769/Debug/liblpc_board_nxp_lpcxpresso_1769.a(board.o)
 .text.Board_UART_Init
                0x000000000000071c       0x12 /home/takis/Identities/takiszourntos/teaching/lambton/2019/fall/ese3025/RTOS/lpc_board_nxp_lpcxpresso_1769/Debug/liblpc_board_nxp_lpcxpresso_1769.a(board.o)
                0x000000000000071c                Board_UART_Init
 *fill*         0x000000000000072e        0x2 ff
 .text.Board_Debug_Init
                0x0000000000000730       0x30 /home/takis/Identities/takiszourntos/teaching/lambton/2019/fall/ese3025/RTOS/lpc_board_nxp_lpcxpresso_1769/Debug/liblpc_board_nxp_lpcxpresso_1769.a(board.o)
                0x0000000000000730                Board_Debug_Init
 .text.Board_UARTPutChar
                0x0000000000000760       0x34 /home/takis/Identities/takiszourntos/teaching/lambton/2019/fall/ese3025/RTOS/lpc_board_nxp_lpcxpresso_1769/Debug/liblpc_board_nxp_lpcxpresso_1769.a(board.o)
                0x0000000000000760                Board_UARTPutChar
 .text.Board_LED_Set
                0x0000000000000794       0x68 /home/takis/Identities/takiszourntos/teaching/lambton/2019/fall/ese3025/RTOS/lpc_board_nxp_lpcxpresso_1769/Debug/liblpc_board_nxp_lpcxpresso_1769.a(board.o)
                0x0000000000000794                Board_LED_Set
 .text.Board_LED_Test
                0x00000000000007fc       0x5c /home/takis/Identities/takiszourntos/teaching/lambton/2019/fall/ese3025/RTOS/lpc_board_nxp_lpcxpresso_1769/Debug/liblpc_board_nxp_lpcxpresso_1769.a(board.o)
                0x00000000000007fc                Board_LED_Test
 .text.Board_LED_Toggle
                0x0000000000000858       0x4e /home/takis/Identities/takiszourntos/teaching/lambton/2019/fall/ese3025/RTOS/lpc_board_nxp_lpcxpresso_1769/Debug/liblpc_board_nxp_lpcxpresso_1769.a(board.o)
                0x0000000000000858                Board_LED_Toggle
 *fill*         0x00000000000008a6        0x2 ff
 .text.Board_Init
                0x00000000000008a8       0x24 /home/takis/Identities/takiszourntos/teaching/lambton/2019/fall/ese3025/RTOS/lpc_board_nxp_lpcxpresso_1769/Debug/liblpc_board_nxp_lpcxpresso_1769.a(board.o)
                0x00000000000008a8                Board_Init
 .text.Chip_SYSCTL_SetFLASHAccess
                0x00000000000008cc       0x30 /home/takis/Identities/takiszourntos/teaching/lambton/2019/fall/ese3025/RTOS/lpc_board_nxp_lpcxpresso_1769/Debug/liblpc_board_nxp_lpcxpresso_1769.a(board_sysinit.o)
 .text.Board_SetupMuxing
                0x00000000000008fc       0x1c /home/takis/Identities/takiszourntos/teaching/lambton/2019/fall/ese3025/RTOS/lpc_board_nxp_lpcxpresso_1769/Debug/liblpc_board_nxp_lpcxpresso_1769.a(board_sysinit.o)
                0x00000000000008fc                Board_SetupMuxing
 .text.Board_SetupClocking
                0x0000000000000918       0x12 /home/takis/Identities/takiszourntos/teaching/lambton/2019/fall/ese3025/RTOS/lpc_board_nxp_lpcxpresso_1769/Debug/liblpc_board_nxp_lpcxpresso_1769.a(board_sysinit.o)
                0x0000000000000918                Board_SetupClocking
 .text.Board_SystemInit
                0x000000000000092a       0x10 /home/takis/Identities/takiszourntos/teaching/lambton/2019/fall/ese3025/RTOS/lpc_board_nxp_lpcxpresso_1769/Debug/liblpc_board_nxp_lpcxpresso_1769.a(board_sysinit.o)
                0x000000000000092a                Board_SystemInit
 *fill*         0x000000000000093a        0x2 ff
 .text.SystemCoreClockUpdate
                0x000000000000093c       0x18 /home/takis/Identities/takiszourntos/teaching/lambton/2019/fall/ese3025/RTOS/lpc_chip_175x_6x/Debug/liblpc_chip_175x_6x.a(chip_17xx_40xx.o)
                0x000000000000093c                SystemCoreClockUpdate
 .text.Chip_Clock_IsMainPLLEnabled
                0x0000000000000954       0x24 /home/takis/Identities/takiszourntos/teaching/lambton/2019/fall/ese3025/RTOS/lpc_chip_175x_6x/Debug/liblpc_chip_175x_6x.a(clock_17xx_40xx.o)
 .text.Chip_Clock_IsMainPLLConnected
                0x0000000000000978       0x24 /home/takis/Identities/takiszourntos/teaching/lambton/2019/fall/ese3025/RTOS/lpc_chip_175x_6x/Debug/liblpc_chip_175x_6x.a(clock_17xx_40xx.o)
 .text.Chip_Clock_FeedPLL
                0x000000000000099c       0x34 /home/takis/Identities/takiszourntos/teaching/lambton/2019/fall/ese3025/RTOS/lpc_chip_175x_6x/Debug/liblpc_chip_175x_6x.a(clock_17xx_40xx.o)
 .text.Chip_Clock_GetMainPLLSource
                0x00000000000009d0       0x20 /home/takis/Identities/takiszourntos/teaching/lambton/2019/fall/ese3025/RTOS/lpc_chip_175x_6x/Debug/liblpc_chip_175x_6x.a(clock_17xx_40xx.o)
 .text.Chip_Clock_GetMainOscRate
                0x00000000000009f0       0x14 /home/takis/Identities/takiszourntos/teaching/lambton/2019/fall/ese3025/RTOS/lpc_chip_175x_6x/Debug/liblpc_chip_175x_6x.a(clock_17xx_40xx.o)
 .text.Chip_Clock_GetIntOscRate
                0x0000000000000a04       0x14 /home/takis/Identities/takiszourntos/teaching/lambton/2019/fall/ese3025/RTOS/lpc_chip_175x_6x/Debug/liblpc_chip_175x_6x.a(clock_17xx_40xx.o)
 .text.Chip_Clock_GetRTCOscRate
                0x0000000000000a18       0x14 /home/takis/Identities/takiszourntos/teaching/lambton/2019/fall/ese3025/RTOS/lpc_chip_175x_6x/Debug/liblpc_chip_175x_6x.a(clock_17xx_40xx.o)
 .text.Chip_Clock_GetMainPLLInClockRate
                0x0000000000000a2c        0xe /home/takis/Identities/takiszourntos/teaching/lambton/2019/fall/ese3025/RTOS/lpc_chip_175x_6x/Debug/liblpc_chip_175x_6x.a(clock_17xx_40xx.o)
 *fill*         0x0000000000000a3a        0x2 ff
 .text.Chip_Clock_EnablePLL
                0x0000000000000a3c       0x44 /home/takis/Identities/takiszourntos/teaching/lambton/2019/fall/ese3025/RTOS/lpc_chip_175x_6x/Debug/liblpc_chip_175x_6x.a(clock_17xx_40xx.o)
                0x0000000000000a3c                Chip_Clock_EnablePLL
 .text.Chip_Clock_DisablePLL
                0x0000000000000a80       0x48 /home/takis/Identities/takiszourntos/teaching/lambton/2019/fall/ese3025/RTOS/lpc_chip_175x_6x/Debug/liblpc_chip_175x_6x.a(clock_17xx_40xx.o)
                0x0000000000000a80                Chip_Clock_DisablePLL
 .text.Chip_Clock_SetupPLL
                0x0000000000000ac8       0x5c /home/takis/Identities/takiszourntos/teaching/lambton/2019/fall/ese3025/RTOS/lpc_chip_175x_6x/Debug/liblpc_chip_175x_6x.a(clock_17xx_40xx.o)
                0x0000000000000ac8                Chip_Clock_SetupPLL
 .text.Chip_Clock_EnablePeriphClock
                0x0000000000000b24       0x34 /home/takis/Identities/takiszourntos/teaching/lambton/2019/fall/ese3025/RTOS/lpc_chip_175x_6x/Debug/liblpc_chip_175x_6x.a(clock_17xx_40xx.o)
                0x0000000000000b24                Chip_Clock_EnablePeriphClock
 .text.Chip_Clock_DisablePeriphClock
                0x0000000000000b58       0x38 /home/takis/Identities/takiszourntos/teaching/lambton/2019/fall/ese3025/RTOS/lpc_chip_175x_6x/Debug/liblpc_chip_175x_6x.a(clock_17xx_40xx.o)
                0x0000000000000b58                Chip_Clock_DisablePeriphClock
 .text.Chip_Clock_GetCPUClockSource
                0x0000000000000b90       0x24 /home/takis/Identities/takiszourntos/teaching/lambton/2019/fall/ese3025/RTOS/lpc_chip_175x_6x/Debug/liblpc_chip_175x_6x.a(clock_17xx_40xx.o)
                0x0000000000000b90                Chip_Clock_GetCPUClockSource
 .text.Chip_Clock_SetCPUClockDiv
                0x0000000000000bb4       0x20 /home/takis/Identities/takiszourntos/teaching/lambton/2019/fall/ese3025/RTOS/lpc_chip_175x_6x/Debug/liblpc_chip_175x_6x.a(clock_17xx_40xx.o)
                0x0000000000000bb4                Chip_Clock_SetCPUClockDiv
 .text.Chip_Clock_GetCPUClockDiv
                0x0000000000000bd4       0x1c /home/takis/Identities/takiszourntos/teaching/lambton/2019/fall/ese3025/RTOS/lpc_chip_175x_6x/Debug/liblpc_chip_175x_6x.a(clock_17xx_40xx.o)
                0x0000000000000bd4                Chip_Clock_GetCPUClockDiv
 .text.Chip_Clock_GetPCLKDiv
                0x0000000000000bf0       0x8c /home/takis/Identities/takiszourntos/teaching/lambton/2019/fall/ese3025/RTOS/lpc_chip_175x_6x/Debug/liblpc_chip_175x_6x.a(clock_17xx_40xx.o)
                0x0000000000000bf0                Chip_Clock_GetPCLKDiv
 .text.Chip_Clock_GetSYSCLKRate
                0x0000000000000c7c       0x34 /home/takis/Identities/takiszourntos/teaching/lambton/2019/fall/ese3025/RTOS/lpc_chip_175x_6x/Debug/liblpc_chip_175x_6x.a(clock_17xx_40xx.o)
                0x0000000000000c7c                Chip_Clock_GetSYSCLKRate
 .text.Chip_Clock_GetMainPLLOutClockRate
                0x0000000000000cb0       0x54 /home/takis/Identities/takiszourntos/teaching/lambton/2019/fall/ese3025/RTOS/lpc_chip_175x_6x/Debug/liblpc_chip_175x_6x.a(clock_17xx_40xx.o)
                0x0000000000000cb0                Chip_Clock_GetMainPLLOutClockRate
 .text.Chip_Clock_GetMainClockRate
                0x0000000000000d04       0x28 /home/takis/Identities/takiszourntos/teaching/lambton/2019/fall/ese3025/RTOS/lpc_chip_175x_6x/Debug/liblpc_chip_175x_6x.a(clock_17xx_40xx.o)
                0x0000000000000d04                Chip_Clock_GetMainClockRate
 .text.Chip_Clock_GetSystemClockRate
                0x0000000000000d2c       0x18 /home/takis/Identities/takiszourntos/teaching/lambton/2019/fall/ese3025/RTOS/lpc_chip_175x_6x/Debug/liblpc_chip_175x_6x.a(clock_17xx_40xx.o)
                0x0000000000000d2c                Chip_Clock_GetSystemClockRate
 .text.Chip_Clock_GetPeripheralClockRate
                0x0000000000000d44       0x26 /home/takis/Identities/takiszourntos/teaching/lambton/2019/fall/ese3025/RTOS/lpc_chip_175x_6x/Debug/liblpc_chip_175x_6x.a(clock_17xx_40xx.o)
                0x0000000000000d44                Chip_Clock_GetPeripheralClockRate
 .text.Chip_IOCON_PinMuxSet
                0x0000000000000d6a       0x36 /home/takis/Identities/takiszourntos/teaching/lambton/2019/fall/ese3025/RTOS/lpc_chip_175x_6x/Debug/liblpc_chip_175x_6x.a(iocon_17xx_40xx.o)
                0x0000000000000d6a                Chip_IOCON_PinMuxSet
 .text.Chip_IOCON_PinMux
                0x0000000000000da0       0x94 /home/takis/Identities/takiszourntos/teaching/lambton/2019/fall/ese3025/RTOS/lpc_chip_175x_6x/Debug/liblpc_chip_175x_6x.a(iocon_17xx_40xx.o)
                0x0000000000000da0                Chip_IOCON_PinMux
 .text.Chip_IOCON_SetPinMuxing
                0x0000000000000e34       0x62 /home/takis/Identities/takiszourntos/teaching/lambton/2019/fall/ese3025/RTOS/lpc_chip_175x_6x/Debug/liblpc_chip_175x_6x.a(iocon_17xx_40xx.o)
                0x0000000000000e34                Chip_IOCON_SetPinMuxing
 .text.RingBuffer_GetCount
                0x0000000000000e96       0x20 /home/takis/Identities/takiszourntos/teaching/lambton/2019/fall/ese3025/RTOS/lpc_chip_175x_6x/Debug/liblpc_chip_175x_6x.a(ring_buffer.o)
 .text.RingBuffer_GetFree
                0x0000000000000eb6       0x1e /home/takis/Identities/takiszourntos/teaching/lambton/2019/fall/ese3025/RTOS/lpc_chip_175x_6x/Debug/liblpc_chip_175x_6x.a(ring_buffer.o)
 .text.RingBuffer_IsFull
                0x0000000000000ed4       0x26 /home/takis/Identities/takiszourntos/teaching/lambton/2019/fall/ese3025/RTOS/lpc_chip_175x_6x/Debug/liblpc_chip_175x_6x.a(ring_buffer.o)
 .text.RingBuffer_IsEmpty
                0x0000000000000efa       0x28 /home/takis/Identities/takiszourntos/teaching/lambton/2019/fall/ese3025/RTOS/lpc_chip_175x_6x/Debug/liblpc_chip_175x_6x.a(ring_buffer.o)
 .text.RingBuffer_Init
                0x0000000000000f22       0x3a /home/takis/Identities/takiszourntos/teaching/lambton/2019/fall/ese3025/RTOS/lpc_chip_175x_6x/Debug/liblpc_chip_175x_6x.a(ring_buffer.o)
                0x0000000000000f22                RingBuffer_Init
 .text.RingBuffer_Insert
                0x0000000000000f5c       0x5c /home/takis/Identities/takiszourntos/teaching/lambton/2019/fall/ese3025/RTOS/lpc_chip_175x_6x/Debug/liblpc_chip_175x_6x.a(ring_buffer.o)
                0x0000000000000f5c                RingBuffer_Insert
 .text.RingBuffer_InsertMult
                0x0000000000000fb8      0x122 /home/takis/Identities/takiszourntos/teaching/lambton/2019/fall/ese3025/RTOS/lpc_chip_175x_6x/Debug/liblpc_chip_175x_6x.a(ring_buffer.o)
                0x0000000000000fb8                RingBuffer_InsertMult
 .text.RingBuffer_Pop
                0x00000000000010da       0x5c /home/takis/Identities/takiszourntos/teaching/lambton/2019/fall/ese3025/RTOS/lpc_chip_175x_6x/Debug/liblpc_chip_175x_6x.a(ring_buffer.o)
                0x00000000000010da                RingBuffer_Pop
 .text.RingBuffer_PopMult
                0x0000000000001136      0x122 /home/takis/Identities/takiszourntos/teaching/lambton/2019/fall/ese3025/RTOS/lpc_chip_175x_6x/Debug/liblpc_chip_175x_6x.a(ring_buffer.o)
                0x0000000000001136                RingBuffer_PopMult
 .text.Chip_Clock_IsMainPLLEnabled
                0x0000000000001258       0x24 /home/takis/Identities/takiszourntos/teaching/lambton/2019/fall/ese3025/RTOS/lpc_chip_175x_6x/Debug/liblpc_chip_175x_6x.a(sysinit_17xx_40xx.o)
 .text.Chip_Clock_IsMainPLLLocked
                0x000000000000127c       0x24 /home/takis/Identities/takiszourntos/teaching/lambton/2019/fall/ese3025/RTOS/lpc_chip_175x_6x/Debug/liblpc_chip_175x_6x.a(sysinit_17xx_40xx.o)
 .text.Chip_Clock_IsMainPLLConnected
                0x00000000000012a0       0x24 /home/takis/Identities/takiszourntos/teaching/lambton/2019/fall/ese3025/RTOS/lpc_chip_175x_6x/Debug/liblpc_chip_175x_6x.a(sysinit_17xx_40xx.o)
 .text.Chip_Clock_EnableCrystal
                0x00000000000012c4       0x20 /home/takis/Identities/takiszourntos/teaching/lambton/2019/fall/ese3025/RTOS/lpc_chip_175x_6x/Debug/liblpc_chip_175x_6x.a(sysinit_17xx_40xx.o)
 .text.Chip_Clock_IsCrystalEnabled
                0x00000000000012e4       0x24 /home/takis/Identities/takiszourntos/teaching/lambton/2019/fall/ese3025/RTOS/lpc_chip_175x_6x/Debug/liblpc_chip_175x_6x.a(sysinit_17xx_40xx.o)
 .text.Chip_Clock_SetMainPLLSource
                0x0000000000001308       0x20 /home/takis/Identities/takiszourntos/teaching/lambton/2019/fall/ese3025/RTOS/lpc_chip_175x_6x/Debug/liblpc_chip_175x_6x.a(sysinit_17xx_40xx.o)
 .text.Chip_SetupXtalClocking
                0x0000000000001328       0x90 /home/takis/Identities/takiszourntos/teaching/lambton/2019/fall/ese3025/RTOS/lpc_chip_175x_6x/Debug/liblpc_chip_175x_6x.a(sysinit_17xx_40xx.o)
                0x0000000000001328                Chip_SetupXtalClocking
 .text.RingBuffer_IsEmpty
                0x00000000000013b8       0x28 /home/takis/Identities/takiszourntos/teaching/lambton/2019/fall/ese3025/RTOS/lpc_chip_175x_6x/Debug/liblpc_chip_175x_6x.a(uart_17xx_40xx.o)
 .text.Chip_UART_SendByte
                0x00000000000013e0       0x1c /home/takis/Identities/takiszourntos/teaching/lambton/2019/fall/ese3025/RTOS/lpc_chip_175x_6x/Debug/liblpc_chip_175x_6x.a(uart_17xx_40xx.o)
 .text.Chip_UART_ReadByte
                0x00000000000013fc       0x18 /home/takis/Identities/takiszourntos/teaching/lambton/2019/fall/ese3025/RTOS/lpc_chip_175x_6x/Debug/liblpc_chip_175x_6x.a(uart_17xx_40xx.o)
 .text.Chip_UART_IntEnable
                0x0000000000001414       0x20 /home/takis/Identities/takiszourntos/teaching/lambton/2019/fall/ese3025/RTOS/lpc_chip_175x_6x/Debug/liblpc_chip_175x_6x.a(uart_17xx_40xx.o)
 .text.Chip_UART_IntDisable
                0x0000000000001434       0x22 /home/takis/Identities/takiszourntos/teaching/lambton/2019/fall/ese3025/RTOS/lpc_chip_175x_6x/Debug/liblpc_chip_175x_6x.a(uart_17xx_40xx.o)
 .text.Chip_UART_ReadIntIDReg
                0x0000000000001456       0x16 /home/takis/Identities/takiszourntos/teaching/lambton/2019/fall/ese3025/RTOS/lpc_chip_175x_6x/Debug/liblpc_chip_175x_6x.a(uart_17xx_40xx.o)
 .text.Chip_UART_SetupFIFOS
                0x000000000000146c       0x1a /home/takis/Identities/takiszourntos/teaching/lambton/2019/fall/ese3025/RTOS/lpc_chip_175x_6x/Debug/liblpc_chip_175x_6x.a(uart_17xx_40xx.o)
 .text.Chip_UART_ConfigData
                0x0000000000001486       0x1a /home/takis/Identities/takiszourntos/teaching/lambton/2019/fall/ese3025/RTOS/lpc_chip_175x_6x/Debug/liblpc_chip_175x_6x.a(uart_17xx_40xx.o)
 .text.Chip_UART_EnableDivisorAccess
                0x00000000000014a0       0x1e /home/takis/Identities/takiszourntos/teaching/lambton/2019/fall/ese3025/RTOS/lpc_chip_175x_6x/Debug/liblpc_chip_175x_6x.a(uart_17xx_40xx.o)
 .text.Chip_UART_DisableDivisorAccess
                0x00000000000014be       0x1e /home/takis/Identities/takiszourntos/teaching/lambton/2019/fall/ese3025/RTOS/lpc_chip_175x_6x/Debug/liblpc_chip_175x_6x.a(uart_17xx_40xx.o)
 .text.Chip_UART_SetDivisorLatches
                0x00000000000014dc       0x26 /home/takis/Identities/takiszourntos/teaching/lambton/2019/fall/ese3025/RTOS/lpc_chip_175x_6x/Debug/liblpc_chip_175x_6x.a(uart_17xx_40xx.o)
 .text.Chip_UART_ReadLineStatus
                0x0000000000001502       0x16 /home/takis/Identities/takiszourntos/teaching/lambton/2019/fall/ese3025/RTOS/lpc_chip_175x_6x/Debug/liblpc_chip_175x_6x.a(uart_17xx_40xx.o)
 .text.Chip_UART_SetAutoBaudReg
                0x0000000000001518       0x20 /home/takis/Identities/takiszourntos/teaching/lambton/2019/fall/ese3025/RTOS/lpc_chip_175x_6x/Debug/liblpc_chip_175x_6x.a(uart_17xx_40xx.o)
 .text.Chip_UART_GetClockIndex
                0x0000000000001538       0x50 /home/takis/Identities/takiszourntos/teaching/lambton/2019/fall/ese3025/RTOS/lpc_chip_175x_6x/Debug/liblpc_chip_175x_6x.a(uart_17xx_40xx.o)
 .text.Chip_UART_ABIntHandler
                0x0000000000001588       0x6c /home/takis/Identities/takiszourntos/teaching/lambton/2019/fall/ese3025/RTOS/lpc_chip_175x_6x/Debug/liblpc_chip_175x_6x.a(uart_17xx_40xx.o)
 .text.Chip_UART_GetClkIndex
                0x00000000000015f4       0x50 /home/takis/Identities/takiszourntos/teaching/lambton/2019/fall/ese3025/RTOS/lpc_chip_175x_6x/Debug/liblpc_chip_175x_6x.a(uart_17xx_40xx.o)
 .text.Chip_UART_Init
                0x0000000000001644       0x78 /home/takis/Identities/takiszourntos/teaching/lambton/2019/fall/ese3025/RTOS/lpc_chip_175x_6x/Debug/liblpc_chip_175x_6x.a(uart_17xx_40xx.o)
                0x0000000000001644                Chip_UART_Init
 .text.Chip_UART_DeInit
                0x00000000000016bc       0x24 /home/takis/Identities/takiszourntos/teaching/lambton/2019/fall/ese3025/RTOS/lpc_chip_175x_6x/Debug/liblpc_chip_175x_6x.a(uart_17xx_40xx.o)
                0x00000000000016bc                Chip_UART_DeInit
 .text.Chip_UART_TXEnable
                0x00000000000016e0       0x18 /home/takis/Identities/takiszourntos/teaching/lambton/2019/fall/ese3025/RTOS/lpc_chip_175x_6x/Debug/liblpc_chip_175x_6x.a(uart_17xx_40xx.o)
                0x00000000000016e0                Chip_UART_TXEnable
 .text.Chip_UART_TXDisable
                0x00000000000016f8       0x18 /home/takis/Identities/takiszourntos/teaching/lambton/2019/fall/ese3025/RTOS/lpc_chip_175x_6x/Debug/liblpc_chip_175x_6x.a(uart_17xx_40xx.o)
                0x00000000000016f8                Chip_UART_TXDisable
 .text.Chip_UART_SetBaud
                0x0000000000001710       0x62 /home/takis/Identities/takiszourntos/teaching/lambton/2019/fall/ese3025/RTOS/lpc_chip_175x_6x/Debug/liblpc_chip_175x_6x.a(uart_17xx_40xx.o)
                0x0000000000001710                Chip_UART_SetBaud
 .text.Chip_UART_RXIntHandlerRB
                0x0000000000001772       0x3a /home/takis/Identities/takiszourntos/teaching/lambton/2019/fall/ese3025/RTOS/lpc_chip_175x_6x/Debug/liblpc_chip_175x_6x.a(uart_17xx_40xx.o)
                0x0000000000001772                Chip_UART_RXIntHandlerRB
 .text.Chip_UART_TXIntHandlerRB
                0x00000000000017ac       0x40 /home/takis/Identities/takiszourntos/teaching/lambton/2019/fall/ese3025/RTOS/lpc_chip_175x_6x/Debug/liblpc_chip_175x_6x.a(uart_17xx_40xx.o)
                0x00000000000017ac                Chip_UART_TXIntHandlerRB
 .text.Chip_UART_SendRB
                0x00000000000017ec       0x60 /home/takis/Identities/takiszourntos/teaching/lambton/2019/fall/ese3025/RTOS/lpc_chip_175x_6x/Debug/liblpc_chip_175x_6x.a(uart_17xx_40xx.o)
                0x00000000000017ec                Chip_UART_SendRB
 .text.Chip_UART_ReadRB
                0x000000000000184c       0x22 /home/takis/Identities/takiszourntos/teaching/lambton/2019/fall/ese3025/RTOS/lpc_chip_175x_6x/Debug/liblpc_chip_175x_6x.a(uart_17xx_40xx.o)
                0x000000000000184c                Chip_UART_ReadRB
 .text.Chip_UART_IRQRBHandler
                0x000000000000186e       0x4a /home/takis/Identities/takiszourntos/teaching/lambton/2019/fall/ese3025/RTOS/lpc_chip_175x_6x/Debug/liblpc_chip_175x_6x.a(uart_17xx_40xx.o)
                0x000000000000186e                Chip_UART_IRQRBHandler
 .text.__main   0x00000000000018b8        0xe /usr/local/mcuxpressoide-11.0.1_2563/ide/plugins/com.nxp.mcuxpresso.tools.linux_11.0.1.201907311258/tools/bin/../lib/gcc/arm-none-eabi/8.2.1/../../../../arm-none-eabi/lib/thumb/v7-m/nofp/libcr_nohost.a(_cr__main.o)
                0x00000000000018b8                __main
 .text.memcpy   0x00000000000018c6        0x4 /usr/local/mcuxpressoide-11.0.1_2563/ide/plugins/com.nxp.mcuxpresso.tools.linux_11.0.1.201907311258/tools/bin/../lib/gcc/arm-none-eabi/8.2.1/../../../../arm-none-eabi/lib/thumb/v7-m/nofp/libcr_c.a(memcpy.o)
                0x00000000000018c6                memcpy
 *fill*         0x00000000000018ca        0x2 ff
 .text._initio  0x00000000000018cc       0x78 /usr/local/mcuxpressoide-11.0.1_2563/ide/plugins/com.nxp.mcuxpresso.tools.linux_11.0.1.201907311258/tools/bin/../lib/gcc/arm-none-eabi/8.2.1/../../../../arm-none-eabi/lib/thumb/v7-m/nofp/libcr_c.a(initio.o)
                0x00000000000018cc                _initio
 .text.setvbuf  0x0000000000001944       0x40 /usr/local/mcuxpressoide-11.0.1_2563/ide/plugins/com.nxp.mcuxpresso.tools.linux_11.0.1.201907311258/tools/bin/../lib/gcc/arm-none-eabi/8.2.1/../../../../arm-none-eabi/lib/thumb/v7-m/nofp/libcr_c.a(setvbuf.o)
                0x0000000000001944                setvbuf
 .text._fdopen  0x0000000000001984       0x68 /usr/local/mcuxpressoide-11.0.1_2563/ide/plugins/com.nxp.mcuxpresso.tools.linux_11.0.1.201907311258/tools/bin/../lib/gcc/arm-none-eabi/8.2.1/../../../../arm-none-eabi/lib/thumb/v7-m/nofp/libcr_c.a(_fdopen.o)
                0x0000000000001984                _fdopen
 .text.fclose   0x00000000000019ec       0x58 /usr/local/mcuxpressoide-11.0.1_2563/ide/plugins/com.nxp.mcuxpresso.tools.linux_11.0.1.201907311258/tools/bin/../lib/gcc/arm-none-eabi/8.2.1/../../../../arm-none-eabi/lib/thumb/v7-m/nofp/libcr_c.a(fclose.o)
                0x00000000000019ec                fclose
 .text.fflush   0x0000000000001a44       0x44 /usr/local/mcuxpressoide-11.0.1_2563/ide/plugins/com.nxp.mcuxpresso.tools.linux_11.0.1.201907311258/tools/bin/../lib/gcc/arm-none-eabi/8.2.1/../../../../arm-none-eabi/lib/thumb/v7-m/nofp/libcr_c.a(fflush.o)
                0x0000000000001a44                fflush
 .text.fseek    0x0000000000001a88      0x100 /usr/local/mcuxpressoide-11.0.1_2563/ide/plugins/com.nxp.mcuxpresso.tools.linux_11.0.1.201907311258/tools/bin/../lib/gcc/arm-none-eabi/8.2.1/../../../../arm-none-eabi/lib/thumb/v7-m/nofp/libcr_c.a(fseek.o)
                0x0000000000001a88                fseek
 .text.ftell    0x0000000000001b88       0x48 /usr/local/mcuxpressoide-11.0.1_2563/ide/plugins/com.nxp.mcuxpresso.tools.linux_11.0.1.201907311258/tools/bin/../lib/gcc/arm-none-eabi/8.2.1/../../../../arm-none-eabi/lib/thumb/v7-m/nofp/libcr_c.a(ftell.o)
                0x0000000000001b88                ftell
 .text.remove   0x0000000000001bd0       0x14 /usr/local/mcuxpressoide-11.0.1_2563/ide/plugins/com.nxp.mcuxpresso.tools.linux_11.0.1.201907311258/tools/bin/../lib/gcc/arm-none-eabi/8.2.1/../../../../arm-none-eabi/lib/thumb/v7-m/nofp/libcr_c.a(remove.o)
                0x0000000000001bd0                remove
 .text.strlen   0x0000000000001be4       0x4c /usr/local/mcuxpressoide-11.0.1_2563/ide/plugins/com.nxp.mcuxpresso.tools.linux_11.0.1.201907311258/tools/bin/../lib/gcc/arm-none-eabi/8.2.1/../../../../arm-none-eabi/lib/thumb/v7-m/nofp/libcr_c.a(strlen.o)
                0x0000000000001be4                strlen
 .text.memset   0x0000000000001c30        0x4 /usr/local/mcuxpressoide-11.0.1_2563/ide/plugins/com.nxp.mcuxpresso.tools.linux_11.0.1.201907311258/tools/bin/../lib/gcc/arm-none-eabi/8.2.1/../../../../arm-none-eabi/lib/thumb/v7-m/nofp/libcr_c.a(memset.o)
                0x0000000000001c30                memset
 .text._do_fflush
                0x0000000000001c34       0x40 /usr/local/mcuxpressoide-11.0.1_2563/ide/plugins/com.nxp.mcuxpresso.tools.linux_11.0.1.201907311258/tools/bin/../lib/gcc/arm-none-eabi/8.2.1/../../../../arm-none-eabi/lib/thumb/v7-m/nofp/libcr_c.a(_do_fflush.o)
                0x0000000000001c34                _do_fflush
 .text._fflush  0x0000000000001c74       0x52 /usr/local/mcuxpressoide-11.0.1_2563/ide/plugins/com.nxp.mcuxpresso.tools.linux_11.0.1.201907311258/tools/bin/../lib/gcc/arm-none-eabi/8.2.1/../../../../arm-none-eabi/lib/thumb/v7-m/nofp/libcr_c.a(_fflush.o)
                0x0000000000001c74                _fflush
 *fill*         0x0000000000001cc6        0x2 ff
 .text._Cwritebuf
                0x0000000000001cc8       0x6c /usr/local/mcuxpressoide-11.0.1_2563/ide/plugins/com.nxp.mcuxpresso.tools.linux_11.0.1.201907311258/tools/bin/../lib/gcc/arm-none-eabi/8.2.1/../../../../arm-none-eabi/lib/thumb/v7-m/nofp/libcr_c.a(_writebuf.o)
                0x0000000000001cc8                _Cwritebuf
 .text.free     0x0000000000001d34       0x30 /usr/local/mcuxpressoide-11.0.1_2563/ide/plugins/com.nxp.mcuxpresso.tools.linux_11.0.1.201907311258/tools/bin/../lib/gcc/arm-none-eabi/8.2.1/../../../../arm-none-eabi/lib/thumb/v7-m/nofp/libcr_c.a(alloc.o)
                0x0000000000001d34                free
 .text._deferredlazyseek
                0x0000000000001d64       0x40 /usr/local/mcuxpressoide-11.0.1_2563/ide/plugins/com.nxp.mcuxpresso.tools.linux_11.0.1.201907311258/tools/bin/../lib/gcc/arm-none-eabi/8.2.1/../../../../arm-none-eabi/lib/thumb/v7-m/nofp/libcr_c.a(_deferredlazyseek.o)
                0x0000000000001d64                _deferredlazyseek
 .text.__aeabi_memcpy
                0x0000000000001da4       0x34 /usr/local/mcuxpressoide-11.0.1_2563/ide/plugins/com.nxp.mcuxpresso.tools.linux_11.0.1.201907311258/tools/bin/../lib/gcc/arm-none-eabi/8.2.1/thumb/v7-m/nofp/libcr_eabihelpers.a(memcpy.o)
                0x0000000000001da4                __aeabi_memcpy
                0x0000000000001dae                __aeabi_memcpy4
                0x0000000000001dae                __aeabi_memcpy8
 .text.__aeabi_memset_lowlevel
                0x0000000000001dd8       0x32 /usr/local/mcuxpressoide-11.0.1_2563/ide/plugins/com.nxp.mcuxpresso.tools.linux_11.0.1.201907311258/tools/bin/../lib/gcc/arm-none-eabi/8.2.1/thumb/v7-m/nofp/libcr_eabihelpers.a(memcpy.o)
                0x0000000000001dd8                __aeabi_lowlevel_memset
 .text.__sys_close
                0x0000000000001e0a        0x6 /usr/local/mcuxpressoide-11.0.1_2563/ide/plugins/com.nxp.mcuxpresso.tools.linux_11.0.1.201907311258/tools/bin/../lib/gcc/arm-none-eabi/8.2.1/../../../../arm-none-eabi/lib/thumb/v7-m/nofp/libcr_nohost.a(__sys_close.o)
                0x0000000000001e0a                __sys_close
 .text.__sys_flen
                0x0000000000001e10        0x6 /usr/local/mcuxpressoide-11.0.1_2563/ide/plugins/com.nxp.mcuxpresso.tools.linux_11.0.1.201907311258/tools/bin/../lib/gcc/arm-none-eabi/8.2.1/../../../../arm-none-eabi/lib/thumb/v7-m/nofp/libcr_nohost.a(__sys_flen.o)
                0x0000000000001e10                __sys_flen
 .text.__sys_istty
                0x0000000000001e16        0x6 /usr/local/mcuxpressoide-11.0.1_2563/ide/plugins/com.nxp.mcuxpresso.tools.linux_11.0.1.201907311258/tools/bin/../lib/gcc/arm-none-eabi/8.2.1/../../../../arm-none-eabi/lib/thumb/v7-m/nofp/libcr_nohost.a(__sys_istty.o)
                0x0000000000001e16                __sys_istty
 .text.__sys_remove
                0x0000000000001e1c        0x6 /usr/local/mcuxpressoide-11.0.1_2563/ide/plugins/com.nxp.mcuxpresso.tools.linux_11.0.1.201907311258/tools/bin/../lib/gcc/arm-none-eabi/8.2.1/../../../../arm-none-eabi/lib/thumb/v7-m/nofp/libcr_nohost.a(__sys_remove.o)
                0x0000000000001e1c                __sys_remove
 .text.__sys_seek
                0x0000000000001e22        0x6 /usr/local/mcuxpressoide-11.0.1_2563/ide/plugins/com.nxp.mcuxpresso.tools.linux_11.0.1.201907311258/tools/bin/../lib/gcc/arm-none-eabi/8.2.1/../../../../arm-none-eabi/lib/thumb/v7-m/nofp/libcr_nohost.a(__sys_seek.o)
                0x0000000000001e22                __sys_seek
 .text.__sys_tmpnam
                0x0000000000001e28        0x6 /usr/local/mcuxpressoide-11.0.1_2563/ide/plugins/com.nxp.mcuxpresso.tools.linux_11.0.1.201907311258/tools/bin/../lib/gcc/arm-none-eabi/8.2.1/../../../../arm-none-eabi/lib/thumb/v7-m/nofp/libcr_nohost.a(__sys_tmpnam.o)
                0x0000000000001e28                __sys_tmpnam
 *(.rodata .rodata.* .constdata .constdata.*)
 *fill*         0x0000000000001e2e        0x2 ff
 .rodata.inst1  0x0000000000001e30       0x2f ./example/src/uart_rb.o
                0x0000000000001e30                inst1
 *fill*         0x0000000000001e5f        0x1 ff
 .rodata.inst2  0x0000000000001e60       0x2d ./example/src/uart_rb.o
                0x0000000000001e60                inst2
 *fill*         0x0000000000001e8d        0x3 ff
 .rodata.OscRateIn
                0x0000000000001e90        0x4 /home/takis/Identities/takiszourntos/teaching/lambton/2019/fall/ese3025/RTOS/lpc_board_nxp_lpcxpresso_1769/Debug/liblpc_board_nxp_lpcxpresso_1769.a(board.o)
                0x0000000000001e90                OscRateIn
 .rodata.RTCOscRateIn
                0x0000000000001e94        0x4 /home/takis/Identities/takiszourntos/teaching/lambton/2019/fall/ese3025/RTOS/lpc_board_nxp_lpcxpresso_1769/Debug/liblpc_board_nxp_lpcxpresso_1769.a(board.o)
                0x0000000000001e94                RTCOscRateIn
 .rodata.pinmuxing
                0x0000000000001e98       0x5c /home/takis/Identities/takiszourntos/teaching/lambton/2019/fall/ese3025/RTOS/lpc_board_nxp_lpcxpresso_1769/Debug/liblpc_board_nxp_lpcxpresso_1769.a(board_sysinit.o)
 .rodata._initio.str1.1
                0x0000000000001ef4        0x4 /usr/local/mcuxpressoide-11.0.1_2563/ide/plugins/com.nxp.mcuxpresso.tools.linux_11.0.1.201907311258/tools/bin/../lib/gcc/arm-none-eabi/8.2.1/../../../../arm-none-eabi/lib/thumb/v7-m/nofp/libcr_c.a(initio.o)
 .rodata.__num_Ciob_streams
                0x0000000000001ef8        0x4 /usr/local/mcuxpressoide-11.0.1_2563/ide/plugins/com.nxp.mcuxpresso.tools.linux_11.0.1.201907311258/tools/bin/../lib/gcc/arm-none-eabi/8.2.1/../../../../arm-none-eabi/lib/thumb/v7-m/nofp/libcr_nohost.a(__ciob.o)
                0x0000000000001ef8                __num_Ciob_streams
                0x0000000000001efc                . = ALIGN (0x4)

.glue_7         0x0000000000001efc        0x0
 .glue_7        0x0000000000001efc        0x0 linker stubs

.glue_7t        0x0000000000001efc        0x0
 .glue_7t       0x0000000000001efc        0x0 linker stubs

.vfp11_veneer   0x0000000000001efc        0x0
 .vfp11_veneer  0x0000000000001efc        0x0 linker stubs

.v4_bx          0x0000000000001efc        0x0
 .v4_bx         0x0000000000001efc        0x0 linker stubs

.iplt           0x0000000000001efc        0x0
 .iplt          0x0000000000001efc        0x0 ./example/src/cr_startup_lpc175x_6x.o

.rel.dyn        0x0000000000001efc        0x0
 .rel.iplt      0x0000000000001efc        0x0 ./example/src/cr_startup_lpc175x_6x.o

.ARM.extab
 *(.ARM.extab* .gnu.linkonce.armextab.*)
                0x0000000000001efc                __exidx_start = .

.ARM.exidx
 *(.ARM.exidx* .gnu.linkonce.armexidx.*)
                0x0000000000001efc                __exidx_end = .
                0x0000000000001efc                _etext = .

.data_RAM2      0x000000002007c000        0x0 load address 0x0000000000001efc
 FILL mask 0xff
                [!provide]                        PROVIDE (__start_data_RAM2 = .)
 *(.ramfunc.$RAM2)
 *(.ramfunc.$RamAHB32)
 *(.data.$RAM2)
 *(.data.$RamAHB32)
 *(.data.$RAM2.*)
 *(.data.$RamAHB32.*)
                0x000000002007c000                . = ALIGN (0x4)
                [!provide]                        PROVIDE (__end_data_RAM2 = .)

.uninit_RESERVED
                0x0000000010000000        0x0
                0x0000000010000000                . = ALIGN (0x4)
 *(.bss.$RESERVED*)
                0x0000000010000000                . = ALIGN (0x4)
                0x0000000010000000                _end_uninit_RESERVED = .

.data           0x0000000010000000        0x0 load address 0x0000000000001efc
 FILL mask 0xff
                0x0000000010000000                _data = .
 *(vtable)
 *(.ramfunc*)
 *(CodeQuickAccess)
 *(DataQuickAccess)
 *(RamFunction)
 *(.data*)
                0x0000000010000000                . = ALIGN (0x4)
                0x0000000010000000                _edata = .

.igot.plt       0x0000000010000000        0x0 load address 0x0000000000001efc
 .igot.plt      0x0000000010000000        0x0 ./example/src/cr_startup_lpc175x_6x.o

.bss_RAM2       0x000000002007c000        0x0
                0x000000002007c000                . = ALIGN (0x4)
                [!provide]                        PROVIDE (__start_bss_RAM2 = .)
 *(.bss.$RAM2)
 *(.bss.$RamAHB32)
 *(.bss.$RAM2.*)
 *(.bss.$RamAHB32.*)
                0x000000002007c000                . = ALIGN ((. != 0x0)?0x4:0x1)
                [!provide]                        PROVIDE (__end_bss_RAM2 = .)

.bss            0x0000000010000000      0x2b4
                0x0000000010000000                . = ALIGN (0x4)
                0x0000000010000000                _bss = .
 *(.bss*)
 .bss.txring    0x0000000010000000       0x14 ./example/src/uart_rb.o
 .bss.rxring    0x0000000010000014       0x14 ./example/src/uart_rb.o
 .bss.rxbuff    0x0000000010000028       0x20 ./example/src/uart_rb.o
 .bss.txbuff    0x0000000010000048       0x80 ./example/src/uart_rb.o
 .bss.ABsyncSts
                0x00000000100000c8        0x1 /home/takis/Identities/takiszourntos/teaching/lambton/2019/fall/ese3025/RTOS/lpc_chip_175x_6x/Debug/liblpc_chip_175x_6x.a(uart_17xx_40xx.o)
 *fill*         0x00000000100000c9        0x3 
 .bss.errno     0x00000000100000cc        0x4 /usr/local/mcuxpressoide-11.0.1_2563/ide/plugins/com.nxp.mcuxpresso.tools.linux_11.0.1.201907311258/tools/bin/../lib/gcc/arm-none-eabi/8.2.1/../../../../arm-none-eabi/lib/thumb/v7-m/nofp/libcr_c.a(errno.o)
                0x00000000100000cc                errno
 .bss.__Ciob    0x00000000100000d0      0x1e0 /usr/local/mcuxpressoide-11.0.1_2563/ide/plugins/com.nxp.mcuxpresso.tools.linux_11.0.1.201907311258/tools/bin/../lib/gcc/arm-none-eabi/8.2.1/../../../../arm-none-eabi/lib/thumb/v7-m/nofp/libcr_nohost.a(__ciob.o)
                0x00000000100000d0                __Ciob
 *(COMMON)
 COMMON         0x00000000100002b0        0x4 /home/takis/Identities/takiszourntos/teaching/lambton/2019/fall/ese3025/RTOS/lpc_chip_175x_6x/Debug/liblpc_chip_175x_6x.a(chip_17xx_40xx.o)
                0x00000000100002b0                SystemCoreClock
                0x00000000100002b4                . = ALIGN (0x4)
                0x00000000100002b4                _ebss = .
                [!provide]                        PROVIDE (end = .)

.noinit_RAM2    0x000000002007c000        0x0
                0x000000002007c000                . = ALIGN (0x4)
 *(.noinit.$RAM2)
 *(.noinit.$RamAHB32)
 *(.noinit.$RAM2.*)
 *(.noinit.$RamAHB32.*)
                0x000000002007c000                . = ALIGN (0x4)

.noinit         0x00000000100002b4        0x0
                0x00000000100002b4                . = ALIGN (0x4)
                0x00000000100002b4                _noinit = .
 *(.noinit*)
                0x00000000100002b4                . = ALIGN (0x4)
                0x00000000100002b4                _end_noinit = .
                0x00000000100002b4                PROVIDE (_pvHeapStart = DEFINED (__user_heap_base)?__user_heap_base:.)
                0x0000000010008000                PROVIDE (_vStackTop = DEFINED (__user_stack_top)?__user_stack_top:(__top_RamLoc32 - 0x0))
                [!provide]                        PROVIDE (__valid_user_code_checksum = (0x0 - ((((((_vStackTop + (ResetISR + 0x1)) + (NMI_Handler + 0x1)) + (HardFault_Handler + 0x1)) + (DEFINED (MemManage_Handler)?MemManage_Handler:0x0 + 0x1)) + (DEFINED (BusFault_Handler)?BusFault_Handler:0x0 + 0x1)) + (DEFINED (UsageFault_Handler)?UsageFault_Handler:0x0 + 0x1))))
                0x0000000000000000                _image_start = LOADADDR (.text)
                0x0000000000001efc                _image_end = (LOADADDR (.data) + SIZEOF (.data))
                0x0000000000001efc                _image_size = (_image_end - _image_start)
OUTPUT(periph_uart_rb.axf elf32-littlearm)

.debug_info     0x0000000000000000     0x5af0
 .debug_info    0x0000000000000000      0x272 ./example/src/cr_startup_lpc175x_6x.o
 .debug_info    0x0000000000000272      0x250 ./example/src/sysinit.o
 .debug_info    0x00000000000004c2      0xb7a ./example/src/uart_rb.o
 .debug_info    0x000000000000103c     0x1663 /home/takis/Identities/takiszourntos/teaching/lambton/2019/fall/ese3025/RTOS/lpc_board_nxp_lpcxpresso_1769/Debug/liblpc_board_nxp_lpcxpresso_1769.a(board.o)
 .debug_info    0x000000000000269f      0x71d /home/takis/Identities/takiszourntos/teaching/lambton/2019/fall/ese3025/RTOS/lpc_board_nxp_lpcxpresso_1769/Debug/liblpc_board_nxp_lpcxpresso_1769.a(board_sysinit.o)
 .debug_info    0x0000000000002dbc      0x591 /home/takis/Identities/takiszourntos/teaching/lambton/2019/fall/ese3025/RTOS/lpc_chip_175x_6x/Debug/liblpc_chip_175x_6x.a(chip_17xx_40xx.o)
 .debug_info    0x000000000000334d      0xc2a /home/takis/Identities/takiszourntos/teaching/lambton/2019/fall/ese3025/RTOS/lpc_chip_175x_6x/Debug/liblpc_chip_175x_6x.a(clock_17xx_40xx.o)
 .debug_info    0x0000000000003f77      0x347 /home/takis/Identities/takiszourntos/teaching/lambton/2019/fall/ese3025/RTOS/lpc_chip_175x_6x/Debug/liblpc_chip_175x_6x.a(iocon_17xx_40xx.o)
 .debug_info    0x00000000000042be      0x3a8 /home/takis/Identities/takiszourntos/teaching/lambton/2019/fall/ese3025/RTOS/lpc_chip_175x_6x/Debug/liblpc_chip_175x_6x.a(ring_buffer.o)
 .debug_info    0x0000000000004666      0x4b0 /home/takis/Identities/takiszourntos/teaching/lambton/2019/fall/ese3025/RTOS/lpc_chip_175x_6x/Debug/liblpc_chip_175x_6x.a(sysinit_17xx_40xx.o)
 .debug_info    0x0000000000004b16      0xfda /home/takis/Identities/takiszourntos/teaching/lambton/2019/fall/ese3025/RTOS/lpc_chip_175x_6x/Debug/liblpc_chip_175x_6x.a(uart_17xx_40xx.o)

.debug_abbrev   0x0000000000000000     0x16cd
 .debug_abbrev  0x0000000000000000      0x117 ./example/src/cr_startup_lpc175x_6x.o
 .debug_abbrev  0x0000000000000117       0xeb ./example/src/sysinit.o
 .debug_abbrev  0x0000000000000202      0x276 ./example/src/uart_rb.o
 .debug_abbrev  0x0000000000000478      0x413 /home/takis/Identities/takiszourntos/teaching/lambton/2019/fall/ese3025/RTOS/lpc_board_nxp_lpcxpresso_1769/Debug/liblpc_board_nxp_lpcxpresso_1769.a(board.o)
 .debug_abbrev  0x000000000000088b      0x1a2 /home/takis/Identities/takiszourntos/teaching/lambton/2019/fall/ese3025/RTOS/lpc_board_nxp_lpcxpresso_1769/Debug/liblpc_board_nxp_lpcxpresso_1769.a(board_sysinit.o)
 .debug_abbrev  0x0000000000000a2d      0x16d /home/takis/Identities/takiszourntos/teaching/lambton/2019/fall/ese3025/RTOS/lpc_chip_175x_6x/Debug/liblpc_chip_175x_6x.a(chip_17xx_40xx.o)
 .debug_abbrev  0x0000000000000b9a      0x34d /home/takis/Identities/takiszourntos/teaching/lambton/2019/fall/ese3025/RTOS/lpc_chip_175x_6x/Debug/liblpc_chip_175x_6x.a(clock_17xx_40xx.o)
 .debug_abbrev  0x0000000000000ee7      0x164 /home/takis/Identities/takiszourntos/teaching/lambton/2019/fall/ese3025/RTOS/lpc_chip_175x_6x/Debug/liblpc_chip_175x_6x.a(iocon_17xx_40xx.o)
 .debug_abbrev  0x000000000000104b      0x17e /home/takis/Identities/takiszourntos/teaching/lambton/2019/fall/ese3025/RTOS/lpc_chip_175x_6x/Debug/liblpc_chip_175x_6x.a(ring_buffer.o)
 .debug_abbrev  0x00000000000011c9      0x1b0 /home/takis/Identities/takiszourntos/teaching/lambton/2019/fall/ese3025/RTOS/lpc_chip_175x_6x/Debug/liblpc_chip_175x_6x.a(sysinit_17xx_40xx.o)
 .debug_abbrev  0x0000000000001379      0x354 /home/takis/Identities/takiszourntos/teaching/lambton/2019/fall/ese3025/RTOS/lpc_chip_175x_6x/Debug/liblpc_chip_175x_6x.a(uart_17xx_40xx.o)

.debug_aranges  0x0000000000000000      0x600
 .debug_aranges
                0x0000000000000000       0x80 ./example/src/cr_startup_lpc175x_6x.o
 .debug_aranges
                0x0000000000000080       0x20 ./example/src/sysinit.o
 .debug_aranges
                0x00000000000000a0       0x58 ./example/src/uart_rb.o
 .debug_aranges
                0x00000000000000f8      0x160 /home/takis/Identities/takiszourntos/teaching/lambton/2019/fall/ese3025/RTOS/lpc_board_nxp_lpcxpresso_1769/Debug/liblpc_board_nxp_lpcxpresso_1769.a(board.o)
 .debug_aranges
                0x0000000000000258       0x38 /home/takis/Identities/takiszourntos/teaching/lambton/2019/fall/ese3025/RTOS/lpc_board_nxp_lpcxpresso_1769/Debug/liblpc_board_nxp_lpcxpresso_1769.a(board_sysinit.o)
 .debug_aranges
                0x0000000000000290       0x38 /home/takis/Identities/takiszourntos/teaching/lambton/2019/fall/ese3025/RTOS/lpc_chip_175x_6x/Debug/liblpc_chip_175x_6x.a(chip_17xx_40xx.o)
 .debug_aranges
                0x00000000000002c8      0x120 /home/takis/Identities/takiszourntos/teaching/lambton/2019/fall/ese3025/RTOS/lpc_chip_175x_6x/Debug/liblpc_chip_175x_6x.a(clock_17xx_40xx.o)
 .debug_aranges
                0x00000000000003e8       0x30 /home/takis/Identities/takiszourntos/teaching/lambton/2019/fall/ese3025/RTOS/lpc_chip_175x_6x/Debug/liblpc_chip_175x_6x.a(iocon_17xx_40xx.o)
 .debug_aranges
                0x0000000000000418       0x60 /home/takis/Identities/takiszourntos/teaching/lambton/2019/fall/ese3025/RTOS/lpc_chip_175x_6x/Debug/liblpc_chip_175x_6x.a(ring_buffer.o)
 .debug_aranges
                0x0000000000000478       0x60 /home/takis/Identities/takiszourntos/teaching/lambton/2019/fall/ese3025/RTOS/lpc_chip_175x_6x/Debug/liblpc_chip_175x_6x.a(sysinit_17xx_40xx.o)
 .debug_aranges
                0x00000000000004d8      0x128 /home/takis/Identities/takiszourntos/teaching/lambton/2019/fall/ese3025/RTOS/lpc_chip_175x_6x/Debug/liblpc_chip_175x_6x.a(uart_17xx_40xx.o)

.debug_ranges   0x0000000000000000      0x550
 .debug_ranges  0x0000000000000000       0x70 ./example/src/cr_startup_lpc175x_6x.o
 .debug_ranges  0x0000000000000070       0x10 ./example/src/sysinit.o
 .debug_ranges  0x0000000000000080       0x48 ./example/src/uart_rb.o
 .debug_ranges  0x00000000000000c8      0x150 /home/takis/Identities/takiszourntos/teaching/lambton/2019/fall/ese3025/RTOS/lpc_board_nxp_lpcxpresso_1769/Debug/liblpc_board_nxp_lpcxpresso_1769.a(board.o)
 .debug_ranges  0x0000000000000218       0x28 /home/takis/Identities/takiszourntos/teaching/lambton/2019/fall/ese3025/RTOS/lpc_board_nxp_lpcxpresso_1769/Debug/liblpc_board_nxp_lpcxpresso_1769.a(board_sysinit.o)
 .debug_ranges  0x0000000000000240       0x28 /home/takis/Identities/takiszourntos/teaching/lambton/2019/fall/ese3025/RTOS/lpc_chip_175x_6x/Debug/liblpc_chip_175x_6x.a(chip_17xx_40xx.o)
 .debug_ranges  0x0000000000000268      0x110 /home/takis/Identities/takiszourntos/teaching/lambton/2019/fall/ese3025/RTOS/lpc_chip_175x_6x/Debug/liblpc_chip_175x_6x.a(clock_17xx_40xx.o)
 .debug_ranges  0x0000000000000378       0x20 /home/takis/Identities/takiszourntos/teaching/lambton/2019/fall/ese3025/RTOS/lpc_chip_175x_6x/Debug/liblpc_chip_175x_6x.a(iocon_17xx_40xx.o)
 .debug_ranges  0x0000000000000398       0x50 /home/takis/Identities/takiszourntos/teaching/lambton/2019/fall/ese3025/RTOS/lpc_chip_175x_6x/Debug/liblpc_chip_175x_6x.a(ring_buffer.o)
 .debug_ranges  0x00000000000003e8       0x50 /home/takis/Identities/takiszourntos/teaching/lambton/2019/fall/ese3025/RTOS/lpc_chip_175x_6x/Debug/liblpc_chip_175x_6x.a(sysinit_17xx_40xx.o)
 .debug_ranges  0x0000000000000438      0x118 /home/takis/Identities/takiszourntos/teaching/lambton/2019/fall/ese3025/RTOS/lpc_chip_175x_6x/Debug/liblpc_chip_175x_6x.a(uart_17xx_40xx.o)

.debug_macro    0x0000000000000000     0x4e3f
 .debug_macro   0x0000000000000000       0x1d ./example/src/cr_startup_lpc175x_6x.o
 .debug_macro   0x000000000000001d      0xa9c ./example/src/cr_startup_lpc175x_6x.o
 .debug_macro   0x0000000000000ab9      0x217 ./example/src/sysinit.o
 .debug_macro   0x0000000000000cd0       0x10 ./example/src/sysinit.o
 .debug_macro   0x0000000000000ce0      0x12e ./example/src/sysinit.o
 .debug_macro   0x0000000000000e0e      0x5b3 ./example/src/sysinit.o
 .debug_macro   0x00000000000013c1       0x22 ./example/src/sysinit.o
 .debug_macro   0x00000000000013e3       0x7b ./example/src/sysinit.o
 .debug_macro   0x000000000000145e       0x10 ./example/src/sysinit.o
 .debug_macro   0x000000000000146e       0x2d ./example/src/sysinit.o
 .debug_macro   0x000000000000149b       0x3a ./example/src/sysinit.o
 .debug_macro   0x00000000000014d5       0x2d ./example/src/sysinit.o
 .debug_macro   0x0000000000001502      0xbb1 ./example/src/sysinit.o
 .debug_macro   0x00000000000020b3      0x22c ./example/src/sysinit.o
 .debug_macro   0x00000000000022df       0x42 ./example/src/sysinit.o
 .debug_macro   0x0000000000002321       0x52 ./example/src/sysinit.o
 .debug_macro   0x0000000000002373       0x78 ./example/src/sysinit.o
 .debug_macro   0x00000000000023eb       0x82 ./example/src/sysinit.o
 .debug_macro   0x000000000000246d      0x48c ./example/src/sysinit.o
 .debug_macro   0x00000000000028f9       0x34 ./example/src/sysinit.o
 .debug_macro   0x000000000000292d      0x4c5 ./example/src/sysinit.o
 .debug_macro   0x0000000000002df2      0x1b7 ./example/src/sysinit.o
 .debug_macro   0x0000000000002fa9       0x10 ./example/src/sysinit.o
 .debug_macro   0x0000000000002fb9      0x21b ./example/src/sysinit.o
 .debug_macro   0x00000000000031d4      0x1b9 ./example/src/sysinit.o
 .debug_macro   0x000000000000338d       0x40 ./example/src/sysinit.o
 .debug_macro   0x00000000000033cd       0x22 ./example/src/sysinit.o
 .debug_macro   0x00000000000033ef      0x162 ./example/src/sysinit.o
 .debug_macro   0x0000000000003551       0x94 ./example/src/sysinit.o
 .debug_macro   0x00000000000035e5       0xb8 ./example/src/sysinit.o
 .debug_macro   0x000000000000369d       0x4c ./example/src/sysinit.o
 .debug_macro   0x00000000000036e9       0x16 ./example/src/sysinit.o
 .debug_macro   0x00000000000036ff      0x328 ./example/src/sysinit.o
 .debug_macro   0x0000000000003a27       0x49 ./example/src/sysinit.o
 .debug_macro   0x0000000000003a70       0x16 ./example/src/sysinit.o
 .debug_macro   0x0000000000003a86       0xca ./example/src/sysinit.o
 .debug_macro   0x0000000000003b50       0x18 ./example/src/sysinit.o
 .debug_macro   0x0000000000003b68       0x70 ./example/src/sysinit.o
 .debug_macro   0x0000000000003bd8       0x9a ./example/src/sysinit.o
 .debug_macro   0x0000000000003c72       0x20 ./example/src/sysinit.o
 .debug_macro   0x0000000000003c92       0x28 ./example/src/sysinit.o
 .debug_macro   0x0000000000003cba      0x23d ./example/src/uart_rb.o
 .debug_macro   0x0000000000003ef7       0x76 ./example/src/uart_rb.o
 .debug_macro   0x0000000000003f6d      0x2a1 /home/takis/Identities/takiszourntos/teaching/lambton/2019/fall/ese3025/RTOS/lpc_board_nxp_lpcxpresso_1769/Debug/liblpc_board_nxp_lpcxpresso_1769.a(board.o)
 .debug_macro   0x000000000000420e       0x12 /home/takis/Identities/takiszourntos/teaching/lambton/2019/fall/ese3025/RTOS/lpc_board_nxp_lpcxpresso_1769/Debug/liblpc_board_nxp_lpcxpresso_1769.a(board.o)
 .debug_macro   0x0000000000004220      0x217 /home/takis/Identities/takiszourntos/teaching/lambton/2019/fall/ese3025/RTOS/lpc_board_nxp_lpcxpresso_1769/Debug/liblpc_board_nxp_lpcxpresso_1769.a(board_sysinit.o)
 .debug_macro   0x0000000000004437      0x1cd /home/takis/Identities/takiszourntos/teaching/lambton/2019/fall/ese3025/RTOS/lpc_chip_175x_6x/Debug/liblpc_chip_175x_6x.a(chip_17xx_40xx.o)
 .debug_macro   0x0000000000004604      0x1cd /home/takis/Identities/takiszourntos/teaching/lambton/2019/fall/ese3025/RTOS/lpc_chip_175x_6x/Debug/liblpc_chip_175x_6x.a(clock_17xx_40xx.o)
 .debug_macro   0x00000000000047d1      0x1cd /home/takis/Identities/takiszourntos/teaching/lambton/2019/fall/ese3025/RTOS/lpc_chip_175x_6x/Debug/liblpc_chip_175x_6x.a(iocon_17xx_40xx.o)
 .debug_macro   0x000000000000499e       0x83 /home/takis/Identities/takiszourntos/teaching/lambton/2019/fall/ese3025/RTOS/lpc_chip_175x_6x/Debug/liblpc_chip_175x_6x.a(ring_buffer.o)
 .debug_macro   0x0000000000004a21       0x74 /home/takis/Identities/takiszourntos/teaching/lambton/2019/fall/ese3025/RTOS/lpc_chip_175x_6x/Debug/liblpc_chip_175x_6x.a(ring_buffer.o)
 .debug_macro   0x0000000000004a95       0x10 /home/takis/Identities/takiszourntos/teaching/lambton/2019/fall/ese3025/RTOS/lpc_chip_175x_6x/Debug/liblpc_chip_175x_6x.a(ring_buffer.o)
 .debug_macro   0x0000000000004aa5      0x1cd /home/takis/Identities/takiszourntos/teaching/lambton/2019/fall/ese3025/RTOS/lpc_chip_175x_6x/Debug/liblpc_chip_175x_6x.a(sysinit_17xx_40xx.o)
 .debug_macro   0x0000000000004c72      0x1cd /home/takis/Identities/takiszourntos/teaching/lambton/2019/fall/ese3025/RTOS/lpc_chip_175x_6x/Debug/liblpc_chip_175x_6x.a(uart_17xx_40xx.o)

.debug_line     0x0000000000000000     0x46be
 .debug_line    0x0000000000000000      0x168 ./example/src/cr_startup_lpc175x_6x.o
 .debug_line    0x0000000000000168      0x54e ./example/src/sysinit.o
 .debug_line    0x00000000000006b6      0x676 ./example/src/uart_rb.o
 .debug_line    0x0000000000000d2c      0xaf8 /home/takis/Identities/takiszourntos/teaching/lambton/2019/fall/ese3025/RTOS/lpc_board_nxp_lpcxpresso_1769/Debug/liblpc_board_nxp_lpcxpresso_1769.a(board.o)
 .debug_line    0x0000000000001824      0x59f /home/takis/Identities/takiszourntos/teaching/lambton/2019/fall/ese3025/RTOS/lpc_board_nxp_lpcxpresso_1769/Debug/liblpc_board_nxp_lpcxpresso_1769.a(board_sysinit.o)
 .debug_line    0x0000000000001dc3      0x539 /home/takis/Identities/takiszourntos/teaching/lambton/2019/fall/ese3025/RTOS/lpc_chip_175x_6x/Debug/liblpc_chip_175x_6x.a(chip_17xx_40xx.o)
 .debug_line    0x00000000000022fc      0x9a0 /home/takis/Identities/takiszourntos/teaching/lambton/2019/fall/ese3025/RTOS/lpc_chip_175x_6x/Debug/liblpc_chip_175x_6x.a(clock_17xx_40xx.o)
 .debug_line    0x0000000000002c9c      0x555 /home/takis/Identities/takiszourntos/teaching/lambton/2019/fall/ese3025/RTOS/lpc_chip_175x_6x/Debug/liblpc_chip_175x_6x.a(iocon_17xx_40xx.o)
 .debug_line    0x00000000000031f1      0x441 /home/takis/Identities/takiszourntos/teaching/lambton/2019/fall/ese3025/RTOS/lpc_chip_175x_6x/Debug/liblpc_chip_175x_6x.a(ring_buffer.o)
 .debug_line    0x0000000000003632      0x612 /home/takis/Identities/takiszourntos/teaching/lambton/2019/fall/ese3025/RTOS/lpc_chip_175x_6x/Debug/liblpc_chip_175x_6x.a(sysinit_17xx_40xx.o)
 .debug_line    0x0000000000003c44      0xa7a /home/takis/Identities/takiszourntos/teaching/lambton/2019/fall/ese3025/RTOS/lpc_chip_175x_6x/Debug/liblpc_chip_175x_6x.a(uart_17xx_40xx.o)

.debug_str      0x0000000000000000    0x138fb
 .debug_str     0x0000000000000000     0x2f95 ./example/src/cr_startup_lpc175x_6x.o
                                       0x2fa8 (size before relaxing)
 .debug_str     0x0000000000002f95     0xe4d8 ./example/src/sysinit.o
                                      0x1138a (size before relaxing)
 .debug_str     0x000000000001146d      0x65d ./example/src/uart_rb.o
                                      0x119fa (size before relaxing)
 .debug_str     0x0000000000011aca      0xd05 /home/takis/Identities/takiszourntos/teaching/lambton/2019/fall/ese3025/RTOS/lpc_board_nxp_lpcxpresso_1769/Debug/liblpc_board_nxp_lpcxpresso_1769.a(board.o)
                                      0x122bb (size before relaxing)
 .debug_str     0x00000000000127cf      0x22d /home/takis/Identities/takiszourntos/teaching/lambton/2019/fall/ese3025/RTOS/lpc_board_nxp_lpcxpresso_1769/Debug/liblpc_board_nxp_lpcxpresso_1769.a(board_sysinit.o)
                                      0x11799 (size before relaxing)
 .debug_str     0x00000000000129fc       0xd7 /home/takis/Identities/takiszourntos/teaching/lambton/2019/fall/ese3025/RTOS/lpc_chip_175x_6x/Debug/liblpc_chip_175x_6x.a(chip_17xx_40xx.o)
                                      0x113e9 (size before relaxing)
 .debug_str     0x0000000000012ad3      0x857 /home/takis/Identities/takiszourntos/teaching/lambton/2019/fall/ese3025/RTOS/lpc_chip_175x_6x/Debug/liblpc_chip_175x_6x.a(clock_17xx_40xx.o)
                                      0x11a67 (size before relaxing)
 .debug_str     0x000000000001332a       0x79 /home/takis/Identities/takiszourntos/teaching/lambton/2019/fall/ese3025/RTOS/lpc_chip_175x_6x/Debug/liblpc_chip_175x_6x.a(iocon_17xx_40xx.o)
                                      0x10ee4 (size before relaxing)
 .debug_str     0x00000000000133a3      0x149 /home/takis/Identities/takiszourntos/teaching/lambton/2019/fall/ese3025/RTOS/lpc_chip_175x_6x/Debug/liblpc_chip_175x_6x.a(ring_buffer.o)
                                       0x48d0 (size before relaxing)
 .debug_str     0x00000000000134ec       0xc4 /home/takis/Identities/takiszourntos/teaching/lambton/2019/fall/ese3025/RTOS/lpc_chip_175x_6x/Debug/liblpc_chip_175x_6x.a(sysinit_17xx_40xx.o)
                                      0x110cc (size before relaxing)
 .debug_str     0x00000000000135b0      0x34b /home/takis/Identities/takiszourntos/teaching/lambton/2019/fall/ese3025/RTOS/lpc_chip_175x_6x/Debug/liblpc_chip_175x_6x.a(uart_17xx_40xx.o)
                                      0x1193c (size before relaxing)

.comment        0x0000000000000000       0x75
 .comment       0x0000000000000000       0x75 ./example/src/cr_startup_lpc175x_6x.o
                                         0x76 (size before relaxing)
 .comment       0x0000000000000075       0x76 ./example/src/sysinit.o
 .comment       0x0000000000000075       0x76 ./example/src/uart_rb.o
 .comment       0x0000000000000075       0x76 /home/takis/Identities/takiszourntos/teaching/lambton/2019/fall/ese3025/RTOS/lpc_board_nxp_lpcxpresso_1769/Debug/liblpc_board_nxp_lpcxpresso_1769.a(board.o)
 .comment       0x0000000000000075       0x76 /home/takis/Identities/takiszourntos/teaching/lambton/2019/fall/ese3025/RTOS/lpc_board_nxp_lpcxpresso_1769/Debug/liblpc_board_nxp_lpcxpresso_1769.a(board_sysinit.o)
 .comment       0x0000000000000075       0x76 /home/takis/Identities/takiszourntos/teaching/lambton/2019/fall/ese3025/RTOS/lpc_chip_175x_6x/Debug/liblpc_chip_175x_6x.a(chip_17xx_40xx.o)
 .comment       0x0000000000000075       0x76 /home/takis/Identities/takiszourntos/teaching/lambton/2019/fall/ese3025/RTOS/lpc_chip_175x_6x/Debug/liblpc_chip_175x_6x.a(clock_17xx_40xx.o)
 .comment       0x0000000000000075       0x76 /home/takis/Identities/takiszourntos/teaching/lambton/2019/fall/ese3025/RTOS/lpc_chip_175x_6x/Debug/liblpc_chip_175x_6x.a(iocon_17xx_40xx.o)
 .comment       0x0000000000000075       0x76 /home/takis/Identities/takiszourntos/teaching/lambton/2019/fall/ese3025/RTOS/lpc_chip_175x_6x/Debug/liblpc_chip_175x_6x.a(ring_buffer.o)
 .comment       0x0000000000000075       0x76 /home/takis/Identities/takiszourntos/teaching/lambton/2019/fall/ese3025/RTOS/lpc_chip_175x_6x/Debug/liblpc_chip_175x_6x.a(sysinit_17xx_40xx.o)
 .comment       0x0000000000000075       0x76 /home/takis/Identities/takiszourntos/teaching/lambton/2019/fall/ese3025/RTOS/lpc_chip_175x_6x/Debug/liblpc_chip_175x_6x.a(uart_17xx_40xx.o)
 .comment       0x0000000000000075       0x76 /usr/local/mcuxpressoide-11.0.1_2563/ide/plugins/com.nxp.mcuxpresso.tools.linux_11.0.1.201907311258/tools/bin/../lib/gcc/arm-none-eabi/8.2.1/../../../../arm-none-eabi/lib/thumb/v7-m/nofp/libcr_nohost.a(_cr__main.o)
 .comment       0x0000000000000075       0x76 /usr/local/mcuxpressoide-11.0.1_2563/ide/plugins/com.nxp.mcuxpresso.tools.linux_11.0.1.201907311258/tools/bin/../lib/gcc/arm-none-eabi/8.2.1/../../../../arm-none-eabi/lib/thumb/v7-m/nofp/libcr_c.a(memcpy.o)
 .comment       0x0000000000000075       0x76 /usr/local/mcuxpressoide-11.0.1_2563/ide/plugins/com.nxp.mcuxpresso.tools.linux_11.0.1.201907311258/tools/bin/../lib/gcc/arm-none-eabi/8.2.1/../../../../arm-none-eabi/lib/thumb/v7-m/nofp/libcr_c.a(initio.o)
 .comment       0x0000000000000075       0x76 /usr/local/mcuxpressoide-11.0.1_2563/ide/plugins/com.nxp.mcuxpresso.tools.linux_11.0.1.201907311258/tools/bin/../lib/gcc/arm-none-eabi/8.2.1/../../../../arm-none-eabi/lib/thumb/v7-m/nofp/libcr_c.a(setvbuf.o)
 .comment       0x0000000000000075       0x76 /usr/local/mcuxpressoide-11.0.1_2563/ide/plugins/com.nxp.mcuxpresso.tools.linux_11.0.1.201907311258/tools/bin/../lib/gcc/arm-none-eabi/8.2.1/../../../../arm-none-eabi/lib/thumb/v7-m/nofp/libcr_c.a(_fdopen.o)
 .comment       0x0000000000000075       0x76 /usr/local/mcuxpressoide-11.0.1_2563/ide/plugins/com.nxp.mcuxpresso.tools.linux_11.0.1.201907311258/tools/bin/../lib/gcc/arm-none-eabi/8.2.1/../../../../arm-none-eabi/lib/thumb/v7-m/nofp/libcr_c.a(fclose.o)
 .comment       0x0000000000000075       0x76 /usr/local/mcuxpressoide-11.0.1_2563/ide/plugins/com.nxp.mcuxpresso.tools.linux_11.0.1.201907311258/tools/bin/../lib/gcc/arm-none-eabi/8.2.1/../../../../arm-none-eabi/lib/thumb/v7-m/nofp/libcr_c.a(fflush.o)
 .comment       0x0000000000000075       0x76 /usr/local/mcuxpressoide-11.0.1_2563/ide/plugins/com.nxp.mcuxpresso.tools.linux_11.0.1.201907311258/tools/bin/../lib/gcc/arm-none-eabi/8.2.1/../../../../arm-none-eabi/lib/thumb/v7-m/nofp/libcr_c.a(fseek.o)
 .comment       0x0000000000000075       0x76 /usr/local/mcuxpressoide-11.0.1_2563/ide/plugins/com.nxp.mcuxpresso.tools.linux_11.0.1.201907311258/tools/bin/../lib/gcc/arm-none-eabi/8.2.1/../../../../arm-none-eabi/lib/thumb/v7-m/nofp/libcr_c.a(ftell.o)
 .comment       0x0000000000000075       0x76 /usr/local/mcuxpressoide-11.0.1_2563/ide/plugins/com.nxp.mcuxpresso.tools.linux_11.0.1.201907311258/tools/bin/../lib/gcc/arm-none-eabi/8.2.1/../../../../arm-none-eabi/lib/thumb/v7-m/nofp/libcr_c.a(remove.o)
 .comment       0x0000000000000075       0x76 /usr/local/mcuxpressoide-11.0.1_2563/ide/plugins/com.nxp.mcuxpresso.tools.linux_11.0.1.201907311258/tools/bin/../lib/gcc/arm-none-eabi/8.2.1/../../../../arm-none-eabi/lib/thumb/v7-m/nofp/libcr_c.a(strlen.o)
 .comment       0x0000000000000075       0x76 /usr/local/mcuxpressoide-11.0.1_2563/ide/plugins/com.nxp.mcuxpresso.tools.linux_11.0.1.201907311258/tools/bin/../lib/gcc/arm-none-eabi/8.2.1/../../../../arm-none-eabi/lib/thumb/v7-m/nofp/libcr_c.a(memset.o)
 .comment       0x0000000000000075       0x76 /usr/local/mcuxpressoide-11.0.1_2563/ide/plugins/com.nxp.mcuxpresso.tools.linux_11.0.1.201907311258/tools/bin/../lib/gcc/arm-none-eabi/8.2.1/../../../../arm-none-eabi/lib/thumb/v7-m/nofp/libcr_c.a(_do_fflush.o)
 .comment       0x0000000000000075       0x76 /usr/local/mcuxpressoide-11.0.1_2563/ide/plugins/com.nxp.mcuxpresso.tools.linux_11.0.1.201907311258/tools/bin/../lib/gcc/arm-none-eabi/8.2.1/../../../../arm-none-eabi/lib/thumb/v7-m/nofp/libcr_c.a(_fflush.o)
 .comment       0x0000000000000075       0x76 /usr/local/mcuxpressoide-11.0.1_2563/ide/plugins/com.nxp.mcuxpresso.tools.linux_11.0.1.201907311258/tools/bin/../lib/gcc/arm-none-eabi/8.2.1/../../../../arm-none-eabi/lib/thumb/v7-m/nofp/libcr_c.a(_writebuf.o)
 .comment       0x0000000000000075       0x76 /usr/local/mcuxpressoide-11.0.1_2563/ide/plugins/com.nxp.mcuxpresso.tools.linux_11.0.1.201907311258/tools/bin/../lib/gcc/arm-none-eabi/8.2.1/../../../../arm-none-eabi/lib/thumb/v7-m/nofp/libcr_c.a(alloc.o)
 .comment       0x0000000000000075       0x76 /usr/local/mcuxpressoide-11.0.1_2563/ide/plugins/com.nxp.mcuxpresso.tools.linux_11.0.1.201907311258/tools/bin/../lib/gcc/arm-none-eabi/8.2.1/../../../../arm-none-eabi/lib/thumb/v7-m/nofp/libcr_c.a(errno.o)
 .comment       0x0000000000000075       0x76 /usr/local/mcuxpressoide-11.0.1_2563/ide/plugins/com.nxp.mcuxpresso.tools.linux_11.0.1.201907311258/tools/bin/../lib/gcc/arm-none-eabi/8.2.1/../../../../arm-none-eabi/lib/thumb/v7-m/nofp/libcr_c.a(_deferredlazyseek.o)
 .comment       0x0000000000000075       0x76 /usr/local/mcuxpressoide-11.0.1_2563/ide/plugins/com.nxp.mcuxpresso.tools.linux_11.0.1.201907311258/tools/bin/../lib/gcc/arm-none-eabi/8.2.1/../../../../arm-none-eabi/lib/thumb/v7-m/nofp/libcr_nohost.a(__ciob.o)
 .comment       0x0000000000000075       0x76 /usr/local/mcuxpressoide-11.0.1_2563/ide/plugins/com.nxp.mcuxpresso.tools.linux_11.0.1.201907311258/tools/bin/../lib/gcc/arm-none-eabi/8.2.1/../../../../arm-none-eabi/lib/thumb/v7-m/nofp/libcr_nohost.a(__sys_close.o)
 .comment       0x0000000000000075       0x76 /usr/local/mcuxpressoide-11.0.1_2563/ide/plugins/com.nxp.mcuxpresso.tools.linux_11.0.1.201907311258/tools/bin/../lib/gcc/arm-none-eabi/8.2.1/../../../../arm-none-eabi/lib/thumb/v7-m/nofp/libcr_nohost.a(__sys_flen.o)
 .comment       0x0000000000000075       0x76 /usr/local/mcuxpressoide-11.0.1_2563/ide/plugins/com.nxp.mcuxpresso.tools.linux_11.0.1.201907311258/tools/bin/../lib/gcc/arm-none-eabi/8.2.1/../../../../arm-none-eabi/lib/thumb/v7-m/nofp/libcr_nohost.a(__sys_istty.o)
 .comment       0x0000000000000075       0x76 /usr/local/mcuxpressoide-11.0.1_2563/ide/plugins/com.nxp.mcuxpresso.tools.linux_11.0.1.201907311258/tools/bin/../lib/gcc/arm-none-eabi/8.2.1/../../../../arm-none-eabi/lib/thumb/v7-m/nofp/libcr_nohost.a(__sys_remove.o)
 .comment       0x0000000000000075       0x76 /usr/local/mcuxpressoide-11.0.1_2563/ide/plugins/com.nxp.mcuxpresso.tools.linux_11.0.1.201907311258/tools/bin/../lib/gcc/arm-none-eabi/8.2.1/../../../../arm-none-eabi/lib/thumb/v7-m/nofp/libcr_nohost.a(__sys_seek.o)
 .comment       0x0000000000000075       0x76 /usr/local/mcuxpressoide-11.0.1_2563/ide/plugins/com.nxp.mcuxpresso.tools.linux_11.0.1.201907311258/tools/bin/../lib/gcc/arm-none-eabi/8.2.1/../../../../arm-none-eabi/lib/thumb/v7-m/nofp/libcr_nohost.a(__sys_tmpnam.o)

.ARM.attributes
                0x0000000000000000       0x2b
 .ARM.attributes
                0x0000000000000000       0x2d ./example/src/cr_startup_lpc175x_6x.o
 .ARM.attributes
                0x000000000000002d       0x2d ./example/src/sysinit.o
 .ARM.attributes
                0x000000000000005a       0x2d ./example/src/uart_rb.o
 .ARM.attributes
                0x0000000000000087       0x2d /home/takis/Identities/takiszourntos/teaching/lambton/2019/fall/ese3025/RTOS/lpc_board_nxp_lpcxpresso_1769/Debug/liblpc_board_nxp_lpcxpresso_1769.a(board.o)
 .ARM.attributes
                0x00000000000000b4       0x2d /home/takis/Identities/takiszourntos/teaching/lambton/2019/fall/ese3025/RTOS/lpc_board_nxp_lpcxpresso_1769/Debug/liblpc_board_nxp_lpcxpresso_1769.a(board_sysinit.o)
 .ARM.attributes
                0x00000000000000e1       0x2d /home/takis/Identities/takiszourntos/teaching/lambton/2019/fall/ese3025/RTOS/lpc_chip_175x_6x/Debug/liblpc_chip_175x_6x.a(chip_17xx_40xx.o)
 .ARM.attributes
                0x000000000000010e       0x2d /home/takis/Identities/takiszourntos/teaching/lambton/2019/fall/ese3025/RTOS/lpc_chip_175x_6x/Debug/liblpc_chip_175x_6x.a(clock_17xx_40xx.o)
 .ARM.attributes
                0x000000000000013b       0x2d /home/takis/Identities/takiszourntos/teaching/lambton/2019/fall/ese3025/RTOS/lpc_chip_175x_6x/Debug/liblpc_chip_175x_6x.a(iocon_17xx_40xx.o)
 .ARM.attributes
                0x0000000000000168       0x2d /home/takis/Identities/takiszourntos/teaching/lambton/2019/fall/ese3025/RTOS/lpc_chip_175x_6x/Debug/liblpc_chip_175x_6x.a(ring_buffer.o)
 .ARM.attributes
                0x0000000000000195       0x2d /home/takis/Identities/takiszourntos/teaching/lambton/2019/fall/ese3025/RTOS/lpc_chip_175x_6x/Debug/liblpc_chip_175x_6x.a(sysinit_17xx_40xx.o)
 .ARM.attributes
                0x00000000000001c2       0x2d /home/takis/Identities/takiszourntos/teaching/lambton/2019/fall/ese3025/RTOS/lpc_chip_175x_6x/Debug/liblpc_chip_175x_6x.a(uart_17xx_40xx.o)
 .ARM.attributes
                0x00000000000001ef       0x2d /usr/local/mcuxpressoide-11.0.1_2563/ide/plugins/com.nxp.mcuxpresso.tools.linux_11.0.1.201907311258/tools/bin/../lib/gcc/arm-none-eabi/8.2.1/../../../../arm-none-eabi/lib/thumb/v7-m/nofp/libcr_nohost.a(_cr__main.o)
 .ARM.attributes
                0x000000000000021c       0x2d /usr/local/mcuxpressoide-11.0.1_2563/ide/plugins/com.nxp.mcuxpresso.tools.linux_11.0.1.201907311258/tools/bin/../lib/gcc/arm-none-eabi/8.2.1/../../../../arm-none-eabi/lib/thumb/v7-m/nofp/libcr_c.a(memcpy.o)
 .ARM.attributes
                0x0000000000000249       0x2d /usr/local/mcuxpressoide-11.0.1_2563/ide/plugins/com.nxp.mcuxpresso.tools.linux_11.0.1.201907311258/tools/bin/../lib/gcc/arm-none-eabi/8.2.1/../../../../arm-none-eabi/lib/thumb/v7-m/nofp/libcr_c.a(initio.o)
 .ARM.attributes
                0x0000000000000276       0x2d /usr/local/mcuxpressoide-11.0.1_2563/ide/plugins/com.nxp.mcuxpresso.tools.linux_11.0.1.201907311258/tools/bin/../lib/gcc/arm-none-eabi/8.2.1/../../../../arm-none-eabi/lib/thumb/v7-m/nofp/libcr_c.a(setvbuf.o)
 .ARM.attributes
                0x00000000000002a3       0x2d /usr/local/mcuxpressoide-11.0.1_2563/ide/plugins/com.nxp.mcuxpresso.tools.linux_11.0.1.201907311258/tools/bin/../lib/gcc/arm-none-eabi/8.2.1/../../../../arm-none-eabi/lib/thumb/v7-m/nofp/libcr_c.a(_fdopen.o)
 .ARM.attributes
                0x00000000000002d0       0x2d /usr/local/mcuxpressoide-11.0.1_2563/ide/plugins/com.nxp.mcuxpresso.tools.linux_11.0.1.201907311258/tools/bin/../lib/gcc/arm-none-eabi/8.2.1/../../../../arm-none-eabi/lib/thumb/v7-m/nofp/libcr_c.a(fclose.o)
 .ARM.attributes
                0x00000000000002fd       0x2d /usr/local/mcuxpressoide-11.0.1_2563/ide/plugins/com.nxp.mcuxpresso.tools.linux_11.0.1.201907311258/tools/bin/../lib/gcc/arm-none-eabi/8.2.1/../../../../arm-none-eabi/lib/thumb/v7-m/nofp/libcr_c.a(fflush.o)
 .ARM.attributes
                0x000000000000032a       0x2d /usr/local/mcuxpressoide-11.0.1_2563/ide/plugins/com.nxp.mcuxpresso.tools.linux_11.0.1.201907311258/tools/bin/../lib/gcc/arm-none-eabi/8.2.1/../../../../arm-none-eabi/lib/thumb/v7-m/nofp/libcr_c.a(fseek.o)
 .ARM.attributes
                0x0000000000000357       0x2d /usr/local/mcuxpressoide-11.0.1_2563/ide/plugins/com.nxp.mcuxpresso.tools.linux_11.0.1.201907311258/tools/bin/../lib/gcc/arm-none-eabi/8.2.1/../../../../arm-none-eabi/lib/thumb/v7-m/nofp/libcr_c.a(ftell.o)
 .ARM.attributes
                0x0000000000000384       0x2d /usr/local/mcuxpressoide-11.0.1_2563/ide/plugins/com.nxp.mcuxpresso.tools.linux_11.0.1.201907311258/tools/bin/../lib/gcc/arm-none-eabi/8.2.1/../../../../arm-none-eabi/lib/thumb/v7-m/nofp/libcr_c.a(remove.o)
 .ARM.attributes
                0x00000000000003b1       0x2d /usr/local/mcuxpressoide-11.0.1_2563/ide/plugins/com.nxp.mcuxpresso.tools.linux_11.0.1.201907311258/tools/bin/../lib/gcc/arm-none-eabi/8.2.1/../../../../arm-none-eabi/lib/thumb/v7-m/nofp/libcr_c.a(strlen.o)
 .ARM.attributes
                0x00000000000003de       0x2d /usr/local/mcuxpressoide-11.0.1_2563/ide/plugins/com.nxp.mcuxpresso.tools.linux_11.0.1.201907311258/tools/bin/../lib/gcc/arm-none-eabi/8.2.1/../../../../arm-none-eabi/lib/thumb/v7-m/nofp/libcr_c.a(memset.o)
 .ARM.attributes
                0x000000000000040b       0x2d /usr/local/mcuxpressoide-11.0.1_2563/ide/plugins/com.nxp.mcuxpresso.tools.linux_11.0.1.201907311258/tools/bin/../lib/gcc/arm-none-eabi/8.2.1/../../../../arm-none-eabi/lib/thumb/v7-m/nofp/libcr_c.a(_do_fflush.o)
 .ARM.attributes
                0x0000000000000438       0x2d /usr/local/mcuxpressoide-11.0.1_2563/ide/plugins/com.nxp.mcuxpresso.tools.linux_11.0.1.201907311258/tools/bin/../lib/gcc/arm-none-eabi/8.2.1/../../../../arm-none-eabi/lib/thumb/v7-m/nofp/libcr_c.a(_fflush.o)
 .ARM.attributes
                0x0000000000000465       0x2d /usr/local/mcuxpressoide-11.0.1_2563/ide/plugins/com.nxp.mcuxpresso.tools.linux_11.0.1.201907311258/tools/bin/../lib/gcc/arm-none-eabi/8.2.1/../../../../arm-none-eabi/lib/thumb/v7-m/nofp/libcr_c.a(_writebuf.o)
 .ARM.attributes
                0x0000000000000492       0x2d /usr/local/mcuxpressoide-11.0.1_2563/ide/plugins/com.nxp.mcuxpresso.tools.linux_11.0.1.201907311258/tools/bin/../lib/gcc/arm-none-eabi/8.2.1/../../../../arm-none-eabi/lib/thumb/v7-m/nofp/libcr_c.a(alloc.o)
 .ARM.attributes
                0x00000000000004bf       0x33 /usr/local/mcuxpressoide-11.0.1_2563/ide/plugins/com.nxp.mcuxpresso.tools.linux_11.0.1.201907311258/tools/bin/../lib/gcc/arm-none-eabi/8.2.1/../../../../arm-none-eabi/lib/thumb/v7-m/nofp/libcr_c.a(errno.o)
 .ARM.attributes
                0x00000000000004f2       0x2d /usr/local/mcuxpressoide-11.0.1_2563/ide/plugins/com.nxp.mcuxpresso.tools.linux_11.0.1.201907311258/tools/bin/../lib/gcc/arm-none-eabi/8.2.1/../../../../arm-none-eabi/lib/thumb/v7-m/nofp/libcr_c.a(_deferredlazyseek.o)
 .ARM.attributes
                0x000000000000051f       0x1b /usr/local/mcuxpressoide-11.0.1_2563/ide/plugins/com.nxp.mcuxpresso.tools.linux_11.0.1.201907311258/tools/bin/../lib/gcc/arm-none-eabi/8.2.1/thumb/v7-m/nofp/libcr_eabihelpers.a(memcpy.o)
 .ARM.attributes
                0x000000000000053a       0x33 /usr/local/mcuxpressoide-11.0.1_2563/ide/plugins/com.nxp.mcuxpresso.tools.linux_11.0.1.201907311258/tools/bin/../lib/gcc/arm-none-eabi/8.2.1/../../../../arm-none-eabi/lib/thumb/v7-m/nofp/libcr_nohost.a(__ciob.o)
 .ARM.attributes
                0x000000000000056d       0x2d /usr/local/mcuxpressoide-11.0.1_2563/ide/plugins/com.nxp.mcuxpresso.tools.linux_11.0.1.201907311258/tools/bin/../lib/gcc/arm-none-eabi/8.2.1/../../../../arm-none-eabi/lib/thumb/v7-m/nofp/libcr_nohost.a(__sys_close.o)
 .ARM.attributes
                0x000000000000059a       0x2d /usr/local/mcuxpressoide-11.0.1_2563/ide/plugins/com.nxp.mcuxpresso.tools.linux_11.0.1.201907311258/tools/bin/../lib/gcc/arm-none-eabi/8.2.1/../../../../arm-none-eabi/lib/thumb/v7-m/nofp/libcr_nohost.a(__sys_flen.o)
 .ARM.attributes
                0x00000000000005c7       0x2d /usr/local/mcuxpressoide-11.0.1_2563/ide/plugins/com.nxp.mcuxpresso.tools.linux_11.0.1.201907311258/tools/bin/../lib/gcc/arm-none-eabi/8.2.1/../../../../arm-none-eabi/lib/thumb/v7-m/nofp/libcr_nohost.a(__sys_istty.o)
 .ARM.attributes
                0x00000000000005f4       0x2d /usr/local/mcuxpressoide-11.0.1_2563/ide/plugins/com.nxp.mcuxpresso.tools.linux_11.0.1.201907311258/tools/bin/../lib/gcc/arm-none-eabi/8.2.1/../../../../arm-none-eabi/lib/thumb/v7-m/nofp/libcr_nohost.a(__sys_remove.o)
 .ARM.attributes
                0x0000000000000621       0x2d /usr/local/mcuxpressoide-11.0.1_2563/ide/plugins/com.nxp.mcuxpresso.tools.linux_11.0.1.201907311258/tools/bin/../lib/gcc/arm-none-eabi/8.2.1/../../../../arm-none-eabi/lib/thumb/v7-m/nofp/libcr_nohost.a(__sys_seek.o)
 .ARM.attributes
                0x000000000000064e       0x2d /usr/local/mcuxpressoide-11.0.1_2563/ide/plugins/com.nxp.mcuxpresso.tools.linux_11.0.1.201907311258/tools/bin/../lib/gcc/arm-none-eabi/8.2.1/../../../../arm-none-eabi/lib/thumb/v7-m/nofp/libcr_nohost.a(__sys_tmpnam.o)

.debug_frame    0x0000000000000000     0x169c
 .debug_frame   0x0000000000000000      0x170 ./example/src/cr_startup_lpc175x_6x.o
 .debug_frame   0x0000000000000170       0x34 ./example/src/sysinit.o
 .debug_frame   0x00000000000001a4      0x140 ./example/src/uart_rb.o
 .debug_frame   0x00000000000002e4      0x5d4 /home/takis/Identities/takiszourntos/teaching/lambton/2019/fall/ese3025/RTOS/lpc_board_nxp_lpcxpresso_1769/Debug/liblpc_board_nxp_lpcxpresso_1769.a(board.o)
 .debug_frame   0x00000000000008b8       0x8c /home/takis/Identities/takiszourntos/teaching/lambton/2019/fall/ese3025/RTOS/lpc_board_nxp_lpcxpresso_1769/Debug/liblpc_board_nxp_lpcxpresso_1769.a(board_sysinit.o)
 .debug_frame   0x0000000000000944       0x88 /home/takis/Identities/takiszourntos/teaching/lambton/2019/fall/ese3025/RTOS/lpc_chip_175x_6x/Debug/liblpc_chip_175x_6x.a(chip_17xx_40xx.o)
 .debug_frame   0x00000000000009cc      0x490 /home/takis/Identities/takiszourntos/teaching/lambton/2019/fall/ese3025/RTOS/lpc_chip_175x_6x/Debug/liblpc_chip_175x_6x.a(clock_17xx_40xx.o)
 .debug_frame   0x0000000000000e5c       0x80 /home/takis/Identities/takiszourntos/teaching/lambton/2019/fall/ese3025/RTOS/lpc_chip_175x_6x/Debug/liblpc_chip_175x_6x.a(iocon_17xx_40xx.o)
 .debug_frame   0x0000000000000edc      0x164 /home/takis/Identities/takiszourntos/teaching/lambton/2019/fall/ese3025/RTOS/lpc_chip_175x_6x/Debug/liblpc_chip_175x_6x.a(ring_buffer.o)
 .debug_frame   0x0000000000001040      0x12c /home/takis/Identities/takiszourntos/teaching/lambton/2019/fall/ese3025/RTOS/lpc_chip_175x_6x/Debug/liblpc_chip_175x_6x.a(sysinit_17xx_40xx.o)
 .debug_frame   0x000000000000116c      0x530 /home/takis/Identities/takiszourntos/teaching/lambton/2019/fall/ese3025/RTOS/lpc_chip_175x_6x/Debug/liblpc_chip_175x_6x.a(uart_17xx_40xx.o)
