ip_frag.c:122:1:ip_reass_tmr	24	static
ip_frag.c:158:1:ip_reass_free_complete_datagram	40	static
ip_frag.c:221:1:ip_reass_remove_oldest_datagram	40	static
ip_frag.c:269:1:ip_reass_enqueue_new_datagram	24	static
ip_frag.c:304:1:ip_reass_dequeue_datagram	16	static
ip_frag.c:331:1:ip_reass_chain_frag_into_datagram_and_validate	48	static
ip_frag.c:476:1:ip_reass	48	static
ip_frag.c:624:1:ip_frag_alloc_pbuf_custom_ref	8	static
ip_frag.c:631:1:ip_frag_free_pbuf_custom_ref	16	static
ip_frag.c:640:1:ipfrag_free_pbuf_custom	24	static
ip_frag.c:667:1:ip_frag	80	static
