Archive member included to satisfy reference by file (symbol)

/home/takis/Identities/takiszourntos/teaching/lambton/2019/fall/ese3025/RTOS/lpc_board_nxp_lpcxpresso_1769/Debug/liblpc_board_nxp_lpcxpresso_1769.a(board.o)
                              ./example/src/pinint.o (Board_LED_Set)
/home/takis/Identities/takiszourntos/teaching/lambton/2019/fall/ese3025/RTOS/lpc_board_nxp_lpcxpresso_1769/Debug/liblpc_board_nxp_lpcxpresso_1769.a(board_sysinit.o)
                              ./example/src/sysinit.o (Board_SystemInit)
/home/takis/Identities/takiszourntos/teaching/lambton/2019/fall/ese3025/RTOS/lpc_chip_175x_6x/Debug/liblpc_chip_175x_6x.a(chip_17xx_40xx.o)
                              ./example/src/pinint.o (SystemCoreClockUpdate)
/home/takis/Identities/takiszourntos/teaching/lambton/2019/fall/ese3025/RTOS/lpc_chip_175x_6x/Debug/liblpc_chip_175x_6x.a(clock_17xx_40xx.o)
                              /home/takis/Identities/takiszourntos/teaching/lambton/2019/fall/ese3025/RTOS/lpc_chip_175x_6x/Debug/liblpc_chip_175x_6x.a(chip_17xx_40xx.o) (Chip_Clock_EnablePLL)
/home/takis/Identities/takiszourntos/teaching/lambton/2019/fall/ese3025/RTOS/lpc_chip_175x_6x/Debug/liblpc_chip_175x_6x.a(i2s_17xx_40xx.o)
                              /home/takis/Identities/takiszourntos/teaching/lambton/2019/fall/ese3025/RTOS/lpc_board_nxp_lpcxpresso_1769/Debug/liblpc_board_nxp_lpcxpresso_1769.a(board.o) (Chip_I2S_Init)
/home/takis/Identities/takiszourntos/teaching/lambton/2019/fall/ese3025/RTOS/lpc_chip_175x_6x/Debug/liblpc_chip_175x_6x.a(iocon_17xx_40xx.o)
                              /home/takis/Identities/takiszourntos/teaching/lambton/2019/fall/ese3025/RTOS/lpc_board_nxp_lpcxpresso_1769/Debug/liblpc_board_nxp_lpcxpresso_1769.a(board.o) (Chip_IOCON_PinMux)
/home/takis/Identities/takiszourntos/teaching/lambton/2019/fall/ese3025/RTOS/lpc_chip_175x_6x/Debug/liblpc_chip_175x_6x.a(sysinit_17xx_40xx.o)
                              /home/takis/Identities/takiszourntos/teaching/lambton/2019/fall/ese3025/RTOS/lpc_board_nxp_lpcxpresso_1769/Debug/liblpc_board_nxp_lpcxpresso_1769.a(board_sysinit.o) (Chip_SetupXtalClocking)
/home/takis/Identities/takiszourntos/teaching/lambton/2019/fall/ese3025/RTOS/lpc_chip_175x_6x/Debug/liblpc_chip_175x_6x.a(uart_17xx_40xx.o)
                              /home/takis/Identities/takiszourntos/teaching/lambton/2019/fall/ese3025/RTOS/lpc_board_nxp_lpcxpresso_1769/Debug/liblpc_board_nxp_lpcxpresso_1769.a(board.o) (Chip_UART_Init)
/home/takis/Identities/takiszourntos/teaching/lambton/2019/fall/ese3025/RTOS/lpc_chip_175x_6x/Debug/liblpc_chip_175x_6x.a(ring_buffer.o)
                              /home/takis/Identities/takiszourntos/teaching/lambton/2019/fall/ese3025/RTOS/lpc_chip_175x_6x/Debug/liblpc_chip_175x_6x.a(uart_17xx_40xx.o) (RingBuffer_Insert)
/usr/local/mcuxpressoide-11.0.1_2563/ide/plugins/com.nxp.mcuxpresso.tools.linux_11.0.1.201907311258/tools/bin/../lib/gcc/arm-none-eabi/8.2.1/../../../../arm-none-eabi/lib/thumb/v7-m/nofp/libcr_nohost.a(_cr__main.o)
                              ./example/src/cr_startup_lpc175x_6x.o (__main)
/usr/local/mcuxpressoide-11.0.1_2563/ide/plugins/com.nxp.mcuxpresso.tools.linux_11.0.1.201907311258/tools/bin/../lib/gcc/arm-none-eabi/8.2.1/../../../../arm-none-eabi/lib/thumb/v7-m/nofp/libcr_c.a(memcpy.o)
                              /home/takis/Identities/takiszourntos/teaching/lambton/2019/fall/ese3025/RTOS/lpc_board_nxp_lpcxpresso_1769/Debug/liblpc_board_nxp_lpcxpresso_1769.a(board.o) (memcpy)
/usr/local/mcuxpressoide-11.0.1_2563/ide/plugins/com.nxp.mcuxpresso.tools.linux_11.0.1.201907311258/tools/bin/../lib/gcc/arm-none-eabi/8.2.1/../../../../arm-none-eabi/lib/thumb/v7-m/nofp/libcr_c.a(initio.o)
                              /usr/local/mcuxpressoide-11.0.1_2563/ide/plugins/com.nxp.mcuxpresso.tools.linux_11.0.1.201907311258/tools/bin/../lib/gcc/arm-none-eabi/8.2.1/../../../../arm-none-eabi/lib/thumb/v7-m/nofp/libcr_nohost.a(_cr__main.o) (_initio)
/usr/local/mcuxpressoide-11.0.1_2563/ide/plugins/com.nxp.mcuxpresso.tools.linux_11.0.1.201907311258/tools/bin/../lib/gcc/arm-none-eabi/8.2.1/../../../../arm-none-eabi/lib/thumb/v7-m/nofp/libcr_c.a(setvbuf.o)
                              /usr/local/mcuxpressoide-11.0.1_2563/ide/plugins/com.nxp.mcuxpresso.tools.linux_11.0.1.201907311258/tools/bin/../lib/gcc/arm-none-eabi/8.2.1/../../../../arm-none-eabi/lib/thumb/v7-m/nofp/libcr_c.a(initio.o) (setvbuf)
/usr/local/mcuxpressoide-11.0.1_2563/ide/plugins/com.nxp.mcuxpresso.tools.linux_11.0.1.201907311258/tools/bin/../lib/gcc/arm-none-eabi/8.2.1/../../../../arm-none-eabi/lib/thumb/v7-m/nofp/libcr_c.a(_fdopen.o)
                              /usr/local/mcuxpressoide-11.0.1_2563/ide/plugins/com.nxp.mcuxpresso.tools.linux_11.0.1.201907311258/tools/bin/../lib/gcc/arm-none-eabi/8.2.1/../../../../arm-none-eabi/lib/thumb/v7-m/nofp/libcr_c.a(initio.o) (_fdopen)
[...]
Memory Configuration

Name             Origin             Length             Attributes
MFlash512        0x0000000000000000 0x0000000000080000 xr
RamLoc32         0x0000000010000000 0x0000000000008000 xrw
RamAHB32         0x000000002007c000 0x0000000000008000 xrw
*default*        0x0000000000000000 0xffffffffffffffff

Linker script and memory map

LOAD ./example/src/cr_startup_lpc175x_6x.o
LOAD ./example/src/pinint.o
LOAD ./example/src/sysinit.o
LOAD /home/takis/Identities/takiszourntos/teaching/lambton/2019/fall/ese3025/RTOS/lpc_board_nxp_lpcxpresso_1769/Debug/liblpc_board_nxp_lpcxpresso_1769.a
LOAD /home/takis/Identities/takiszourntos/teaching/lambton/2019/fall/ese3025/RTOS/lpc_chip_175x_6x/Debug/liblpc_chip_175x_6x.a
START GROUP
LOAD /usr/local/mcuxpressoide-11.0.1_2563/ide/plugins/com.nxp.mcuxpresso.tools.linux_11.0.1.201907311258/tools/bin/../lib/gcc/arm-none-eabi/8.2.1/../../../../arm-none-eabi/lib/thumb/v7-m/nofp/libcr_nohost.a
LOAD /usr/local/mcuxpressoide-11.0.1_2563/ide/plugins/com.nxp.mcuxpresso.tools.linux_11.0.1.201907311258/tools/bin/../lib/gcc/arm-none-eabi/8.2.1/../../../../arm-none-eabi/lib/thumb/v7-m/nofp/libcr_c.a
LOAD /usr/local/mcuxpressoide-11.0.1_2563/ide/plugins/com.nxp.mcuxpresso.tools.linux_11.0.1.201907311258/tools/bin/../lib/gcc/arm-none-eabi/8.2.1/thumb/v7-m/nofp/libcr_eabihelpers.a
LOAD /usr/local/mcuxpressoide-11.0.1_2563/ide/plugins/com.nxp.mcuxpresso.tools.linux_11.0.1.201907311258/tools/bin/../lib/gcc/arm-none-eabi/8.2.1/thumb/v7-m/nofp/libgcc.a
END GROUP
                0x0000000000000000                __base_MFlash512 = 0x0
                0x0000000000000000                __base_Flash = 0x0
                0x0000000000080000                __top_MFlash512 = 0x80000
                0x0000000000080000                __top_Flash = 0x80000
                0x0000000010000000                __base_RamLoc32 = 0x10000000
                0x0000000010000000                __base_RAM = 0x10000000
                0x0000000010008000                __top_RamLoc32 = 0x10008000
                0x0000000010008000                __top_RAM = 0x10008000
                0x000000002007c000                __base_RamAHB32 = 0x2007c000
                0x000000002007c000                __base_RAM2 = 0x2007c000
                0x0000000020084000                __top_RamAHB32 = 0x20084000
                0x0000000020084000                __top_RAM2 = 0x20084000

.text           0x0000000000000000     0x16e0
 FILL mask 0xff
                0x0000000000000000                __vectors_start__ = ABSOLUTE (.)
 *(.isr_vector)
 .isr_vector    0x0000000000000000       0xcc ./example/src/cr_startup_lpc175x_6x.o
                0x0000000000000000                g_pfnVectors
                0x00000000000000cc                . = ALIGN (0x4)
                0x00000000000000cc                __section_table_start = .
                0x00000000000000cc                __data_section_table = .
                0x00000000000000cc        0x4 LONG 0x16e0 LOADADDR (.data)
                0x00000000000000d0        0x4 LONG 0x10000000 ADDR (.data)
                0x00000000000000d4        0x4 LONG 0x0 SIZEOF (.data)
                0x00000000000000d8        0x4 LONG 0x16e0 LOADADDR (.data_RAM2)
                0x00000000000000dc        0x4 LONG 0x2007c000 ADDR (.data_RAM2)
                0x00000000000000e0        0x4 LONG 0x0 SIZEOF (.data_RAM2)
                0x00000000000000e4                __data_section_table_end = .
                0x00000000000000e4                __bss_section_table = .
                0x00000000000000e4        0x4 LONG 0x10000000 ADDR (.bss)
                0x00000000000000e8        0x4 LONG 0x1e8 SIZEOF (.bss)
                0x00000000000000ec        0x4 LONG 0x2007c000 ADDR (.bss_RAM2)
                0x00000000000000f0        0x4 LONG 0x0 SIZEOF (.bss_RAM2)
                0x00000000000000f4                __bss_section_table_end = .
                0x00000000000000f4                __section_table_end = .
 *(.after_vectors*)
 .after_vectors
                0x00000000000000f4      0x12c ./example/src/cr_startup_lpc175x_6x.o
                0x00000000000000f4                data_init
                0x0000000000000136                bss_init
                0x000000000000016c                ResetISR
                0x00000000000001e4                NMI_Handler
                0x00000000000001ea                HardFault_Handler
                0x00000000000001f0                MemManage_Handler
                0x00000000000001f6                BusFault_Handler
                0x00000000000001fc                UsageFault_Handler
                0x0000000000000202                SVC_Handler
                0x0000000000000208                DebugMon_Handler
                0x000000000000020e                PendSV_Handler
                0x0000000000000214                SysTick_Handler
                0x000000000000021a                TIMER2_IRQHandler
                0x000000000000021a                RIT_IRQHandler
                0x000000000000021a                I2C0_IRQHandler
                0x000000000000021a                USBActivity_IRQHandler
                0x000000000000021a                PWM1_IRQHandler
                0x000000000000021a                I2C1_IRQHandler
                0x000000000000021a                EINT2_IRQHandler
                0x000000000000021a                UART1_IRQHandler
                0x000000000000021a                CANActivity_IRQHandler
                0x000000000000021a                TIMER3_IRQHandler
                0x000000000000021a                UART0_IRQHandler
                0x000000000000021a                IntDefaultHandler
                0x000000000000021a                PLL0_IRQHandler
                0x000000000000021a                CAN_IRQHandler
                0x000000000000021a                PLL1_IRQHandler
                0x000000000000021a                SSP0_IRQHandler
                0x000000000000021a                I2S_IRQHandler
                0x000000000000021a                I2C2_IRQHandler
                0x000000000000021a                RTC_IRQHandler
                0x000000000000021a                TIMER0_IRQHandler
                0x000000000000021a                SPI_IRQHandler
                0x000000000000021a                EINT1_IRQHandler
                0x000000000000021a                TIMER1_IRQHandler
                0x000000000000021a                UART2_IRQHandler
                0x000000000000021a                ADC_IRQHandler
                0x000000000000021a                SSP1_IRQHandler
                0x000000000000021a                USB_IRQHandler
                0x000000000000021a                BOD_IRQHandler
                0x000000000000021a                WDT_IRQHandler
                0x000000000000021a                QEI_IRQHandler
                0x000000000000021a                EINT0_IRQHandler
                0x000000000000021a                ETH_IRQHandler
                0x000000000000021a                DMA_IRQHandler
                0x000000000000021a                UART3_IRQHandler
                0x000000000000021a                MCPWM_IRQHandler
 *(.text*)
 .text.NVIC_EnableIRQ
                0x0000000000000220       0x30 ./example/src/pinint.o
 .text.NVIC_ClearPendingIRQ
                0x0000000000000250       0x34 ./example/src/pinint.o
 .text.Chip_GPIO_SetPinDIRInput
                0x0000000000000284       0x3a ./example/src/pinint.o
 .text.Chip_GPIOINT_SetIntFalling
                0x00000000000002be       0x2c ./example/src/pinint.o
 .text.Chip_GPIOINT_ClearIntStatus
                0x00000000000002ea       0x2c ./example/src/pinint.o
 *fill*         0x0000000000000316        0x2 ff
 .text.EINT3_IRQHandler
                0x0000000000000318       0x20 ./example/src/pinint.o
                0x0000000000000318                EINT3_IRQHandler
 .text.main     0x0000000000000338       0x44 ./example/src/pinint.o
                0x0000000000000338                main
 .text.SystemInit
                0x000000000000037c       0x24 ./example/src/sysinit.o
                0x000000000000037c                SystemInit
 .text.Chip_IOCON_Init
                0x00000000000003a0       0x16 /home/takis/Identities/takiszourntos/teaching/lambton/2019/fall/ese3025/RTOS/lpc_board_nxp_lpcxpresso_1769/Debug/liblpc_board_nxp_lpcxpresso_1769.a(board.o)
 .text.Chip_GPIO_Init
                0x00000000000003b6       0x16 /home/takis/Identities/takiszourntos/teaching/lambton/2019/fall/ese3025/RTOS/lpc_board_nxp_lpcxpresso_1769/Debug/liblpc_board_nxp_lpcxpresso_1769.a(board.o)
 .text.Chip_GPIO_SetPinState
                0x00000000000003cc       0x64 /home/takis/Identities/takiszourntos/teaching/lambton/2019/fall/ese3025/RTOS/lpc_board_nxp_lpcxpresso_1769/Debug/liblpc_board_nxp_lpcxpresso_1769.a(board.o)
 .text.Chip_GPIO_WritePortBit
                0x0000000000000430       0x2c /home/takis/Identities/takiszourntos/teaching/lambton/2019/fall/ese3025/RTOS/lpc_board_nxp_lpcxpresso_1769/Debug/liblpc_board_nxp_lpcxpresso_1769.a(board.o)
 .text.Chip_GPIO_GetPinState
                0x000000000000045c       0x38 /home/takis/Identities/takiszourntos/teaching/lambton/2019/fall/ese3025/RTOS/lpc_board_nxp_lpcxpresso_1769/Debug/liblpc_board_nxp_lpcxpresso_1769.a(board.o)
 .text.Chip_GPIO_ReadPortBit
                0x0000000000000494       0x26 /home/takis/Identities/takiszourntos/teaching/lambton/2019/fall/ese3025/RTOS/lpc_board_nxp_lpcxpresso_1769/Debug/liblpc_board_nxp_lpcxpresso_1769.a(board.o)
 .text.Chip_GPIO_SetPinDIROutput
                0x00000000000004ba       0x36 /home/takis/Identities/takiszourntos/teaching/lambton/2019/fall/ese3025/RTOS/lpc_board_nxp_lpcxpresso_1769/Debug/liblpc_board_nxp_lpcxpresso_1769.a(board.o)
 .text.Chip_GPIO_SetPinDIRInput
                0x00000000000004f0       0x3a /home/takis/Identities/takiszourntos/teaching/lambton/2019/fall/ese3025/RTOS/lpc_board_nxp_lpcxpresso_1769/Debug/liblpc_board_nxp_lpcxpresso_1769.a(board.o)
 .text.Chip_GPIO_SetPinDIR
                0x000000000000052a       0x42 /home/takis/Identities/takiszourntos/teaching/lambton/2019/fall/ese3025/RTOS/lpc_board_nxp_lpcxpresso_1769/Debug/liblpc_board_nxp_lpcxpresso_1769.a(board.o)
 .text.Chip_GPIO_WriteDirBit
                0x000000000000056c       0x2e /home/takis/Identities/takiszourntos/teaching/lambton/2019/fall/ese3025/RTOS/lpc_board_nxp_lpcxpresso_1769/Debug/liblpc_board_nxp_lpcxpresso_1769.a(board.o)
 .text.Chip_UART_SendByte
                0x000000000000059a       0x1c /home/takis/Identities/takiszourntos/teaching/lambton/2019/fall/ese3025/RTOS/lpc_board_nxp_lpcxpresso_1769/Debug/liblpc_board_nxp_lpcxpresso_1769.a(board.o)
 .text.Chip_UART_ConfigData
                0x00000000000005b6       0x1a /home/takis/Identities/takiszourntos/teaching/lambton/2019/fall/ese3025/RTOS/lpc_board_nxp_lpcxpresso_1769/Debug/liblpc_board_nxp_lpcxpresso_1769.a(board.o)
 .text.Chip_UART_ReadLineStatus
                0x00000000000005d0       0x16 /home/takis/Identities/takiszourntos/teaching/lambton/2019/fall/ese3025/RTOS/lpc_board_nxp_lpcxpresso_1769/Debug/liblpc_board_nxp_lpcxpresso_1769.a(board.o)
 .text.__sys_write
                0x00000000000005e6       0x38 /home/takis/Identities/takiszourntos/teaching/lambton/2019/fall/ese3025/RTOS/lpc_board_nxp_lpcxpresso_1769/Debug/liblpc_board_nxp_lpcxpresso_1769.a(board.o)
                0x00000000000005e6                __sys_write
 *fill*         0x000000000000061e        0x2 ff
 .text.Board_LED_Init
                0x0000000000000620       0x30 /home/takis/Identities/takiszourntos/teaching/lambton/2019/fall/ese3025/RTOS/lpc_board_nxp_lpcxpresso_1769/Debug/liblpc_board_nxp_lpcxpresso_1769.a(board.o)
 .text.Board_UART_Init
                0x0000000000000650       0x12 /home/takis/Identities/takiszourntos/teaching/lambton/2019/fall/ese3025/RTOS/lpc_board_nxp_lpcxpresso_1769/Debug/liblpc_board_nxp_lpcxpresso_1769.a(board.o)
                0x0000000000000650                Board_UART_Init
 *fill*         0x0000000000000662        0x2 ff
 .text.Board_Debug_Init
                0x0000000000000664       0x30 /home/takis/Identities/takiszourntos/teaching/lambton/2019/fall/ese3025/RTOS/lpc_board_nxp_lpcxpresso_1769/Debug/liblpc_board_nxp_lpcxpresso_1769.a(board.o)
                0x0000000000000664                Board_Debug_Init
 .text.Board_UARTPutChar
                0x0000000000000694       0x34 /home/takis/Identities/takiszourntos/teaching/lambton/2019/fall/ese3025/RTOS/lpc_board_nxp_lpcxpresso_1769/Debug/liblpc_board_nxp_lpcxpresso_1769.a(board.o)
                0x0000000000000694                Board_UARTPutChar
 .text.Board_LED_Set
                0x00000000000006c8       0x68 /home/takis/Identities/takiszourntos/teaching/lambton/2019/fall/ese3025/RTOS/lpc_board_nxp_lpcxpresso_1769/Debug/liblpc_board_nxp_lpcxpresso_1769.a(board.o)
                0x00000000000006c8                Board_LED_Set
 .text.Board_LED_Test
                0x0000000000000730       0x5c /home/takis/Identities/takiszourntos/teaching/lambton/2019/fall/ese3025/RTOS/lpc_board_nxp_lpcxpresso_1769/Debug/liblpc_board_nxp_lpcxpresso_1769.a(board.o)
                0x0000000000000730                Board_LED_Test
 .text.Board_LED_Toggle
                0x000000000000078c       0x4e /home/takis/Identities/takiszourntos/teaching/lambton/2019/fall/ese3025/RTOS/lpc_board_nxp_lpcxpresso_1769/Debug/liblpc_board_nxp_lpcxpresso_1769.a(board.o)
                0x000000000000078c                Board_LED_Toggle
 *fill*         0x00000000000007da        0x2 ff
 .text.Board_Init
                0x00000000000007dc       0x24 /home/takis/Identities/takiszourntos/teaching/lambton/2019/fall/ese3025/RTOS/lpc_board_nxp_lpcxpresso_1769/Debug/liblpc_board_nxp_lpcxpresso_1769.a(board.o)
                0x00000000000007dc                Board_Init
 .text.Chip_SYSCTL_SetFLASHAccess
                0x0000000000000800       0x30 /home/takis/Identities/takiszourntos/teaching/lambton/2019/fall/ese3025/RTOS/lpc_board_nxp_lpcxpresso_1769/Debug/liblpc_board_nxp_lpcxpresso_1769.a(board_sysinit.o)
 .text.Board_SetupMuxing
                0x0000000000000830       0x1c /home/takis/Identities/takiszourntos/teaching/lambton/2019/fall/ese3025/RTOS/lpc_board_nxp_lpcxpresso_1769/Debug/liblpc_board_nxp_lpcxpresso_1769.a(board_sysinit.o)
                0x0000000000000830                Board_SetupMuxing
 .text.Board_SetupClocking
                0x000000000000084c       0x12 /home/takis/Identities/takiszourntos/teaching/lambton/2019/fall/ese3025/RTOS/lpc_board_nxp_lpcxpresso_1769/Debug/liblpc_board_nxp_lpcxpresso_1769.a(board_sysinit.o)
                0x000000000000084c                Board_SetupClocking
 .text.Board_SystemInit
                0x000000000000085e       0x10 /home/takis/Identities/takiszourntos/teaching/lambton/2019/fall/ese3025/RTOS/lpc_board_nxp_lpcxpresso_1769/Debug/liblpc_board_nxp_lpcxpresso_1769.a(board_sysinit.o)
                0x000000000000085e                Board_SystemInit
 *fill*         0x000000000000086e        0x2 ff
 .text.SystemCoreClockUpdate
                0x0000000000000870       0x18 /home/takis/Identities/takiszourntos/teaching/lambton/2019/fall/ese3025/RTOS/lpc_chip_175x_6x/Debug/liblpc_chip_175x_6x.a(chip_17xx_40xx.o)
                0x0000000000000870                SystemCoreClockUpdate
 .text.Chip_Clock_IsMainPLLEnabled
                0x0000000000000888       0x24 /home/takis/Identities/takiszourntos/teaching/lambton/2019/fall/ese3025/RTOS/lpc_chip_175x_6x/Debug/liblpc_chip_175x_6x.a(clock_17xx_40xx.o)
 .text.Chip_Clock_IsMainPLLConnected
                0x00000000000008ac       0x24 /home/takis/Identities/takiszourntos/teaching/lambton/2019/fall/ese3025/RTOS/lpc_chip_175x_6x/Debug/liblpc_chip_175x_6x.a(clock_17xx_40xx.o)
 .text.Chip_Clock_FeedPLL
                0x00000000000008d0       0x34 /home/takis/Identities/takiszourntos/teaching/lambton/2019/fall/ese3025/RTOS/lpc_chip_175x_6x/Debug/liblpc_chip_175x_6x.a(clock_17xx_40xx.o)
 .text.Chip_Clock_GetMainPLLSource
                0x0000000000000904       0x20 /home/takis/Identities/takiszourntos/teaching/lambton/2019/fall/ese3025/RTOS/lpc_chip_175x_6x/Debug/liblpc_chip_175x_6x.a(clock_17xx_40xx.o)
 .text.Chip_Clock_GetMainOscRate
                0x0000000000000924       0x14 /home/takis/Identities/takiszourntos/teaching/lambton/2019/fall/ese3025/RTOS/lpc_chip_175x_6x/Debug/liblpc_chip_175x_6x.a(clock_17xx_40xx.o)
 .text.Chip_Clock_GetIntOscRate
                0x0000000000000938       0x14 /home/takis/Identities/takiszourntos/teaching/lambton/2019/fall/ese3025/RTOS/lpc_chip_175x_6x/Debug/liblpc_chip_175x_6x.a(clock_17xx_40xx.o)
 .text.Chip_Clock_GetRTCOscRate
                0x000000000000094c       0x14 /home/takis/Identities/takiszourntos/teaching/lambton/2019/fall/ese3025/RTOS/lpc_chip_175x_6x/Debug/liblpc_chip_175x_6x.a(clock_17xx_40xx.o)
 .text.Chip_Clock_GetMainPLLInClockRate
                0x0000000000000960        0xe /home/takis/Identities/takiszourntos/teaching/lambton/2019/fall/ese3025/RTOS/lpc_chip_175x_6x/Debug/liblpc_chip_175x_6x.a(clock_17xx_40xx.o)
 *fill*         0x000000000000096e        0x2 ff
 .text.Chip_Clock_EnablePLL
                0x0000000000000970       0x44 /home/takis/Identities/takiszourntos/teaching/lambton/2019/fall/ese3025/RTOS/lpc_chip_175x_6x/Debug/liblpc_chip_175x_6x.a(clock_17xx_40xx.o)
                0x0000000000000970                Chip_Clock_EnablePLL
 .text.Chip_Clock_DisablePLL
                0x00000000000009b4       0x48 /home/takis/Identities/takiszourntos/teaching/lambton/2019/fall/ese3025/RTOS/lpc_chip_175x_6x/Debug/liblpc_chip_175x_6x.a(clock_17xx_40xx.o)
                0x00000000000009b4                Chip_Clock_DisablePLL
 .text.Chip_Clock_SetupPLL
                0x00000000000009fc       0x5c /home/takis/Identities/takiszourntos/teaching/lambton/2019/fall/ese3025/RTOS/lpc_chip_175x_6x/Debug/liblpc_chip_175x_6x.a(clock_17xx_40xx.o)
                0x00000000000009fc                Chip_Clock_SetupPLL
 .text.Chip_Clock_EnablePeriphClock
                0x0000000000000a58       0x34 /home/takis/Identities/takiszourntos/teaching/lambton/2019/fall/ese3025/RTOS/lpc_chip_175x_6x/Debug/liblpc_chip_175x_6x.a(clock_17xx_40xx.o)
                0x0000000000000a58                Chip_Clock_EnablePeriphClock
 .text.Chip_Clock_GetCPUClockSource
                0x0000000000000a8c       0x24 /home/takis/Identities/takiszourntos/teaching/lambton/2019/fall/ese3025/RTOS/lpc_chip_175x_6x/Debug/liblpc_chip_175x_6x.a(clock_17xx_40xx.o)
                0x0000000000000a8c                Chip_Clock_GetCPUClockSource
 .text.Chip_Clock_SetCPUClockDiv
                0x0000000000000ab0       0x20 /home/takis/Identities/takiszourntos/teaching/lambton/2019/fall/ese3025/RTOS/lpc_chip_175x_6x/Debug/liblpc_chip_175x_6x.a(clock_17xx_40xx.o)
                0x0000000000000ab0                Chip_Clock_SetCPUClockDiv
 .text.Chip_Clock_GetCPUClockDiv
                0x0000000000000ad0       0x1c /home/takis/Identities/takiszourntos/teaching/lambton/2019/fall/ese3025/RTOS/lpc_chip_175x_6x/Debug/liblpc_chip_175x_6x.a(clock_17xx_40xx.o)
                0x0000000000000ad0                Chip_Clock_GetCPUClockDiv
 .text.Chip_Clock_GetPCLKDiv
                0x0000000000000aec       0x8c /home/takis/Identities/takiszourntos/teaching/lambton/2019/fall/ese3025/RTOS/lpc_chip_175x_6x/Debug/liblpc_chip_175x_6x.a(clock_17xx_40xx.o)
                0x0000000000000aec                Chip_Clock_GetPCLKDiv
 .text.Chip_Clock_GetSYSCLKRate
                0x0000000000000b78       0x34 /home/takis/Identities/takiszourntos/teaching/lambton/2019/fall/ese3025/RTOS/lpc_chip_175x_6x/Debug/liblpc_chip_175x_6x.a(clock_17xx_40xx.o)
                0x0000000000000b78                Chip_Clock_GetSYSCLKRate
 .text.Chip_Clock_GetMainPLLOutClockRate
                0x0000000000000bac       0x54 /home/takis/Identities/takiszourntos/teaching/lambton/2019/fall/ese3025/RTOS/lpc_chip_175x_6x/Debug/liblpc_chip_175x_6x.a(clock_17xx_40xx.o)
                0x0000000000000bac                Chip_Clock_GetMainPLLOutClockRate
 .text.Chip_Clock_GetMainClockRate
                0x0000000000000c00       0x28 /home/takis/Identities/takiszourntos/teaching/lambton/2019/fall/ese3025/RTOS/lpc_chip_175x_6x/Debug/liblpc_chip_175x_6x.a(clock_17xx_40xx.o)
                0x0000000000000c00                Chip_Clock_GetMainClockRate
 .text.Chip_Clock_GetSystemClockRate
                0x0000000000000c28       0x18 /home/takis/Identities/takiszourntos/teaching/lambton/2019/fall/ese3025/RTOS/lpc_chip_175x_6x/Debug/liblpc_chip_175x_6x.a(clock_17xx_40xx.o)
                0x0000000000000c28                Chip_Clock_GetSystemClockRate
 .text.Chip_Clock_GetPeripheralClockRate
                0x0000000000000c40       0x26 /home/takis/Identities/takiszourntos/teaching/lambton/2019/fall/ese3025/RTOS/lpc_chip_175x_6x/Debug/liblpc_chip_175x_6x.a(clock_17xx_40xx.o)
                0x0000000000000c40                Chip_Clock_GetPeripheralClockRate
 .text.Chip_IOCON_PinMuxSet
                0x0000000000000c66       0x36 /home/takis/Identities/takiszourntos/teaching/lambton/2019/fall/ese3025/RTOS/lpc_chip_175x_6x/Debug/liblpc_chip_175x_6x.a(iocon_17xx_40xx.o)
                0x0000000000000c66                Chip_IOCON_PinMuxSet
 .text.Chip_IOCON_PinMux
                0x0000000000000c9c       0x94 /home/takis/Identities/takiszourntos/teaching/lambton/2019/fall/ese3025/RTOS/lpc_chip_175x_6x/Debug/liblpc_chip_175x_6x.a(iocon_17xx_40xx.o)
                0x0000000000000c9c                Chip_IOCON_PinMux
 .text.Chip_IOCON_SetPinMuxing
                0x0000000000000d30       0x62 /home/takis/Identities/takiszourntos/teaching/lambton/2019/fall/ese3025/RTOS/lpc_chip_175x_6x/Debug/liblpc_chip_175x_6x.a(iocon_17xx_40xx.o)
                0x0000000000000d30                Chip_IOCON_SetPinMuxing
 *fill*         0x0000000000000d92        0x2 ff
 .text.Chip_Clock_IsMainPLLEnabled
                0x0000000000000d94       0x24 /home/takis/Identities/takiszourntos/teaching/lambton/2019/fall/ese3025/RTOS/lpc_chip_175x_6x/Debug/liblpc_chip_175x_6x.a(sysinit_17xx_40xx.o)
 .text.Chip_Clock_IsMainPLLLocked
                0x0000000000000db8       0x24 /home/takis/Identities/takiszourntos/teaching/lambton/2019/fall/ese3025/RTOS/lpc_chip_175x_6x/Debug/liblpc_chip_175x_6x.a(sysinit_17xx_40xx.o)
 .text.Chip_Clock_IsMainPLLConnected
                0x0000000000000ddc       0x24 /home/takis/Identities/takiszourntos/teaching/lambton/2019/fall/ese3025/RTOS/lpc_chip_175x_6x/Debug/liblpc_chip_175x_6x.a(sysinit_17xx_40xx.o)
 .text.Chip_Clock_EnableCrystal
                0x0000000000000e00       0x20 /home/takis/Identities/takiszourntos/teaching/lambton/2019/fall/ese3025/RTOS/lpc_chip_175x_6x/Debug/liblpc_chip_175x_6x.a(sysinit_17xx_40xx.o)
 .text.Chip_Clock_IsCrystalEnabled
                0x0000000000000e20       0x24 /home/takis/Identities/takiszourntos/teaching/lambton/2019/fall/ese3025/RTOS/lpc_chip_175x_6x/Debug/liblpc_chip_175x_6x.a(sysinit_17xx_40xx.o)
 .text.Chip_Clock_SetMainPLLSource
                0x0000000000000e44       0x20 /home/takis/Identities/takiszourntos/teaching/lambton/2019/fall/ese3025/RTOS/lpc_chip_175x_6x/Debug/liblpc_chip_175x_6x.a(sysinit_17xx_40xx.o)
 .text.Chip_SetupXtalClocking
                0x0000000000000e64       0x90 /home/takis/Identities/takiszourntos/teaching/lambton/2019/fall/ese3025/RTOS/lpc_chip_175x_6x/Debug/liblpc_chip_175x_6x.a(sysinit_17xx_40xx.o)
                0x0000000000000e64                Chip_SetupXtalClocking
 .text.Chip_UART_SetupFIFOS
                0x0000000000000ef4       0x1a /home/takis/Identities/takiszourntos/teaching/lambton/2019/fall/ese3025/RTOS/lpc_chip_175x_6x/Debug/liblpc_chip_175x_6x.a(uart_17xx_40xx.o)
 .text.Chip_UART_ConfigData
                0x0000000000000f0e       0x1a /home/takis/Identities/takiszourntos/teaching/lambton/2019/fall/ese3025/RTOS/lpc_chip_175x_6x/Debug/liblpc_chip_175x_6x.a(uart_17xx_40xx.o)
 .text.Chip_UART_EnableDivisorAccess
                0x0000000000000f28       0x1e /home/takis/Identities/takiszourntos/teaching/lambton/2019/fall/ese3025/RTOS/lpc_chip_175x_6x/Debug/liblpc_chip_175x_6x.a(uart_17xx_40xx.o)
 .text.Chip_UART_DisableDivisorAccess
                0x0000000000000f46       0x1e /home/takis/Identities/takiszourntos/teaching/lambton/2019/fall/ese3025/RTOS/lpc_chip_175x_6x/Debug/liblpc_chip_175x_6x.a(uart_17xx_40xx.o)
 .text.Chip_UART_SetDivisorLatches
                0x0000000000000f64       0x26 /home/takis/Identities/takiszourntos/teaching/lambton/2019/fall/ese3025/RTOS/lpc_chip_175x_6x/Debug/liblpc_chip_175x_6x.a(uart_17xx_40xx.o)
 *fill*         0x0000000000000f8a        0x2 ff
 .text.Chip_UART_GetClockIndex
                0x0000000000000f8c       0x50 /home/takis/Identities/takiszourntos/teaching/lambton/2019/fall/ese3025/RTOS/lpc_chip_175x_6x/Debug/liblpc_chip_175x_6x.a(uart_17xx_40xx.o)
 .text.Chip_UART_GetClkIndex
                0x0000000000000fdc       0x50 /home/takis/Identities/takiszourntos/teaching/lambton/2019/fall/ese3025/RTOS/lpc_chip_175x_6x/Debug/liblpc_chip_175x_6x.a(uart_17xx_40xx.o)
 .text.Chip_UART_Init
                0x000000000000102c       0x78 /home/takis/Identities/takiszourntos/teaching/lambton/2019/fall/ese3025/RTOS/lpc_chip_175x_6x/Debug/liblpc_chip_175x_6x.a(uart_17xx_40xx.o)
                0x000000000000102c                Chip_UART_Init
 .text.Chip_UART_TXEnable
                0x00000000000010a4       0x18 /home/takis/Identities/takiszourntos/teaching/lambton/2019/fall/ese3025/RTOS/lpc_chip_175x_6x/Debug/liblpc_chip_175x_6x.a(uart_17xx_40xx.o)
                0x00000000000010a4                Chip_UART_TXEnable
 .text.Chip_UART_TXDisable
                0x00000000000010bc       0x18 /home/takis/Identities/takiszourntos/teaching/lambton/2019/fall/ese3025/RTOS/lpc_chip_175x_6x/Debug/liblpc_chip_175x_6x.a(uart_17xx_40xx.o)
                0x00000000000010bc                Chip_UART_TXDisable
 .text.Chip_UART_SetBaud
                0x00000000000010d4       0x62 /home/takis/Identities/takiszourntos/teaching/lambton/2019/fall/ese3025/RTOS/lpc_chip_175x_6x/Debug/liblpc_chip_175x_6x.a(uart_17xx_40xx.o)
                0x00000000000010d4                Chip_UART_SetBaud
 .text.__main   0x0000000000001136        0xe /usr/local/mcuxpressoide-11.0.1_2563/ide/plugins/com.nxp.mcuxpresso.tools.linux_11.0.1.201907311258/tools/bin/../lib/gcc/arm-none-eabi/8.2.1/../../../../arm-none-eabi/lib/thumb/v7-m/nofp/libcr_nohost.a(_cr__main.o)
                0x0000000000001136                __main
 .text._initio  0x0000000000001144       0x78 /usr/local/mcuxpressoide-11.0.1_2563/ide/plugins/com.nxp.mcuxpresso.tools.linux_11.0.1.201907311258/tools/bin/../lib/gcc/arm-none-eabi/8.2.1/../../../../arm-none-eabi/lib/thumb/v7-m/nofp/libcr_c.a(initio.o)
                0x0000000000001144                _initio
 .text.setvbuf  0x00000000000011bc       0x40 /usr/local/mcuxpressoide-11.0.1_2563/ide/plugins/com.nxp.mcuxpresso.tools.linux_11.0.1.201907311258/tools/bin/../lib/gcc/arm-none-eabi/8.2.1/../../../../arm-none-eabi/lib/thumb/v7-m/nofp/libcr_c.a(setvbuf.o)
                0x00000000000011bc                setvbuf
 .text._fdopen  0x00000000000011fc       0x68 /usr/local/mcuxpressoide-11.0.1_2563/ide/plugins/com.nxp.mcuxpresso.tools.linux_11.0.1.201907311258/tools/bin/../lib/gcc/arm-none-eabi/8.2.1/../../../../arm-none-eabi/lib/thumb/v7-m/nofp/libcr_c.a(_fdopen.o)
                0x00000000000011fc                _fdopen
 .text.fclose   0x0000000000001264       0x58 /usr/local/mcuxpressoide-11.0.1_2563/ide/plugins/com.nxp.mcuxpresso.tools.linux_11.0.1.201907311258/tools/bin/../lib/gcc/arm-none-eabi/8.2.1/../../../../arm-none-eabi/lib/thumb/v7-m/nofp/libcr_c.a(fclose.o)
                0x0000000000001264                fclose
 .text.fflush   0x00000000000012bc       0x44 /usr/local/mcuxpressoide-11.0.1_2563/ide/plugins/com.nxp.mcuxpresso.tools.linux_11.0.1.201907311258/tools/bin/../lib/gcc/arm-none-eabi/8.2.1/../../../../arm-none-eabi/lib/thumb/v7-m/nofp/libcr_c.a(fflush.o)
                0x00000000000012bc                fflush
 .text.fseek    0x0000000000001300      0x100 /usr/local/mcuxpressoide-11.0.1_2563/ide/plugins/com.nxp.mcuxpresso.tools.linux_11.0.1.201907311258/tools/bin/../lib/gcc/arm-none-eabi/8.2.1/../../../../arm-none-eabi/lib/thumb/v7-m/nofp/libcr_c.a(fseek.o)
                0x0000000000001300                fseek
 .text.ftell    0x0000000000001400       0x48 /usr/local/mcuxpressoide-11.0.1_2563/ide/plugins/com.nxp.mcuxpresso.tools.linux_11.0.1.201907311258/tools/bin/../lib/gcc/arm-none-eabi/8.2.1/../../../../arm-none-eabi/lib/thumb/v7-m/nofp/libcr_c.a(ftell.o)
                0x0000000000001400                ftell
 .text.remove   0x0000000000001448       0x14 /usr/local/mcuxpressoide-11.0.1_2563/ide/plugins/com.nxp.mcuxpresso.tools.linux_11.0.1.201907311258/tools/bin/../lib/gcc/arm-none-eabi/8.2.1/../../../../arm-none-eabi/lib/thumb/v7-m/nofp/libcr_c.a(remove.o)
                0x0000000000001448                remove
 .text.strlen   0x000000000000145c       0x4c /usr/local/mcuxpressoide-11.0.1_2563/ide/plugins/com.nxp.mcuxpresso.tools.linux_11.0.1.201907311258/tools/bin/../lib/gcc/arm-none-eabi/8.2.1/../../../../arm-none-eabi/lib/thumb/v7-m/nofp/libcr_c.a(strlen.o)
                0x000000000000145c                strlen
 .text.memset   0x00000000000014a8        0x4 /usr/local/mcuxpressoide-11.0.1_2563/ide/plugins/com.nxp.mcuxpresso.tools.linux_11.0.1.201907311258/tools/bin/../lib/gcc/arm-none-eabi/8.2.1/../../../../arm-none-eabi/lib/thumb/v7-m/nofp/libcr_c.a(memset.o)
                0x00000000000014a8                memset
 .text._do_fflush
                0x00000000000014ac       0x40 /usr/local/mcuxpressoide-11.0.1_2563/ide/plugins/com.nxp.mcuxpresso.tools.linux_11.0.1.201907311258/tools/bin/../lib/gcc/arm-none-eabi/8.2.1/../../../../arm-none-eabi/lib/thumb/v7-m/nofp/libcr_c.a(_do_fflush.o)
                0x00000000000014ac                _do_fflush
 .text._fflush  0x00000000000014ec       0x52 /usr/local/mcuxpressoide-11.0.1_2563/ide/plugins/com.nxp.mcuxpresso.tools.linux_11.0.1.201907311258/tools/bin/../lib/gcc/arm-none-eabi/8.2.1/../../../../arm-none-eabi/lib/thumb/v7-m/nofp/libcr_c.a(_fflush.o)
                0x00000000000014ec                _fflush
 *fill*         0x000000000000153e        0x2 ff
 .text._Cwritebuf
                0x0000000000001540       0x6c /usr/local/mcuxpressoide-11.0.1_2563/ide/plugins/com.nxp.mcuxpresso.tools.linux_11.0.1.201907311258/tools/bin/../lib/gcc/arm-none-eabi/8.2.1/../../../../arm-none-eabi/lib/thumb/v7-m/nofp/libcr_c.a(_writebuf.o)
                0x0000000000001540                _Cwritebuf
 .text.free     0x00000000000015ac       0x30 /usr/local/mcuxpressoide-11.0.1_2563/ide/plugins/com.nxp.mcuxpresso.tools.linux_11.0.1.201907311258/tools/bin/../lib/gcc/arm-none-eabi/8.2.1/../../../../arm-none-eabi/lib/thumb/v7-m/nofp/libcr_c.a(alloc.o)
                0x00000000000015ac                free
 .text._deferredlazyseek
                0x00000000000015dc       0x40 /usr/local/mcuxpressoide-11.0.1_2563/ide/plugins/com.nxp.mcuxpresso.tools.linux_11.0.1.201907311258/tools/bin/../lib/gcc/arm-none-eabi/8.2.1/../../../../arm-none-eabi/lib/thumb/v7-m/nofp/libcr_c.a(_deferredlazyseek.o)
                0x00000000000015dc                _deferredlazyseek
 .text.__aeabi_memset_lowlevel
                0x000000000000161c       0x32 /usr/local/mcuxpressoide-11.0.1_2563/ide/plugins/com.nxp.mcuxpresso.tools.linux_11.0.1.201907311258/tools/bin/../lib/gcc/arm-none-eabi/8.2.1/thumb/v7-m/nofp/libcr_eabihelpers.a(memcpy.o)
                0x000000000000161c                __aeabi_lowlevel_memset
 .text.__sys_close
                0x000000000000164e        0x6 /usr/local/mcuxpressoide-11.0.1_2563/ide/plugins/com.nxp.mcuxpresso.tools.linux_11.0.1.201907311258/tools/bin/../lib/gcc/arm-none-eabi/8.2.1/../../../../arm-none-eabi/lib/thumb/v7-m/nofp/libcr_nohost.a(__sys_close.o)
                0x000000000000164e                __sys_close
 .text.__sys_flen
                0x0000000000001654        0x6 /usr/local/mcuxpressoide-11.0.1_2563/ide/plugins/com.nxp.mcuxpresso.tools.linux_11.0.1.201907311258/tools/bin/../lib/gcc/arm-none-eabi/8.2.1/../../../../arm-none-eabi/lib/thumb/v7-m/nofp/libcr_nohost.a(__sys_flen.o)
                0x0000000000001654                __sys_flen
 .text.__sys_istty
                0x000000000000165a        0x6 /usr/local/mcuxpressoide-11.0.1_2563/ide/plugins/com.nxp.mcuxpresso.tools.linux_11.0.1.201907311258/tools/bin/../lib/gcc/arm-none-eabi/8.2.1/../../../../arm-none-eabi/lib/thumb/v7-m/nofp/libcr_nohost.a(__sys_istty.o)
                0x000000000000165a                __sys_istty
 .text.__sys_remove
                0x0000000000001660        0x6 /usr/local/mcuxpressoide-11.0.1_2563/ide/plugins/com.nxp.mcuxpresso.tools.linux_11.0.1.201907311258/tools/bin/../lib/gcc/arm-none-eabi/8.2.1/../../../../arm-none-eabi/lib/thumb/v7-m/nofp/libcr_nohost.a(__sys_remove.o)
                0x0000000000001660                __sys_remove
 .text.__sys_seek
                0x0000000000001666        0x6 /usr/local/mcuxpressoide-11.0.1_2563/ide/plugins/com.nxp.mcuxpresso.tools.linux_11.0.1.201907311258/tools/bin/../lib/gcc/arm-none-eabi/8.2.1/../../../../arm-none-eabi/lib/thumb/v7-m/nofp/libcr_nohost.a(__sys_seek.o)
                0x0000000000001666                __sys_seek
 .text.__sys_tmpnam
                0x000000000000166c        0x6 /usr/local/mcuxpressoide-11.0.1_2563/ide/plugins/com.nxp.mcuxpresso.tools.linux_11.0.1.201907311258/tools/bin/../lib/gcc/arm-none-eabi/8.2.1/../../../../arm-none-eabi/lib/thumb/v7-m/nofp/libcr_nohost.a(__sys_tmpnam.o)
                0x000000000000166c                __sys_tmpnam
 *(.rodata .rodata.* .constdata .constdata.*)
 *fill*         0x0000000000001672        0x2 ff
 .rodata.OscRateIn
                0x0000000000001674        0x4 /home/takis/Identities/takiszourntos/teaching/lambton/2019/fall/ese3025/RTOS/lpc_board_nxp_lpcxpresso_1769/Debug/liblpc_board_nxp_lpcxpresso_1769.a(board.o)
                0x0000000000001674                OscRateIn
 .rodata.RTCOscRateIn
                0x0000000000001678        0x4 /home/takis/Identities/takiszourntos/teaching/lambton/2019/fall/ese3025/RTOS/lpc_board_nxp_lpcxpresso_1769/Debug/liblpc_board_nxp_lpcxpresso_1769.a(board.o)
                0x0000000000001678                RTCOscRateIn
 .rodata.pinmuxing
                0x000000000000167c       0x5c /home/takis/Identities/takiszourntos/teaching/lambton/2019/fall/ese3025/RTOS/lpc_board_nxp_lpcxpresso_1769/Debug/liblpc_board_nxp_lpcxpresso_1769.a(board_sysinit.o)
 .rodata._initio.str1.1
                0x00000000000016d8        0x4 /usr/local/mcuxpressoide-11.0.1_2563/ide/plugins/com.nxp.mcuxpresso.tools.linux_11.0.1.201907311258/tools/bin/../lib/gcc/arm-none-eabi/8.2.1/../../../../arm-none-eabi/lib/thumb/v7-m/nofp/libcr_c.a(initio.o)
 .rodata.__num_Ciob_streams
                0x00000000000016dc        0x4 /usr/local/mcuxpressoide-11.0.1_2563/ide/plugins/com.nxp.mcuxpresso.tools.linux_11.0.1.201907311258/tools/bin/../lib/gcc/arm-none-eabi/8.2.1/../../../../arm-none-eabi/lib/thumb/v7-m/nofp/libcr_nohost.a(__ciob.o)
                0x00000000000016dc                __num_Ciob_streams
                0x00000000000016e0                . = ALIGN (0x4)

.glue_7         0x00000000000016e0        0x0
 .glue_7        0x00000000000016e0        0x0 linker stubs

.glue_7t        0x00000000000016e0        0x0
 .glue_7t       0x00000000000016e0        0x0 linker stubs

.vfp11_veneer   0x00000000000016e0        0x0
 .vfp11_veneer  0x00000000000016e0        0x0 linker stubs

.v4_bx          0x00000000000016e0        0x0
 .v4_bx         0x00000000000016e0        0x0 linker stubs

.iplt           0x00000000000016e0        0x0
 .iplt          0x00000000000016e0        0x0 ./example/src/cr_startup_lpc175x_6x.o

.rel.dyn        0x00000000000016e0        0x0
 .rel.iplt      0x00000000000016e0        0x0 ./example/src/cr_startup_lpc175x_6x.o

.ARM.extab
 *(.ARM.extab* .gnu.linkonce.armextab.*)
                0x00000000000016e0                __exidx_start = .

.ARM.exidx
 *(.ARM.exidx* .gnu.linkonce.armexidx.*)
                0x00000000000016e0                __exidx_end = .
                0x00000000000016e0                _etext = .

.data_RAM2      0x000000002007c000        0x0 load address 0x00000000000016e0
 FILL mask 0xff
                [!provide]                        PROVIDE (__start_data_RAM2 = .)
 *(.ramfunc.$RAM2)
 *(.ramfunc.$RamAHB32)
 *(.data.$RAM2)
 *(.data.$RamAHB32)
 *(.data.$RAM2.*)
 *(.data.$RamAHB32.*)
                0x000000002007c000                . = ALIGN (0x4)
                [!provide]                        PROVIDE (__end_data_RAM2 = .)

.uninit_RESERVED
                0x0000000010000000        0x0
                0x0000000010000000                . = ALIGN (0x4)
 *(.bss.$RESERVED*)
                0x0000000010000000                . = ALIGN (0x4)
                0x0000000010000000                _end_uninit_RESERVED = .

.data           0x0000000010000000        0x0 load address 0x00000000000016e0
 FILL mask 0xff
                0x0000000010000000                _data = .
 *(vtable)
 *(.ramfunc*)
 *(CodeQuickAccess)
 *(DataQuickAccess)
 *(RamFunction)
 *(.data*)
                0x0000000010000000                . = ALIGN (0x4)
                0x0000000010000000                _edata = .

.igot.plt       0x0000000010000000        0x0 load address 0x00000000000016e0
 .igot.plt      0x0000000010000000        0x0 ./example/src/cr_startup_lpc175x_6x.o

.bss_RAM2       0x000000002007c000        0x0
                0x000000002007c000                . = ALIGN (0x4)
                [!provide]                        PROVIDE (__start_bss_RAM2 = .)
 *(.bss.$RAM2)
 *(.bss.$RamAHB32)
 *(.bss.$RAM2.*)
 *(.bss.$RamAHB32.*)
                0x000000002007c000                . = ALIGN ((. != 0x0)?0x4:0x1)
                [!provide]                        PROVIDE (__end_bss_RAM2 = .)

.bss            0x0000000010000000      0x1e8
                0x0000000010000000                . = ALIGN (0x4)
                0x0000000010000000                _bss = .
 *(.bss*)
 .bss.errno     0x0000000010000000        0x4 /usr/local/mcuxpressoide-11.0.1_2563/ide/plugins/com.nxp.mcuxpresso.tools.linux_11.0.1.201907311258/tools/bin/../lib/gcc/arm-none-eabi/8.2.1/../../../../arm-none-eabi/lib/thumb/v7-m/nofp/libcr_c.a(errno.o)
                0x0000000010000000                errno
 .bss.__Ciob    0x0000000010000004      0x1e0 /usr/local/mcuxpressoide-11.0.1_2563/ide/plugins/com.nxp.mcuxpresso.tools.linux_11.0.1.201907311258/tools/bin/../lib/gcc/arm-none-eabi/8.2.1/../../../../arm-none-eabi/lib/thumb/v7-m/nofp/libcr_nohost.a(__ciob.o)
                0x0000000010000004                __Ciob
 *(COMMON)
 COMMON         0x00000000100001e4        0x4 /home/takis/Identities/takiszourntos/teaching/lambton/2019/fall/ese3025/RTOS/lpc_chip_175x_6x/Debug/liblpc_chip_175x_6x.a(chip_17xx_40xx.o)
                0x00000000100001e4                SystemCoreClock
                0x00000000100001e8                . = ALIGN (0x4)
                0x00000000100001e8                _ebss = .
                [!provide]                        PROVIDE (end = .)

.noinit_RAM2    0x000000002007c000        0x0
                0x000000002007c000                . = ALIGN (0x4)
 *(.noinit.$RAM2)
 *(.noinit.$RamAHB32)
 *(.noinit.$RAM2.*)
 *(.noinit.$RamAHB32.*)
                0x000000002007c000                . = ALIGN (0x4)

.noinit         0x00000000100001e8        0x0
                0x00000000100001e8                . = ALIGN (0x4)
                0x00000000100001e8                _noinit = .
 *(.noinit*)
                0x00000000100001e8                . = ALIGN (0x4)
                0x00000000100001e8                _end_noinit = .
                0x00000000100001e8                PROVIDE (_pvHeapStart = DEFINED (__user_heap_base)?__user_heap_base:.)
                0x0000000010008000                PROVIDE (_vStackTop = DEFINED (__user_stack_top)?__user_stack_top:(__top_RamLoc32 - 0x0))
                [!provide]                        PROVIDE (__valid_user_code_checksum = (0x0 - ((((((_vStackTop + (ResetISR + 0x1)) + (NMI_Handler + 0x1)) + (HardFault_Handler + 0x1)) + (DEFINED (MemManage_Handler)?MemManage_Handler:0x0 + 0x1)) + (DEFINED (BusFault_Handler)?BusFault_Handler:0x0 + 0x1)) + (DEFINED (UsageFault_Handler)?UsageFault_Handler:0x0 + 0x1))))
                0x0000000000000000                _image_start = LOADADDR (.text)
                0x00000000000016e0                _image_end = (LOADADDR (.data) + SIZEOF (.data))
                0x00000000000016e0                _image_size = (_image_end - _image_start)
OUTPUT(periph_pinint.axf elf32-littlearm)

.debug_info     0x0000000000000000     0x5327
 .debug_info    0x0000000000000000      0x272 ./example/src/cr_startup_lpc175x_6x.o
 .debug_info    0x0000000000000272      0x759 ./example/src/pinint.o
 .debug_info    0x00000000000009cb      0x250 ./example/src/sysinit.o
 .debug_info    0x0000000000000c1b     0x1663 /home/takis/Identities/takiszourntos/teaching/lambton/2019/fall/ese3025/RTOS/lpc_board_nxp_lpcxpresso_1769/Debug/liblpc_board_nxp_lpcxpresso_1769.a(board.o)
 .debug_info    0x000000000000227e      0x71d /home/takis/Identities/takiszourntos/teaching/lambton/2019/fall/ese3025/RTOS/lpc_board_nxp_lpcxpresso_1769/Debug/liblpc_board_nxp_lpcxpresso_1769.a(board_sysinit.o)
 .debug_info    0x000000000000299b      0x591 /home/takis/Identities/takiszourntos/teaching/lambton/2019/fall/ese3025/RTOS/lpc_chip_175x_6x/Debug/liblpc_chip_175x_6x.a(chip_17xx_40xx.o)
 .debug_info    0x0000000000002f2c      0xc2a /home/takis/Identities/takiszourntos/teaching/lambton/2019/fall/ese3025/RTOS/lpc_chip_175x_6x/Debug/liblpc_chip_175x_6x.a(clock_17xx_40xx.o)
 .debug_info    0x0000000000003b56      0x347 /home/takis/Identities/takiszourntos/teaching/lambton/2019/fall/ese3025/RTOS/lpc_chip_175x_6x/Debug/liblpc_chip_175x_6x.a(iocon_17xx_40xx.o)
 .debug_info    0x0000000000003e9d      0x4b0 /home/takis/Identities/takiszourntos/teaching/lambton/2019/fall/ese3025/RTOS/lpc_chip_175x_6x/Debug/liblpc_chip_175x_6x.a(sysinit_17xx_40xx.o)
 .debug_info    0x000000000000434d      0xfda /home/takis/Identities/takiszourntos/teaching/lambton/2019/fall/ese3025/RTOS/lpc_chip_175x_6x/Debug/liblpc_chip_175x_6x.a(uart_17xx_40xx.o)

.debug_abbrev   0x0000000000000000     0x14f2
 .debug_abbrev  0x0000000000000000      0x117 ./example/src/cr_startup_lpc175x_6x.o
 .debug_abbrev  0x0000000000000117      0x219 ./example/src/pinint.o
 .debug_abbrev  0x0000000000000330       0xeb ./example/src/sysinit.o
 .debug_abbrev  0x000000000000041b      0x413 /home/takis/Identities/takiszourntos/teaching/lambton/2019/fall/ese3025/RTOS/lpc_board_nxp_lpcxpresso_1769/Debug/liblpc_board_nxp_lpcxpresso_1769.a(board.o)
 .debug_abbrev  0x000000000000082e      0x1a2 /home/takis/Identities/takiszourntos/teaching/lambton/2019/fall/ese3025/RTOS/lpc_board_nxp_lpcxpresso_1769/Debug/liblpc_board_nxp_lpcxpresso_1769.a(board_sysinit.o)
 .debug_abbrev  0x00000000000009d0      0x16d /home/takis/Identities/takiszourntos/teaching/lambton/2019/fall/ese3025/RTOS/lpc_chip_175x_6x/Debug/liblpc_chip_175x_6x.a(chip_17xx_40xx.o)
 .debug_abbrev  0x0000000000000b3d      0x34d /home/takis/Identities/takiszourntos/teaching/lambton/2019/fall/ese3025/RTOS/lpc_chip_175x_6x/Debug/liblpc_chip_175x_6x.a(clock_17xx_40xx.o)
 .debug_abbrev  0x0000000000000e8a      0x164 /home/takis/Identities/takiszourntos/teaching/lambton/2019/fall/ese3025/RTOS/lpc_chip_175x_6x/Debug/liblpc_chip_175x_6x.a(iocon_17xx_40xx.o)
 .debug_abbrev  0x0000000000000fee      0x1b0 /home/takis/Identities/takiszourntos/teaching/lambton/2019/fall/ese3025/RTOS/lpc_chip_175x_6x/Debug/liblpc_chip_175x_6x.a(sysinit_17xx_40xx.o)
 .debug_abbrev  0x000000000000119e      0x354 /home/takis/Identities/takiszourntos/teaching/lambton/2019/fall/ese3025/RTOS/lpc_chip_175x_6x/Debug/liblpc_chip_175x_6x.a(uart_17xx_40xx.o)

.debug_aranges  0x0000000000000000      0x598
 .debug_aranges
                0x0000000000000000       0x80 ./example/src/cr_startup_lpc175x_6x.o
 .debug_aranges
                0x0000000000000080       0x50 ./example/src/pinint.o
 .debug_aranges
                0x00000000000000d0       0x20 ./example/src/sysinit.o
 .debug_aranges
                0x00000000000000f0      0x160 /home/takis/Identities/takiszourntos/teaching/lambton/2019/fall/ese3025/RTOS/lpc_board_nxp_lpcxpresso_1769/Debug/liblpc_board_nxp_lpcxpresso_1769.a(board.o)
 .debug_aranges
                0x0000000000000250       0x38 /home/takis/Identities/takiszourntos/teaching/lambton/2019/fall/ese3025/RTOS/lpc_board_nxp_lpcxpresso_1769/Debug/liblpc_board_nxp_lpcxpresso_1769.a(board_sysinit.o)
 .debug_aranges
                0x0000000000000288       0x38 /home/takis/Identities/takiszourntos/teaching/lambton/2019/fall/ese3025/RTOS/lpc_chip_175x_6x/Debug/liblpc_chip_175x_6x.a(chip_17xx_40xx.o)
 .debug_aranges
                0x00000000000002c0      0x120 /home/takis/Identities/takiszourntos/teaching/lambton/2019/fall/ese3025/RTOS/lpc_chip_175x_6x/Debug/liblpc_chip_175x_6x.a(clock_17xx_40xx.o)
 .debug_aranges
                0x00000000000003e0       0x30 /home/takis/Identities/takiszourntos/teaching/lambton/2019/fall/ese3025/RTOS/lpc_chip_175x_6x/Debug/liblpc_chip_175x_6x.a(iocon_17xx_40xx.o)
 .debug_aranges
                0x0000000000000410       0x60 /home/takis/Identities/takiszourntos/teaching/lambton/2019/fall/ese3025/RTOS/lpc_chip_175x_6x/Debug/liblpc_chip_175x_6x.a(sysinit_17xx_40xx.o)
 .debug_aranges
                0x0000000000000470      0x128 /home/takis/Identities/takiszourntos/teaching/lambton/2019/fall/ese3025/RTOS/lpc_chip_175x_6x/Debug/liblpc_chip_175x_6x.a(uart_17xx_40xx.o)

.debug_ranges   0x0000000000000000      0x4f8
 .debug_ranges  0x0000000000000000       0x70 ./example/src/cr_startup_lpc175x_6x.o
 .debug_ranges  0x0000000000000070       0x40 ./example/src/pinint.o
 .debug_ranges  0x00000000000000b0       0x10 ./example/src/sysinit.o
 .debug_ranges  0x00000000000000c0      0x150 /home/takis/Identities/takiszourntos/teaching/lambton/2019/fall/ese3025/RTOS/lpc_board_nxp_lpcxpresso_1769/Debug/liblpc_board_nxp_lpcxpresso_1769.a(board.o)
 .debug_ranges  0x0000000000000210       0x28 /home/takis/Identities/takiszourntos/teaching/lambton/2019/fall/ese3025/RTOS/lpc_board_nxp_lpcxpresso_1769/Debug/liblpc_board_nxp_lpcxpresso_1769.a(board_sysinit.o)
 .debug_ranges  0x0000000000000238       0x28 /home/takis/Identities/takiszourntos/teaching/lambton/2019/fall/ese3025/RTOS/lpc_chip_175x_6x/Debug/liblpc_chip_175x_6x.a(chip_17xx_40xx.o)
 .debug_ranges  0x0000000000000260      0x110 /home/takis/Identities/takiszourntos/teaching/lambton/2019/fall/ese3025/RTOS/lpc_chip_175x_6x/Debug/liblpc_chip_175x_6x.a(clock_17xx_40xx.o)
 .debug_ranges  0x0000000000000370       0x20 /home/takis/Identities/takiszourntos/teaching/lambton/2019/fall/ese3025/RTOS/lpc_chip_175x_6x/Debug/liblpc_chip_175x_6x.a(iocon_17xx_40xx.o)
 .debug_ranges  0x0000000000000390       0x50 /home/takis/Identities/takiszourntos/teaching/lambton/2019/fall/ese3025/RTOS/lpc_chip_175x_6x/Debug/liblpc_chip_175x_6x.a(sysinit_17xx_40xx.o)
 .debug_ranges  0x00000000000003e0      0x118 /home/takis/Identities/takiszourntos/teaching/lambton/2019/fall/ese3025/RTOS/lpc_chip_175x_6x/Debug/liblpc_chip_175x_6x.a(uart_17xx_40xx.o)

.debug_macro    0x0000000000000000     0x4cb4
 .debug_macro   0x0000000000000000       0x1d ./example/src/cr_startup_lpc175x_6x.o
 .debug_macro   0x000000000000001d      0xa9c ./example/src/cr_startup_lpc175x_6x.o
 .debug_macro   0x0000000000000ab9      0x22f ./example/src/pinint.o
 .debug_macro   0x0000000000000ce8       0x10 ./example/src/pinint.o
 .debug_macro   0x0000000000000cf8      0x12e ./example/src/pinint.o
 .debug_macro   0x0000000000000e26      0x5b3 ./example/src/pinint.o
 .debug_macro   0x00000000000013d9       0x22 ./example/src/pinint.o
 .debug_macro   0x00000000000013fb       0x7b ./example/src/pinint.o
 .debug_macro   0x0000000000001476       0x10 ./example/src/pinint.o
 .debug_macro   0x0000000000001486       0x2d ./example/src/pinint.o
 .debug_macro   0x00000000000014b3       0x3a ./example/src/pinint.o
 .debug_macro   0x00000000000014ed       0x2d ./example/src/pinint.o
 .debug_macro   0x000000000000151a      0xbb1 ./example/src/pinint.o
 .debug_macro   0x00000000000020cb      0x22c ./example/src/pinint.o
 .debug_macro   0x00000000000022f7       0x42 ./example/src/pinint.o
 .debug_macro   0x0000000000002339       0x52 ./example/src/pinint.o
 .debug_macro   0x000000000000238b       0x78 ./example/src/pinint.o
 .debug_macro   0x0000000000002403       0x82 ./example/src/pinint.o
 .debug_macro   0x0000000000002485      0x48c ./example/src/pinint.o
 .debug_macro   0x0000000000002911       0x34 ./example/src/pinint.o
 .debug_macro   0x0000000000002945      0x4c5 ./example/src/pinint.o
 .debug_macro   0x0000000000002e0a      0x1b7 ./example/src/pinint.o
 .debug_macro   0x0000000000002fc1       0x10 ./example/src/pinint.o
 .debug_macro   0x0000000000002fd1      0x21b ./example/src/pinint.o
 .debug_macro   0x00000000000031ec      0x1b9 ./example/src/pinint.o
 .debug_macro   0x00000000000033a5       0x40 ./example/src/pinint.o
 .debug_macro   0x00000000000033e5       0x22 ./example/src/pinint.o
 .debug_macro   0x0000000000003407      0x162 ./example/src/pinint.o
 .debug_macro   0x0000000000003569       0x94 ./example/src/pinint.o
 .debug_macro   0x00000000000035fd       0xb8 ./example/src/pinint.o
 .debug_macro   0x00000000000036b5       0x4c ./example/src/pinint.o
 .debug_macro   0x0000000000003701       0x16 ./example/src/pinint.o
 .debug_macro   0x0000000000003717      0x328 ./example/src/pinint.o
 .debug_macro   0x0000000000003a3f       0x49 ./example/src/pinint.o
 .debug_macro   0x0000000000003a88       0x16 ./example/src/pinint.o
 .debug_macro   0x0000000000003a9e       0xca ./example/src/pinint.o
 .debug_macro   0x0000000000003b68       0x18 ./example/src/pinint.o
 .debug_macro   0x0000000000003b80       0x70 ./example/src/pinint.o
 .debug_macro   0x0000000000003bf0       0x9a ./example/src/pinint.o
 .debug_macro   0x0000000000003c8a       0x20 ./example/src/pinint.o
 .debug_macro   0x0000000000003caa       0x28 ./example/src/pinint.o
 .debug_macro   0x0000000000003cd2      0x217 ./example/src/sysinit.o
 .debug_macro   0x0000000000003ee9      0x2a1 /home/takis/Identities/takiszourntos/teaching/lambton/2019/fall/ese3025/RTOS/lpc_board_nxp_lpcxpresso_1769/Debug/liblpc_board_nxp_lpcxpresso_1769.a(board.o)
 .debug_macro   0x000000000000418a       0x12 /home/takis/Identities/takiszourntos/teaching/lambton/2019/fall/ese3025/RTOS/lpc_board_nxp_lpcxpresso_1769/Debug/liblpc_board_nxp_lpcxpresso_1769.a(board.o)
 .debug_macro   0x000000000000419c      0x217 /home/takis/Identities/takiszourntos/teaching/lambton/2019/fall/ese3025/RTOS/lpc_board_nxp_lpcxpresso_1769/Debug/liblpc_board_nxp_lpcxpresso_1769.a(board_sysinit.o)
 .debug_macro   0x00000000000043b3      0x1cd /home/takis/Identities/takiszourntos/teaching/lambton/2019/fall/ese3025/RTOS/lpc_chip_175x_6x/Debug/liblpc_chip_175x_6x.a(chip_17xx_40xx.o)
 .debug_macro   0x0000000000004580      0x1cd /home/takis/Identities/takiszourntos/teaching/lambton/2019/fall/ese3025/RTOS/lpc_chip_175x_6x/Debug/liblpc_chip_175x_6x.a(clock_17xx_40xx.o)
 .debug_macro   0x000000000000474d      0x1cd /home/takis/Identities/takiszourntos/teaching/lambton/2019/fall/ese3025/RTOS/lpc_chip_175x_6x/Debug/liblpc_chip_175x_6x.a(iocon_17xx_40xx.o)
 .debug_macro   0x000000000000491a      0x1cd /home/takis/Identities/takiszourntos/teaching/lambton/2019/fall/ese3025/RTOS/lpc_chip_175x_6x/Debug/liblpc_chip_175x_6x.a(sysinit_17xx_40xx.o)
 .debug_macro   0x0000000000004ae7      0x1cd /home/takis/Identities/takiszourntos/teaching/lambton/2019/fall/ese3025/RTOS/lpc_chip_175x_6x/Debug/liblpc_chip_175x_6x.a(uart_17xx_40xx.o)

.debug_line     0x0000000000000000     0x4235
 .debug_line    0x0000000000000000      0x168 ./example/src/cr_startup_lpc175x_6x.o
 .debug_line    0x0000000000000168      0x62e ./example/src/pinint.o
 .debug_line    0x0000000000000796      0x54e ./example/src/sysinit.o
 .debug_line    0x0000000000000ce4      0xaf8 /home/takis/Identities/takiszourntos/teaching/lambton/2019/fall/ese3025/RTOS/lpc_board_nxp_lpcxpresso_1769/Debug/liblpc_board_nxp_lpcxpresso_1769.a(board.o)
 .debug_line    0x00000000000017dc      0x59f /home/takis/Identities/takiszourntos/teaching/lambton/2019/fall/ese3025/RTOS/lpc_board_nxp_lpcxpresso_1769/Debug/liblpc_board_nxp_lpcxpresso_1769.a(board_sysinit.o)
 .debug_line    0x0000000000001d7b      0x539 /home/takis/Identities/takiszourntos/teaching/lambton/2019/fall/ese3025/RTOS/lpc_chip_175x_6x/Debug/liblpc_chip_175x_6x.a(chip_17xx_40xx.o)
 .debug_line    0x00000000000022b4      0x9a0 /home/takis/Identities/takiszourntos/teaching/lambton/2019/fall/ese3025/RTOS/lpc_chip_175x_6x/Debug/liblpc_chip_175x_6x.a(clock_17xx_40xx.o)
 .debug_line    0x0000000000002c54      0x555 /home/takis/Identities/takiszourntos/teaching/lambton/2019/fall/ese3025/RTOS/lpc_chip_175x_6x/Debug/liblpc_chip_175x_6x.a(iocon_17xx_40xx.o)
 .debug_line    0x00000000000031a9      0x612 /home/takis/Identities/takiszourntos/teaching/lambton/2019/fall/ese3025/RTOS/lpc_chip_175x_6x/Debug/liblpc_chip_175x_6x.a(sysinit_17xx_40xx.o)
 .debug_line    0x00000000000037bb      0xa7a /home/takis/Identities/takiszourntos/teaching/lambton/2019/fall/ese3025/RTOS/lpc_chip_175x_6x/Debug/liblpc_chip_175x_6x.a(uart_17xx_40xx.o)

.debug_str      0x0000000000000000    0x137d8
 .debug_str     0x0000000000000000     0x2f94 ./example/src/cr_startup_lpc175x_6x.o
                                       0x2fa7 (size before relaxing)
 .debug_str     0x0000000000002f94     0xe8c0 ./example/src/pinint.o
                                      0x117ba (size before relaxing)
 .debug_str     0x0000000000011854       0x23 ./example/src/sysinit.o
                                      0x11389 (size before relaxing)
 .debug_str     0x0000000000011877      0xf09 /home/takis/Identities/takiszourntos/teaching/lambton/2019/fall/ese3025/RTOS/lpc_board_nxp_lpcxpresso_1769/Debug/liblpc_board_nxp_lpcxpresso_1769.a(board.o)
                                      0x122bb (size before relaxing)
 .debug_str     0x0000000000012780      0x22d /home/takis/Identities/takiszourntos/teaching/lambton/2019/fall/ese3025/RTOS/lpc_board_nxp_lpcxpresso_1769/Debug/liblpc_board_nxp_lpcxpresso_1769.a(board_sysinit.o)
                                      0x11799 (size before relaxing)
 .debug_str     0x00000000000129ad       0xd7 /home/takis/Identities/takiszourntos/teaching/lambton/2019/fall/ese3025/RTOS/lpc_chip_175x_6x/Debug/liblpc_chip_175x_6x.a(chip_17xx_40xx.o)
                                      0x113e9 (size before relaxing)
 .debug_str     0x0000000000012a84      0x857 /home/takis/Identities/takiszourntos/teaching/lambton/2019/fall/ese3025/RTOS/lpc_chip_175x_6x/Debug/liblpc_chip_175x_6x.a(clock_17xx_40xx.o)
                                      0x11a67 (size before relaxing)
 .debug_str     0x00000000000132db       0x79 /home/takis/Identities/takiszourntos/teaching/lambton/2019/fall/ese3025/RTOS/lpc_chip_175x_6x/Debug/liblpc_chip_175x_6x.a(iocon_17xx_40xx.o)
                                      0x10ee4 (size before relaxing)
 .debug_str     0x0000000000013354       0xc4 /home/takis/Identities/takiszourntos/teaching/lambton/2019/fall/ese3025/RTOS/lpc_chip_175x_6x/Debug/liblpc_chip_175x_6x.a(sysinit_17xx_40xx.o)
                                      0x110cc (size before relaxing)
 .debug_str     0x0000000000013418      0x3c0 /home/takis/Identities/takiszourntos/teaching/lambton/2019/fall/ese3025/RTOS/lpc_chip_175x_6x/Debug/liblpc_chip_175x_6x.a(uart_17xx_40xx.o)
                                      0x1193c (size before relaxing)

.comment        0x0000000000000000       0x75
 .comment       0x0000000000000000       0x75 ./example/src/cr_startup_lpc175x_6x.o
                                         0x76 (size before relaxing)
 .comment       0x0000000000000075       0x76 ./example/src/pinint.o
 .comment       0x0000000000000075       0x76 ./example/src/sysinit.o
 .comment       0x0000000000000075       0x76 /home/takis/Identities/takiszourntos/teaching/lambton/2019/fall/ese3025/RTOS/lpc_board_nxp_lpcxpresso_1769/Debug/liblpc_board_nxp_lpcxpresso_1769.a(board.o)
 .comment       0x0000000000000075       0x76 /home/takis/Identities/takiszourntos/teaching/lambton/2019/fall/ese3025/RTOS/lpc_board_nxp_lpcxpresso_1769/Debug/liblpc_board_nxp_lpcxpresso_1769.a(board_sysinit.o)
 .comment       0x0000000000000075       0x76 /home/takis/Identities/takiszourntos/teaching/lambton/2019/fall/ese3025/RTOS/lpc_chip_175x_6x/Debug/liblpc_chip_175x_6x.a(chip_17xx_40xx.o)
 .comment       0x0000000000000075       0x76 /home/takis/Identities/takiszourntos/teaching/lambton/2019/fall/ese3025/RTOS/lpc_chip_175x_6x/Debug/liblpc_chip_175x_6x.a(clock_17xx_40xx.o)
 .comment       0x0000000000000075       0x76 /home/takis/Identities/takiszourntos/teaching/lambton/2019/fall/ese3025/RTOS/lpc_chip_175x_6x/Debug/liblpc_chip_175x_6x.a(iocon_17xx_40xx.o)
 .comment       0x0000000000000075       0x76 /home/takis/Identities/takiszourntos/teaching/lambton/2019/fall/ese3025/RTOS/lpc_chip_175x_6x/Debug/liblpc_chip_175x_6x.a(sysinit_17xx_40xx.o)
 .comment       0x0000000000000075       0x76 /home/takis/Identities/takiszourntos/teaching/lambton/2019/fall/ese3025/RTOS/lpc_chip_175x_6x/Debug/liblpc_chip_175x_6x.a(uart_17xx_40xx.o)
 .comment       0x0000000000000075       0x76 /usr/local/mcuxpressoide-11.0.1_2563/ide/plugins/com.nxp.mcuxpresso.tools.linux_11.0.1.201907311258/tools/bin/../lib/gcc/arm-none-eabi/8.2.1/../../../../arm-none-eabi/lib/thumb/v7-m/nofp/libcr_nohost.a(_cr__main.o)
 .comment       0x0000000000000075       0x76 /usr/local/mcuxpressoide-11.0.1_2563/ide/plugins/com.nxp.mcuxpresso.tools.linux_11.0.1.201907311258/tools/bin/../lib/gcc/arm-none-eabi/8.2.1/../../../../arm-none-eabi/lib/thumb/v7-m/nofp/libcr_c.a(initio.o)
 .comment       0x0000000000000075       0x76 /usr/local/mcuxpressoide-11.0.1_2563/ide/plugins/com.nxp.mcuxpresso.tools.linux_11.0.1.201907311258/tools/bin/../lib/gcc/arm-none-eabi/8.2.1/../../../../arm-none-eabi/lib/thumb/v7-m/nofp/libcr_c.a(setvbuf.o)
 .comment       0x0000000000000075       0x76 /usr/local/mcuxpressoide-11.0.1_2563/ide/plugins/com.nxp.mcuxpresso.tools.linux_11.0.1.201907311258/tools/bin/../lib/gcc/arm-none-eabi/8.2.1/../../../../arm-none-eabi/lib/thumb/v7-m/nofp/libcr_c.a(_fdopen.o)
 .comment       0x0000000000000075       0x76 /usr/local/mcuxpressoide-11.0.1_2563/ide/plugins/com.nxp.mcuxpresso.tools.linux_11.0.1.201907311258/tools/bin/../lib/gcc/arm-none-eabi/8.2.1/../../../../arm-none-eabi/lib/thumb/v7-m/nofp/libcr_c.a(fclose.o)
 .comment       0x0000000000000075       0x76 /usr/local/mcuxpressoide-11.0.1_2563/ide/plugins/com.nxp.mcuxpresso.tools.linux_11.0.1.201907311258/tools/bin/../lib/gcc/arm-none-eabi/8.2.1/../../../../arm-none-eabi/lib/thumb/v7-m/nofp/libcr_c.a(fflush.o)
 .comment       0x0000000000000075       0x76 /usr/local/mcuxpressoide-11.0.1_2563/ide/plugins/com.nxp.mcuxpresso.tools.linux_11.0.1.201907311258/tools/bin/../lib/gcc/arm-none-eabi/8.2.1/../../../../arm-none-eabi/lib/thumb/v7-m/nofp/libcr_c.a(fseek.o)
 .comment       0x0000000000000075       0x76 /usr/local/mcuxpressoide-11.0.1_2563/ide/plugins/com.nxp.mcuxpresso.tools.linux_11.0.1.201907311258/tools/bin/../lib/gcc/arm-none-eabi/8.2.1/../../../../arm-none-eabi/lib/thumb/v7-m/nofp/libcr_c.a(ftell.o)
 .comment       0x0000000000000075       0x76 /usr/local/mcuxpressoide-11.0.1_2563/ide/plugins/com.nxp.mcuxpresso.tools.linux_11.0.1.201907311258/tools/bin/../lib/gcc/arm-none-eabi/8.2.1/../../../../arm-none-eabi/lib/thumb/v7-m/nofp/libcr_c.a(remove.o)
 .comment       0x0000000000000075       0x76 /usr/local/mcuxpressoide-11.0.1_2563/ide/plugins/com.nxp.mcuxpresso.tools.linux_11.0.1.201907311258/tools/bin/../lib/gcc/arm-none-eabi/8.2.1/../../../../arm-none-eabi/lib/thumb/v7-m/nofp/libcr_c.a(strlen.o)
 .comment       0x0000000000000075       0x76 /usr/local/mcuxpressoide-11.0.1_2563/ide/plugins/com.nxp.mcuxpresso.tools.linux_11.0.1.201907311258/tools/bin/../lib/gcc/arm-none-eabi/8.2.1/../../../../arm-none-eabi/lib/thumb/v7-m/nofp/libcr_c.a(memset.o)
 .comment       0x0000000000000075       0x76 /usr/local/mcuxpressoide-11.0.1_2563/ide/plugins/com.nxp.mcuxpresso.tools.linux_11.0.1.201907311258/tools/bin/../lib/gcc/arm-none-eabi/8.2.1/../../../../arm-none-eabi/lib/thumb/v7-m/nofp/libcr_c.a(_do_fflush.o)
 .comment       0x0000000000000075       0x76 /usr/local/mcuxpressoide-11.0.1_2563/ide/plugins/com.nxp.mcuxpresso.tools.linux_11.0.1.201907311258/tools/bin/../lib/gcc/arm-none-eabi/8.2.1/../../../../arm-none-eabi/lib/thumb/v7-m/nofp/libcr_c.a(_fflush.o)
 .comment       0x0000000000000075       0x76 /usr/local/mcuxpressoide-11.0.1_2563/ide/plugins/com.nxp.mcuxpresso.tools.linux_11.0.1.201907311258/tools/bin/../lib/gcc/arm-none-eabi/8.2.1/../../../../arm-none-eabi/lib/thumb/v7-m/nofp/libcr_c.a(_writebuf.o)
 .comment       0x0000000000000075       0x76 /usr/local/mcuxpressoide-11.0.1_2563/ide/plugins/com.nxp.mcuxpresso.tools.linux_11.0.1.201907311258/tools/bin/../lib/gcc/arm-none-eabi/8.2.1/../../../../arm-none-eabi/lib/thumb/v7-m/nofp/libcr_c.a(alloc.o)
 .comment       0x0000000000000075       0x76 /usr/local/mcuxpressoide-11.0.1_2563/ide/plugins/com.nxp.mcuxpresso.tools.linux_11.0.1.201907311258/tools/bin/../lib/gcc/arm-none-eabi/8.2.1/../../../../arm-none-eabi/lib/thumb/v7-m/nofp/libcr_c.a(errno.o)
 .comment       0x0000000000000075       0x76 /usr/local/mcuxpressoide-11.0.1_2563/ide/plugins/com.nxp.mcuxpresso.tools.linux_11.0.1.201907311258/tools/bin/../lib/gcc/arm-none-eabi/8.2.1/../../../../arm-none-eabi/lib/thumb/v7-m/nofp/libcr_c.a(_deferredlazyseek.o)
 .comment       0x0000000000000075       0x76 /usr/local/mcuxpressoide-11.0.1_2563/ide/plugins/com.nxp.mcuxpresso.tools.linux_11.0.1.201907311258/tools/bin/../lib/gcc/arm-none-eabi/8.2.1/../../../../arm-none-eabi/lib/thumb/v7-m/nofp/libcr_nohost.a(__ciob.o)
 .comment       0x0000000000000075       0x76 /usr/local/mcuxpressoide-11.0.1_2563/ide/plugins/com.nxp.mcuxpresso.tools.linux_11.0.1.201907311258/tools/bin/../lib/gcc/arm-none-eabi/8.2.1/../../../../arm-none-eabi/lib/thumb/v7-m/nofp/libcr_nohost.a(__sys_close.o)
 .comment       0x0000000000000075       0x76 /usr/local/mcuxpressoide-11.0.1_2563/ide/plugins/com.nxp.mcuxpresso.tools.linux_11.0.1.201907311258/tools/bin/../lib/gcc/arm-none-eabi/8.2.1/../../../../arm-none-eabi/lib/thumb/v7-m/nofp/libcr_nohost.a(__sys_flen.o)
 .comment       0x0000000000000075       0x76 /usr/local/mcuxpressoide-11.0.1_2563/ide/plugins/com.nxp.mcuxpresso.tools.linux_11.0.1.201907311258/tools/bin/../lib/gcc/arm-none-eabi/8.2.1/../../../../arm-none-eabi/lib/thumb/v7-m/nofp/libcr_nohost.a(__sys_istty.o)
 .comment       0x0000000000000075       0x76 /usr/local/mcuxpressoide-11.0.1_2563/ide/plugins/com.nxp.mcuxpresso.tools.linux_11.0.1.201907311258/tools/bin/../lib/gcc/arm-none-eabi/8.2.1/../../../../arm-none-eabi/lib/thumb/v7-m/nofp/libcr_nohost.a(__sys_remove.o)
 .comment       0x0000000000000075       0x76 /usr/local/mcuxpressoide-11.0.1_2563/ide/plugins/com.nxp.mcuxpresso.tools.linux_11.0.1.201907311258/tools/bin/../lib/gcc/arm-none-eabi/8.2.1/../../../../arm-none-eabi/lib/thumb/v7-m/nofp/libcr_nohost.a(__sys_seek.o)
 .comment       0x0000000000000075       0x76 /usr/local/mcuxpressoide-11.0.1_2563/ide/plugins/com.nxp.mcuxpresso.tools.linux_11.0.1.201907311258/tools/bin/../lib/gcc/arm-none-eabi/8.2.1/../../../../arm-none-eabi/lib/thumb/v7-m/nofp/libcr_nohost.a(__sys_tmpnam.o)

.ARM.attributes
                0x0000000000000000       0x2b
 .ARM.attributes
                0x0000000000000000       0x2d ./example/src/cr_startup_lpc175x_6x.o
 .ARM.attributes
                0x000000000000002d       0x2d ./example/src/pinint.o
 .ARM.attributes
                0x000000000000005a       0x2d ./example/src/sysinit.o
 .ARM.attributes
                0x0000000000000087       0x2d /home/takis/Identities/takiszourntos/teaching/lambton/2019/fall/ese3025/RTOS/lpc_board_nxp_lpcxpresso_1769/Debug/liblpc_board_nxp_lpcxpresso_1769.a(board.o)
 .ARM.attributes
                0x00000000000000b4       0x2d /home/takis/Identities/takiszourntos/teaching/lambton/2019/fall/ese3025/RTOS/lpc_board_nxp_lpcxpresso_1769/Debug/liblpc_board_nxp_lpcxpresso_1769.a(board_sysinit.o)
 .ARM.attributes
                0x00000000000000e1       0x2d /home/takis/Identities/takiszourntos/teaching/lambton/2019/fall/ese3025/RTOS/lpc_chip_175x_6x/Debug/liblpc_chip_175x_6x.a(chip_17xx_40xx.o)
 .ARM.attributes
                0x000000000000010e       0x2d /home/takis/Identities/takiszourntos/teaching/lambton/2019/fall/ese3025/RTOS/lpc_chip_175x_6x/Debug/liblpc_chip_175x_6x.a(clock_17xx_40xx.o)
 .ARM.attributes
                0x000000000000013b       0x2d /home/takis/Identities/takiszourntos/teaching/lambton/2019/fall/ese3025/RTOS/lpc_chip_175x_6x/Debug/liblpc_chip_175x_6x.a(iocon_17xx_40xx.o)
 .ARM.attributes
                0x0000000000000168       0x2d /home/takis/Identities/takiszourntos/teaching/lambton/2019/fall/ese3025/RTOS/lpc_chip_175x_6x/Debug/liblpc_chip_175x_6x.a(sysinit_17xx_40xx.o)
 .ARM.attributes
                0x0000000000000195       0x2d /home/takis/Identities/takiszourntos/teaching/lambton/2019/fall/ese3025/RTOS/lpc_chip_175x_6x/Debug/liblpc_chip_175x_6x.a(uart_17xx_40xx.o)
 .ARM.attributes
                0x00000000000001c2       0x2d /usr/local/mcuxpressoide-11.0.1_2563/ide/plugins/com.nxp.mcuxpresso.tools.linux_11.0.1.201907311258/tools/bin/../lib/gcc/arm-none-eabi/8.2.1/../../../../arm-none-eabi/lib/thumb/v7-m/nofp/libcr_nohost.a(_cr__main.o)
 .ARM.attributes
                0x00000000000001ef       0x2d /usr/local/mcuxpressoide-11.0.1_2563/ide/plugins/com.nxp.mcuxpresso.tools.linux_11.0.1.201907311258/tools/bin/../lib/gcc/arm-none-eabi/8.2.1/../../../../arm-none-eabi/lib/thumb/v7-m/nofp/libcr_c.a(initio.o)
 .ARM.attributes
                0x000000000000021c       0x2d /usr/local/mcuxpressoide-11.0.1_2563/ide/plugins/com.nxp.mcuxpresso.tools.linux_11.0.1.201907311258/tools/bin/../lib/gcc/arm-none-eabi/8.2.1/../../../../arm-none-eabi/lib/thumb/v7-m/nofp/libcr_c.a(setvbuf.o)
 .ARM.attributes
                0x0000000000000249       0x2d /usr/local/mcuxpressoide-11.0.1_2563/ide/plugins/com.nxp.mcuxpresso.tools.linux_11.0.1.201907311258/tools/bin/../lib/gcc/arm-none-eabi/8.2.1/../../../../arm-none-eabi/lib/thumb/v7-m/nofp/libcr_c.a(_fdopen.o)
 .ARM.attributes
                0x0000000000000276       0x2d /usr/local/mcuxpressoide-11.0.1_2563/ide/plugins/com.nxp.mcuxpresso.tools.linux_11.0.1.201907311258/tools/bin/../lib/gcc/arm-none-eabi/8.2.1/../../../../arm-none-eabi/lib/thumb/v7-m/nofp/libcr_c.a(fclose.o)
 .ARM.attributes
                0x00000000000002a3       0x2d /usr/local/mcuxpressoide-11.0.1_2563/ide/plugins/com.nxp.mcuxpresso.tools.linux_11.0.1.201907311258/tools/bin/../lib/gcc/arm-none-eabi/8.2.1/../../../../arm-none-eabi/lib/thumb/v7-m/nofp/libcr_c.a(fflush.o)
 .ARM.attributes
                0x00000000000002d0       0x2d /usr/local/mcuxpressoide-11.0.1_2563/ide/plugins/com.nxp.mcuxpresso.tools.linux_11.0.1.201907311258/tools/bin/../lib/gcc/arm-none-eabi/8.2.1/../../../../arm-none-eabi/lib/thumb/v7-m/nofp/libcr_c.a(fseek.o)
 .ARM.attributes
                0x00000000000002fd       0x2d /usr/local/mcuxpressoide-11.0.1_2563/ide/plugins/com.nxp.mcuxpresso.tools.linux_11.0.1.201907311258/tools/bin/../lib/gcc/arm-none-eabi/8.2.1/../../../../arm-none-eabi/lib/thumb/v7-m/nofp/libcr_c.a(ftell.o)
 .ARM.attributes
                0x000000000000032a       0x2d /usr/local/mcuxpressoide-11.0.1_2563/ide/plugins/com.nxp.mcuxpresso.tools.linux_11.0.1.201907311258/tools/bin/../lib/gcc/arm-none-eabi/8.2.1/../../../../arm-none-eabi/lib/thumb/v7-m/nofp/libcr_c.a(remove.o)
 .ARM.attributes
                0x0000000000000357       0x2d /usr/local/mcuxpressoide-11.0.1_2563/ide/plugins/com.nxp.mcuxpresso.tools.linux_11.0.1.201907311258/tools/bin/../lib/gcc/arm-none-eabi/8.2.1/../../../../arm-none-eabi/lib/thumb/v7-m/nofp/libcr_c.a(strlen.o)
 .ARM.attributes
                0x0000000000000384       0x2d /usr/local/mcuxpressoide-11.0.1_2563/ide/plugins/com.nxp.mcuxpresso.tools.linux_11.0.1.201907311258/tools/bin/../lib/gcc/arm-none-eabi/8.2.1/../../../../arm-none-eabi/lib/thumb/v7-m/nofp/libcr_c.a(memset.o)
 .ARM.attributes
                0x00000000000003b1       0x2d /usr/local/mcuxpressoide-11.0.1_2563/ide/plugins/com.nxp.mcuxpresso.tools.linux_11.0.1.201907311258/tools/bin/../lib/gcc/arm-none-eabi/8.2.1/../../../../arm-none-eabi/lib/thumb/v7-m/nofp/libcr_c.a(_do_fflush.o)
 .ARM.attributes
                0x00000000000003de       0x2d /usr/local/mcuxpressoide-11.0.1_2563/ide/plugins/com.nxp.mcuxpresso.tools.linux_11.0.1.201907311258/tools/bin/../lib/gcc/arm-none-eabi/8.2.1/../../../../arm-none-eabi/lib/thumb/v7-m/nofp/libcr_c.a(_fflush.o)
 .ARM.attributes
                0x000000000000040b       0x2d /usr/local/mcuxpressoide-11.0.1_2563/ide/plugins/com.nxp.mcuxpresso.tools.linux_11.0.1.201907311258/tools/bin/../lib/gcc/arm-none-eabi/8.2.1/../../../../arm-none-eabi/lib/thumb/v7-m/nofp/libcr_c.a(_writebuf.o)
 .ARM.attributes
                0x0000000000000438       0x2d /usr/local/mcuxpressoide-11.0.1_2563/ide/plugins/com.nxp.mcuxpresso.tools.linux_11.0.1.201907311258/tools/bin/../lib/gcc/arm-none-eabi/8.2.1/../../../../arm-none-eabi/lib/thumb/v7-m/nofp/libcr_c.a(alloc.o)
 .ARM.attributes
                0x0000000000000465       0x33 /usr/local/mcuxpressoide-11.0.1_2563/ide/plugins/com.nxp.mcuxpresso.tools.linux_11.0.1.201907311258/tools/bin/../lib/gcc/arm-none-eabi/8.2.1/../../../../arm-none-eabi/lib/thumb/v7-m/nofp/libcr_c.a(errno.o)
 .ARM.attributes
                0x0000000000000498       0x2d /usr/local/mcuxpressoide-11.0.1_2563/ide/plugins/com.nxp.mcuxpresso.tools.linux_11.0.1.201907311258/tools/bin/../lib/gcc/arm-none-eabi/8.2.1/../../../../arm-none-eabi/lib/thumb/v7-m/nofp/libcr_c.a(_deferredlazyseek.o)
 .ARM.attributes
                0x00000000000004c5       0x1b /usr/local/mcuxpressoide-11.0.1_2563/ide/plugins/com.nxp.mcuxpresso.tools.linux_11.0.1.201907311258/tools/bin/../lib/gcc/arm-none-eabi/8.2.1/thumb/v7-m/nofp/libcr_eabihelpers.a(memcpy.o)
 .ARM.attributes
                0x00000000000004e0       0x33 /usr/local/mcuxpressoide-11.0.1_2563/ide/plugins/com.nxp.mcuxpresso.tools.linux_11.0.1.201907311258/tools/bin/../lib/gcc/arm-none-eabi/8.2.1/../../../../arm-none-eabi/lib/thumb/v7-m/nofp/libcr_nohost.a(__ciob.o)
 .ARM.attributes
                0x0000000000000513       0x2d /usr/local/mcuxpressoide-11.0.1_2563/ide/plugins/com.nxp.mcuxpresso.tools.linux_11.0.1.201907311258/tools/bin/../lib/gcc/arm-none-eabi/8.2.1/../../../../arm-none-eabi/lib/thumb/v7-m/nofp/libcr_nohost.a(__sys_close.o)
 .ARM.attributes
                0x0000000000000540       0x2d /usr/local/mcuxpressoide-11.0.1_2563/ide/plugins/com.nxp.mcuxpresso.tools.linux_11.0.1.201907311258/tools/bin/../lib/gcc/arm-none-eabi/8.2.1/../../../../arm-none-eabi/lib/thumb/v7-m/nofp/libcr_nohost.a(__sys_flen.o)
 .ARM.attributes
                0x000000000000056d       0x2d /usr/local/mcuxpressoide-11.0.1_2563/ide/plugins/com.nxp.mcuxpresso.tools.linux_11.0.1.201907311258/tools/bin/../lib/gcc/arm-none-eabi/8.2.1/../../../../arm-none-eabi/lib/thumb/v7-m/nofp/libcr_nohost.a(__sys_istty.o)
 .ARM.attributes
                0x000000000000059a       0x2d /usr/local/mcuxpressoide-11.0.1_2563/ide/plugins/com.nxp.mcuxpresso.tools.linux_11.0.1.201907311258/tools/bin/../lib/gcc/arm-none-eabi/8.2.1/../../../../arm-none-eabi/lib/thumb/v7-m/nofp/libcr_nohost.a(__sys_remove.o)
 .ARM.attributes
                0x00000000000005c7       0x2d /usr/local/mcuxpressoide-11.0.1_2563/ide/plugins/com.nxp.mcuxpresso.tools.linux_11.0.1.201907311258/tools/bin/../lib/gcc/arm-none-eabi/8.2.1/../../../../arm-none-eabi/lib/thumb/v7-m/nofp/libcr_nohost.a(__sys_seek.o)
 .ARM.attributes
                0x00000000000005f4       0x2d /usr/local/mcuxpressoide-11.0.1_2563/ide/plugins/com.nxp.mcuxpresso.tools.linux_11.0.1.201907311258/tools/bin/../lib/gcc/arm-none-eabi/8.2.1/../../../../arm-none-eabi/lib/thumb/v7-m/nofp/libcr_nohost.a(__sys_tmpnam.o)

.debug_frame    0x0000000000000000     0x1508
 .debug_frame   0x0000000000000000      0x170 ./example/src/cr_startup_lpc175x_6x.o
 .debug_frame   0x0000000000000170      0x110 ./example/src/pinint.o
 .debug_frame   0x0000000000000280       0x34 ./example/src/sysinit.o
 .debug_frame   0x00000000000002b4      0x5d4 /home/takis/Identities/takiszourntos/teaching/lambton/2019/fall/ese3025/RTOS/lpc_board_nxp_lpcxpresso_1769/Debug/liblpc_board_nxp_lpcxpresso_1769.a(board.o)
 .debug_frame   0x0000000000000888       0x8c /home/takis/Identities/takiszourntos/teaching/lambton/2019/fall/ese3025/RTOS/lpc_board_nxp_lpcxpresso_1769/Debug/liblpc_board_nxp_lpcxpresso_1769.a(board_sysinit.o)
 .debug_frame   0x0000000000000914       0x88 /home/takis/Identities/takiszourntos/teaching/lambton/2019/fall/ese3025/RTOS/lpc_chip_175x_6x/Debug/liblpc_chip_175x_6x.a(chip_17xx_40xx.o)
 .debug_frame   0x000000000000099c      0x490 /home/takis/Identities/takiszourntos/teaching/lambton/2019/fall/ese3025/RTOS/lpc_chip_175x_6x/Debug/liblpc_chip_175x_6x.a(clock_17xx_40xx.o)
 .debug_frame   0x0000000000000e2c       0x80 /home/takis/Identities/takiszourntos/teaching/lambton/2019/fall/ese3025/RTOS/lpc_chip_175x_6x/Debug/liblpc_chip_175x_6x.a(iocon_17xx_40xx.o)
 .debug_frame   0x0000000000000eac      0x12c /home/takis/Identities/takiszourntos/teaching/lambton/2019/fall/ese3025/RTOS/lpc_chip_175x_6x/Debug/liblpc_chip_175x_6x.a(sysinit_17xx_40xx.o)
 .debug_frame   0x0000000000000fd8      0x530 /home/takis/Identities/takiszourntos/teaching/lambton/2019/fall/ese3025/RTOS/lpc_chip_175x_6x/Debug/liblpc_chip_175x_6x.a(uart_17xx_40xx.o)
